<?xml version="1.0"?>
<link_info>
   <banner>TI ARM Linker PC v5.2.8</banner>
   <copyright>Copyright (c) 1996-2015 Texas Instruments Incorporated</copyright>
   <link_time>0x57f21b49</link_time>
   <link_errors>0x0</link_errors>
   <output_file>GyroTest.out</output_file>
   <entry_point>
      <name>_c_int00</name>
      <address>0x4ec9</address>
   </entry_point>
   <input_file_list>
      <input_file id="fl-2">
         <path>.\</path>
         <kind>object</kind>
         <file>airmouse.obj</file>
         <name>airmouse.obj</name>
      </input_file>
      <input_file id="fl-3">
         <path>.\</path>
         <kind>object</kind>
         <file>motion.obj</file>
         <name>motion.obj</name>
      </input_file>
      <input_file id="fl-4">
         <path>.\</path>
         <kind>object</kind>
         <file>remoti_uart.obj</file>
         <name>remoti_uart.obj</name>
      </input_file>
      <input_file id="fl-5">
         <path>.\</path>
         <kind>object</kind>
         <file>startup_ccs.obj</file>
         <name>startup_ccs.obj</name>
      </input_file>
      <input_file id="fl-6">
         <path>.\drivers\</path>
         <kind>object</kind>
         <file>buttons.obj</file>
         <name>buttons.obj</name>
      </input_file>
      <input_file id="fl-7">
         <path>.\drivers\</path>
         <kind>object</kind>
         <file>rgb.obj</file>
         <name>rgb.obj</name>
      </input_file>
      <input_file id="fl-8">
         <path>.\utils\</path>
         <kind>object</kind>
         <file>ringbuf.obj</file>
         <name>ringbuf.obj</name>
      </input_file>
      <input_file id="fl-9">
         <path>.\utils\</path>
         <kind>object</kind>
         <file>uartstdio.obj</file>
         <name>uartstdio.obj</name>
      </input_file>
      <input_file id="fl-132">
         <path>C:\ti\ccsv6\tools\compiler\arm_5.2.8\lib\</path>
         <kind>archive</kind>
         <file>rtsv7M4_T_le_v4SPD16_eabi.lib</file>
         <name>boot.obj</name>
      </input_file>
      <input_file id="fl-133">
         <path>C:\ti\ccsv6\tools\compiler\arm_5.2.8\lib\</path>
         <kind>archive</kind>
         <file>rtsv7M4_T_le_v4SPD16_eabi.lib</file>
         <name>copy_decompress_none.obj</name>
      </input_file>
      <input_file id="fl-134">
         <path>C:\ti\ccsv6\tools\compiler\arm_5.2.8\lib\</path>
         <kind>archive</kind>
         <file>rtsv7M4_T_le_v4SPD16_eabi.lib</file>
         <name>copy_decompress_rle.obj</name>
      </input_file>
      <input_file id="fl-135">
         <path>C:\ti\ccsv6\tools\compiler\arm_5.2.8\lib\</path>
         <kind>archive</kind>
         <file>rtsv7M4_T_le_v4SPD16_eabi.lib</file>
         <name>copy_zero_init.obj</name>
      </input_file>
      <input_file id="fl-136">
         <path>C:\ti\ccsv6\tools\compiler\arm_5.2.8\lib\</path>
         <kind>archive</kind>
         <file>rtsv7M4_T_le_v4SPD16_eabi.lib</file>
         <name>exit.obj</name>
      </input_file>
      <input_file id="fl-137">
         <path>C:\ti\ccsv6\tools\compiler\arm_5.2.8\lib\</path>
         <kind>archive</kind>
         <file>rtsv7M4_T_le_v4SPD16_eabi.lib</file>
         <name>fd_cmp_t2.obj</name>
      </input_file>
      <input_file id="fl-138">
         <path>C:\ti\ccsv6\tools\compiler\arm_5.2.8\lib\</path>
         <kind>archive</kind>
         <file>rtsv7M4_T_le_v4SPD16_eabi.lib</file>
         <name>fs_tod_t2.obj</name>
      </input_file>
      <input_file id="fl-139">
         <path>C:\ti\ccsv6\tools\compiler\arm_5.2.8\lib\</path>
         <kind>archive</kind>
         <file>rtsv7M4_T_le_v4SPD16_eabi.lib</file>
         <name>fs_toull_t2.obj</name>
      </input_file>
      <input_file id="fl-13a">
         <path>C:\ti\ccsv6\tools\compiler\arm_5.2.8\lib\</path>
         <kind>archive</kind>
         <file>rtsv7M4_T_le_v4SPD16_eabi.lib</file>
         <name>memcpy_t2.obj</name>
      </input_file>
      <input_file id="fl-13b">
         <path>C:\ti\ccsv6\tools\compiler\arm_5.2.8\lib\</path>
         <kind>archive</kind>
         <file>rtsv7M4_T_le_v4SPD16_eabi.lib</file>
         <name>memset_t2.obj</name>
      </input_file>
      <input_file id="fl-13c">
         <path>C:\ti\ccsv6\tools\compiler\arm_5.2.8\lib\</path>
         <kind>archive</kind>
         <file>rtsv7M4_T_le_v4SPD16_eabi.lib</file>
         <name>pre_init.obj</name>
      </input_file>
      <input_file id="fl-13d">
         <path>C:\ti\ccsv6\tools\compiler\arm_5.2.8\lib\</path>
         <kind>archive</kind>
         <file>rtsv7M4_T_le_v4SPD16_eabi.lib</file>
         <name>sprintf.obj</name>
      </input_file>
      <input_file id="fl-13e">
         <path>C:\ti\ccsv6\tools\compiler\arm_5.2.8\lib\</path>
         <kind>archive</kind>
         <file>rtsv7M4_T_le_v4SPD16_eabi.lib</file>
         <name>stkdepth_vars.obj</name>
      </input_file>
      <input_file id="fl-13f">
         <path>C:\ti\ccsv6\tools\compiler\arm_5.2.8\lib\</path>
         <kind>archive</kind>
         <file>rtsv7M4_T_le_v4SPD16_eabi.lib</file>
         <name>u_divt2.obj</name>
      </input_file>
      <input_file id="fl-140">
         <path>C:\ti\ccsv6\tools\compiler\arm_5.2.8\lib\</path>
         <kind>archive</kind>
         <file>rtsv7M4_T_le_v4SPD16_eabi.lib</file>
         <name>_lock.obj</name>
      </input_file>
      <input_file id="fl-141">
         <path>C:\ti\ccsv6\tools\compiler\arm_5.2.8\lib\</path>
         <kind>archive</kind>
         <file>rtsv7M4_T_le_v4SPD16_eabi.lib</file>
         <name>_printfi.obj</name>
      </input_file>
      <input_file id="fl-142">
         <path>C:\ti\ccsv6\tools\compiler\arm_5.2.8\lib\</path>
         <kind>archive</kind>
         <file>rtsv7M4_T_le_v4SPD16_eabi.lib</file>
         <name>args_main.obj</name>
      </input_file>
      <input_file id="fl-143">
         <path>C:\ti\ccsv6\tools\compiler\arm_5.2.8\lib\</path>
         <kind>archive</kind>
         <file>rtsv7M4_T_le_v4SPD16_eabi.lib</file>
         <name>atoi.obj</name>
      </input_file>
      <input_file id="fl-144">
         <path>C:\ti\ccsv6\tools\compiler\arm_5.2.8\lib\</path>
         <kind>archive</kind>
         <file>rtsv7M4_T_le_v4SPD16_eabi.lib</file>
         <name>autoinit.obj</name>
      </input_file>
      <input_file id="fl-145">
         <path>C:\ti\ccsv6\tools\compiler\arm_5.2.8\lib\</path>
         <kind>archive</kind>
         <file>rtsv7M4_T_le_v4SPD16_eabi.lib</file>
         <name>cpy_tbl.obj</name>
      </input_file>
      <input_file id="fl-146">
         <path>C:\ti\ccsv6\tools\compiler\arm_5.2.8\lib\</path>
         <kind>archive</kind>
         <file>rtsv7M4_T_le_v4SPD16_eabi.lib</file>
         <name>ctype.obj</name>
      </input_file>
      <input_file id="fl-147">
         <path>C:\ti\ccsv6\tools\compiler\arm_5.2.8\lib\</path>
         <kind>archive</kind>
         <file>rtsv7M4_T_le_v4SPD16_eabi.lib</file>
         <name>fd_add_t2.obj</name>
      </input_file>
      <input_file id="fl-148">
         <path>C:\ti\ccsv6\tools\compiler\arm_5.2.8\lib\</path>
         <kind>archive</kind>
         <file>rtsv7M4_T_le_v4SPD16_eabi.lib</file>
         <name>fd_div_t2.obj</name>
      </input_file>
      <input_file id="fl-149">
         <path>C:\ti\ccsv6\tools\compiler\arm_5.2.8\lib\</path>
         <kind>archive</kind>
         <file>rtsv7M4_T_le_v4SPD16_eabi.lib</file>
         <name>fd_mul_t2.obj</name>
      </input_file>
      <input_file id="fl-14a">
         <path>C:\ti\ccsv6\tools\compiler\arm_5.2.8\lib\</path>
         <kind>archive</kind>
         <file>rtsv7M4_T_le_v4SPD16_eabi.lib</file>
         <name>fd_toi_t2.obj</name>
      </input_file>
      <input_file id="fl-14b">
         <path>C:\ti\ccsv6\tools\compiler\arm_5.2.8\lib\</path>
         <kind>archive</kind>
         <file>rtsv7M4_T_le_v4SPD16_eabi.lib</file>
         <name>frexp.obj</name>
      </input_file>
      <input_file id="fl-14c">
         <path>C:\ti\ccsv6\tools\compiler\arm_5.2.8\lib\</path>
         <kind>archive</kind>
         <file>rtsv7M4_T_le_v4SPD16_eabi.lib</file>
         <name>i_div0.obj</name>
      </input_file>
      <input_file id="fl-14d">
         <path>C:\ti\ccsv6\tools\compiler\arm_5.2.8\lib\</path>
         <kind>archive</kind>
         <file>rtsv7M4_T_le_v4SPD16_eabi.lib</file>
         <name>i_tofd_t2.obj</name>
      </input_file>
      <input_file id="fl-14e">
         <path>C:\ti\ccsv6\tools\compiler\arm_5.2.8\lib\</path>
         <kind>archive</kind>
         <file>rtsv7M4_T_le_v4SPD16_eabi.lib</file>
         <name>ldexp.obj</name>
      </input_file>
      <input_file id="fl-14f">
         <path>C:\ti\ccsv6\tools\compiler\arm_5.2.8\lib\</path>
         <kind>archive</kind>
         <file>rtsv7M4_T_le_v4SPD16_eabi.lib</file>
         <name>ltoa.obj</name>
      </input_file>
      <input_file id="fl-150">
         <path>C:\ti\ccsv6\tools\compiler\arm_5.2.8\lib\</path>
         <kind>archive</kind>
         <file>rtsv7M4_T_le_v4SPD16_eabi.lib</file>
         <name>memccpy.obj</name>
      </input_file>
      <input_file id="fl-151">
         <path>C:\ti\ccsv6\tools\compiler\arm_5.2.8\lib\</path>
         <kind>archive</kind>
         <file>rtsv7M4_T_le_v4SPD16_eabi.lib</file>
         <name>strchr.obj</name>
      </input_file>
      <input_file id="fl-152">
         <path>C:\ti\ccsv6\tools\compiler\arm_5.2.8\lib\</path>
         <kind>archive</kind>
         <file>rtsv7M4_T_le_v4SPD16_eabi.lib</file>
         <name>strlen.obj</name>
      </input_file>
      <input_file id="fl-153">
         <path>C:\ti\ccsv6\tools\compiler\arm_5.2.8\lib\</path>
         <kind>archive</kind>
         <file>rtsv7M4_T_le_v4SPD16_eabi.lib</file>
         <name>ull_div_t2.obj</name>
      </input_file>
      <input_file id="fl-154">
         <path>C:\ti\ccsv6\tools\compiler\arm_5.2.8\lib\</path>
         <kind>archive</kind>
         <file>rtsv7M4_T_le_v4SPD16_eabi.lib</file>
         <name>xdclass.obj</name>
      </input_file>
      <input_file id="fl-155">
         <path>C:\ti\ccsv6\tools\compiler\arm_5.2.8\lib\</path>
         <kind>archive</kind>
         <file>rtsv7M4_T_le_v4SPD16_eabi.lib</file>
         <name>xdscale.obj</name>
      </input_file>
      <input_file id="fl-156">
         <path>C:\ti\ccsv6\tools\compiler\arm_5.2.8\lib\</path>
         <kind>archive</kind>
         <file>rtsv7M4_T_le_v4SPD16_eabi.lib</file>
         <name>xdunscal.obj</name>
      </input_file>
      <input_file id="fl-157">
         <path>C:\ti\ccsv6\tools\compiler\arm_5.2.8\lib\</path>
         <kind>archive</kind>
         <file>rtsv7M4_T_le_v4SPD16_eabi.lib</file>
         <name>xferaise.obj</name>
      </input_file>
      <input_file id="fl-158">
         <path>C:\ti\ccsv6\tools\compiler\arm_5.2.8\lib\</path>
         <kind>archive</kind>
         <file>rtsv7M4_T_le_v4SPD16_eabi.lib</file>
         <name>xvalues.obj</name>
      </input_file>
      <input_file id="fl-159">
         <path>C:\ti\ccsv6\tools\compiler\arm_5.2.8\lib\</path>
         <kind>archive</kind>
         <file>rtsv7M4_T_le_v4SPD16_eabi.lib</file>
         <name>errno.obj</name>
      </input_file>
      <input_file id="fl-15a">
         <path>C:\ti\ccsv6\tools\compiler\arm_5.2.8\lib\</path>
         <kind>archive</kind>
         <file>rtsv7M4_T_le_v4SPD16_eabi.lib</file>
         <name>feraiseexcept.obj</name>
      </input_file>
      <input_file id="fl-15b">
         <path>C:\ti\ccsv6\tools\compiler\arm_5.2.8\lib\</path>
         <kind>archive</kind>
         <file>rtsv7M4_T_le_v4SPD16_eabi.lib</file>
         <name>raise.obj</name>
      </input_file>
      <input_file id="fl-15c">
         <path>C:\ti\ccsv6\tools\compiler\arm_5.2.8\lib\</path>
         <kind>archive</kind>
         <file>rtsv7M4_T_le_v4SPD16_eabi.lib</file>
         <name>signal.obj</name>
      </input_file>
      <input_file id="fl-15d">
         <path>C:\ti\ccsv6\tools\compiler\arm_5.2.8\lib\</path>
         <kind>archive</kind>
         <file>rtsv7M4_T_le_v4SPD16_eabi.lib</file>
         <name>xdnorm.obj</name>
      </input_file>
      <input_file id="fl-15e">
         <path>C:\ti\TivaWare_C_Series-2.1.3.156\driverlib\ccs\Debug\</path>
         <kind>archive</kind>
         <file>driverlib.lib</file>
         <name>fpu.obj</name>
      </input_file>
      <input_file id="fl-15f">
         <path>C:\ti\TivaWare_C_Series-2.1.3.156\driverlib\ccs\Debug\</path>
         <kind>archive</kind>
         <file>driverlib.lib</file>
         <name>gpio.obj</name>
      </input_file>
      <input_file id="fl-160">
         <path>C:\ti\TivaWare_C_Series-2.1.3.156\driverlib\ccs\Debug\</path>
         <kind>archive</kind>
         <file>driverlib.lib</file>
         <name>interrupt.obj</name>
      </input_file>
      <input_file id="fl-161">
         <path>C:\ti\TivaWare_C_Series-2.1.3.156\driverlib\ccs\Debug\</path>
         <kind>archive</kind>
         <file>driverlib.lib</file>
         <name>sysctl.obj</name>
      </input_file>
      <input_file id="fl-162">
         <path>C:\ti\TivaWare_C_Series-2.1.3.156\driverlib\ccs\Debug\</path>
         <kind>archive</kind>
         <file>driverlib.lib</file>
         <name>uart.obj</name>
      </input_file>
      <input_file id="fl-163">
         <path>C:\ti\TivaWare_C_Series-2.1.3.156\driverlib\ccs\Debug\</path>
         <kind>archive</kind>
         <file>driverlib.lib</file>
         <name>cpu.obj</name>
      </input_file>
      <input_file id="fl-164">
         <path>C:\ti\TivaWare_C_Series-2.1.3.156\usblib\ccs\Debug\</path>
         <kind>archive</kind>
         <file>usblib.lib</file>
         <name>usbdhandler.obj</name>
      </input_file>
      <input_file id="fl-165">
         <path>C:\ti\TivaWare_C_Series-2.1.3.156\usblib\ccs\Debug\</path>
         <kind>archive</kind>
         <file>usblib.lib</file>
         <name>usbdenum.obj</name>
      </input_file>
      <input_file id="fl-166">
         <path>C:\ti\TivaWare_C_Series-2.1.3.156\usblib\ccs\Debug\</path>
         <kind>archive</kind>
         <file>usblib.lib</file>
         <name>usbdma.obj</name>
      </input_file>
      <input_file id="fl-167">
         <path>C:\ti\TivaWare_C_Series-2.1.3.156\usblib\ccs\Debug\</path>
         <kind>archive</kind>
         <file>usblib.lib</file>
         <name>usbmode.obj</name>
      </input_file>
      <input_file id="fl-168">
         <path>C:\ti\TivaWare_C_Series-2.1.3.156\usblib\ccs\Debug\</path>
         <kind>archive</kind>
         <file>usblib.lib</file>
         <name>usbtick.obj</name>
      </input_file>
      <input_file id="fl-169">
         <path>C:\ti\TivaWare_C_Series-2.1.3.156\usblib\ccs\Debug\</path>
         <kind>archive</kind>
         <file>usblib.lib</file>
         <name>usbulpi.obj</name>
      </input_file>
      <input_file id="fl-16a">
         <path>C:\ti\TivaWare_C_Series-2.1.3.156\usblib\ccs\Debug\</path>
         <kind>archive</kind>
         <file>usblib.lib</file>
         <name>usbhostenum.obj</name>
      </input_file>
      <input_file id="fl-16b">
         <path>C:\ti\TivaWare_C_Series-2.1.3.156\usblib\ccs\Debug\</path>
         <kind>archive</kind>
         <file>usblib.lib</file>
         <name>usbdcdesc.obj</name>
      </input_file>
      <input_file id="fl-16c">
         <path>C:\ti\TivaWare_C_Series-2.1.3.156\usblib\ccs\Debug\</path>
         <kind>archive</kind>
         <file>usblib.lib</file>
         <name>usbdconfig.obj</name>
      </input_file>
      <input_file id="fl-16d">
         <path>C:\ti\TivaWare_C_Series-2.1.3.156\usblib\ccs\Debug\</path>
         <kind>archive</kind>
         <file>usblib.lib</file>
         <name>usbdesc.obj</name>
      </input_file>
      <input_file id="fl-16e">
         <path>C:\ti\TivaWare_C_Series-2.1.3.156\usblib\ccs\Debug\</path>
         <kind>archive</kind>
         <file>usblib.lib</file>
         <name>usbhhub.obj</name>
      </input_file>
      <input_file id="fl-16f">
         <path>C:\ti\TivaWare_C_Series-2.1.3.156\sensorlib\ccs\Debug\</path>
         <kind>archive</kind>
         <file>sensorlib.lib</file>
         <name>comp_dcm.obj</name>
      </input_file>
      <input_file id="fl-170">
         <path>C:\ti\TivaWare_C_Series-2.1.3.156\sensorlib\ccs\Debug\</path>
         <kind>archive</kind>
         <file>sensorlib.lib</file>
         <name>i2cm_drv.obj</name>
      </input_file>
      <input_file id="fl-171">
         <path>C:\ti\TivaWare_C_Series-2.1.3.156\sensorlib\ccs\Debug\</path>
         <kind>archive</kind>
         <file>sensorlib.lib</file>
         <name>mpu9150.obj</name>
      </input_file>
      <input_file id="fl-172">
         <path>C:\ti\TivaWare_C_Series-2.1.3.156\sensorlib\ccs\Debug\</path>
         <kind>archive</kind>
         <file>sensorlib.lib</file>
         <name>vector.obj</name>
      </input_file>
      <input_file id="fl-173">
         <path>C:\ti\ccsv6\tools\compiler\arm_5.2.8\lib\</path>
         <kind>archive</kind>
         <file>rtsv7M4_T_le_v4SPD16_eabi.lib</file>
         <name>asinf.obj</name>
      </input_file>
      <input_file id="fl-174">
         <path>C:\ti\ccsv6\tools\compiler\arm_5.2.8\lib\</path>
         <kind>archive</kind>
         <file>rtsv7M4_T_le_v4SPD16_eabi.lib</file>
         <name>atan2f.obj</name>
      </input_file>
      <input_file id="fl-175">
         <path>C:\ti\ccsv6\tools\compiler\arm_5.2.8\lib\</path>
         <kind>archive</kind>
         <file>rtsv7M4_T_le_v4SPD16_eabi.lib</file>
         <name>fd_tos_t2.obj</name>
      </input_file>
      <input_file id="fl-176">
         <path>C:\ti\ccsv6\tools\compiler\arm_5.2.8\lib\</path>
         <kind>archive</kind>
         <file>rtsv7M4_T_le_v4SPD16_eabi.lib</file>
         <name>sqrtf.obj</name>
      </input_file>
      <input_file id="fl-177">
         <path>C:\ti\ccsv6\tools\compiler\arm_5.2.8\lib\</path>
         <kind>archive</kind>
         <file>rtsv7M4_T_le_v4SPD16_eabi.lib</file>
         <name>xfatan.obj</name>
      </input_file>
      <input_file id="fl-178">
         <path>C:\ti\ccsv6\tools\compiler\arm_5.2.8\lib\</path>
         <kind>archive</kind>
         <file>rtsv7M4_T_le_v4SPD16_eabi.lib</file>
         <name>xfdclass.obj</name>
      </input_file>
      <input_file id="fl-179">
         <path>C:\ti\ccsv6\tools\compiler\arm_5.2.8\lib\</path>
         <kind>archive</kind>
         <file>rtsv7M4_T_le_v4SPD16_eabi.lib</file>
         <name>xfvalues.obj</name>
      </input_file>
      <input_file id="fl-17a">
         <path>C:\ti\TivaWare_C_Series-2.1.3.156\driverlib\ccs\Debug\</path>
         <kind>archive</kind>
         <file>driverlib.lib</file>
         <name>i2c.obj</name>
      </input_file>
      <input_file id="fl-17b">
         <path>C:\ti\TivaWare_C_Series-2.1.3.156\driverlib\ccs\Debug\</path>
         <kind>archive</kind>
         <file>driverlib.lib</file>
         <name>udma.obj</name>
      </input_file>
      <input_file id="fl-17c">
         <path>C:\ti\TivaWare_C_Series-2.1.3.156\driverlib\ccs\Debug\</path>
         <kind>archive</kind>
         <file>driverlib.lib</file>
         <name>usb.obj</name>
      </input_file>
   </input_file_list>
   <object_component_list>
      <object_component id="oc-f">
         <name>.intvecs</name>
         <load_address>0x0</load_address>
         <run_address>0x0</run_address>
         <size>0x26c</size>
         <input_file_ref idref="fl-5"/>
      </object_component>
      <object_component id="oc-58c">
         <name>.text</name>
         <load_address>0x26c</load_address>
         <run_address>0x26c</run_address>
         <size>0x10ba</size>
         <input_file_ref idref="fl-141"/>
      </object_component>
      <object_component id="oc-36">
         <name>.text:FaultISR</name>
         <load_address>0x1326</load_address>
         <run_address>0x1326</run_address>
         <size>0x2</size>
         <input_file_ref idref="fl-5"/>
      </object_component>
      <object_component id="oc-200">
         <name>.text:CompDCMUpdate</name>
         <load_address>0x1328</load_address>
         <run_address>0x1328</run_address>
         <size>0x290</size>
         <input_file_ref idref="fl-16f"/>
      </object_component>
      <object_component id="oc-4be">
         <name>.text:GestureEmitClassify</name>
         <load_address>0x15b8</load_address>
         <run_address>0x15b8</run_address>
         <size>0x248</size>
         <input_file_ref idref="fl-3"/>
      </object_component>
      <object_component id="oc-647">
         <name>.text</name>
         <load_address>0x1800</load_address>
         <run_address>0x1800</run_address>
         <size>0x1f4</size>
         <input_file_ref idref="fl-153"/>
      </object_component>
      <object_component id="oc-45f">
         <name>.text:UARTvprintf</name>
         <load_address>0x19f4</load_address>
         <run_address>0x19f4</run_address>
         <size>0x1ea</size>
         <input_file_ref idref="fl-9"/>
      </object_component>
      <object_component id="oc-3c">
         <name>.text:IntDefaultHandler</name>
         <load_address>0x1bde</load_address>
         <run_address>0x1bde</run_address>
         <size>0x2</size>
         <input_file_ref idref="fl-5"/>
      </object_component>
      <object_component id="oc-318">
         <name>.text:MotionInit</name>
         <load_address>0x1be0</load_address>
         <run_address>0x1be0</run_address>
         <size>0x1b8</size>
         <input_file_ref idref="fl-3"/>
      </object_component>
      <object_component id="oc-39f">
         <name>.text</name>
         <load_address>0x1d98</load_address>
         <run_address>0x1d98</run_address>
         <size>0x1b6</size>
         <input_file_ref idref="fl-147"/>
      </object_component>
      <object_component id="oc-30">
         <name>.text:NmiSR</name>
         <load_address>0x1f4e</load_address>
         <run_address>0x1f4e</run_address>
         <size>0x2</size>
         <input_file_ref idref="fl-5"/>
      </object_component>
      <object_component id="oc-1c7">
         <name>.text:MPU9150Callback</name>
         <load_address>0x1f50</load_address>
         <run_address>0x1f50</run_address>
         <size>0x194</size>
         <input_file_ref idref="fl-171"/>
      </object_component>
      <object_component id="oc-31e">
         <name>.text:MotionMain</name>
         <load_address>0x20e4</load_address>
         <run_address>0x20e4</run_address>
         <size>0x170</size>
         <input_file_ref idref="fl-3"/>
      </object_component>
      <object_component id="oc-4e">
         <name>.text:UARTStdioIntHandler</name>
         <load_address>0x2254</load_address>
         <run_address>0x2254</run_address>
         <size>0x160</size>
         <input_file_ref idref="fl-9"/>
      </object_component>
      <object_component id="oc-408">
         <name>.text:USBDEP0StateTxConfig</name>
         <load_address>0x23b4</load_address>
         <run_address>0x23b4</run_address>
         <size>0x150</size>
         <input_file_ref idref="fl-165"/>
      </object_component>
      <object_component id="oc-13f">
         <name>.text:USBDeviceIntHandlerInternal</name>
         <load_address>0x2504</load_address>
         <run_address>0x2504</run_address>
         <size>0x150</size>
         <input_file_ref idref="fl-165"/>
      </object_component>
      <object_component id="oc-6c5">
         <name>.text:USBDeviceConfig</name>
         <load_address>0x2654</load_address>
         <run_address>0x2654</run_address>
         <size>0x148</size>
         <input_file_ref idref="fl-16c"/>
      </object_component>
      <object_component id="oc-652">
         <name>.text</name>
         <load_address>0x279c</load_address>
         <run_address>0x279c</run_address>
         <size>0x136</size>
         <input_file_ref idref="fl-148"/>
      </object_component>
      <object_component id="oc-54e">
         <name>.text:GPIOPadConfigSet</name>
         <load_address>0x28d2</load_address>
         <run_address>0x28d2</run_address>
         <size>0x132</size>
         <input_file_ref idref="fl-15f"/>
      </object_component>
      <object_component id="oc-57f">
         <name>.text</name>
         <load_address>0x2a04</load_address>
         <run_address>0x2a04</run_address>
         <size>0x118</size>
         <input_file_ref idref="fl-174"/>
      </object_component>
      <object_component id="oc-70b">
         <name>.text</name>
         <load_address>0x2b1c</load_address>
         <run_address>0x2b1c</run_address>
         <size>0x110</size>
         <input_file_ref idref="fl-155"/>
      </object_component>
      <object_component id="oc-114">
         <name>.text:RemoTIUARTRxHandler</name>
         <load_address>0x2c2c</load_address>
         <run_address>0x2c2c</run_address>
         <size>0x108</size>
         <input_file_ref idref="fl-4"/>
      </object_component>
      <object_component id="oc-d5">
         <name>.text:MotionCallback</name>
         <load_address>0x2d34</load_address>
         <run_address>0x2d34</run_address>
         <size>0x104</size>
         <input_file_ref idref="fl-3"/>
      </object_component>
      <object_component id="oc-312">
         <name>.text:RGBInit</name>
         <load_address>0x2e38</load_address>
         <run_address>0x2e38</run_address>
         <size>0x100</size>
         <input_file_ref idref="fl-7"/>
      </object_component>
      <object_component id="oc-372">
         <name>.text</name>
         <load_address>0x2f38</load_address>
         <run_address>0x2f38</run_address>
         <size>0xfc</size>
         <input_file_ref idref="fl-149"/>
      </object_component>
      <object_component id="oc-146">
         <name>.text:I2CMIntHandler</name>
         <load_address>0x3034</load_address>
         <run_address>0x3034</run_address>
         <size>0xf2</size>
         <input_file_ref idref="fl-170"/>
      </object_component>
      <object_component id="oc-621">
         <name>.text</name>
         <load_address>0x3126</load_address>
         <run_address>0x3126</run_address>
         <size>0x2</size>
         <input_file_ref idref="fl-14c"/>
      </object_component>
      <object_component id="oc-5ed">
         <name>.text:USBDGetDescriptor</name>
         <load_address>0x3128</load_address>
         <run_address>0x3128</run_address>
         <size>0xe4</size>
         <input_file_ref idref="fl-165"/>
      </object_component>
      <object_component id="oc-181">
         <name>.text:main</name>
         <load_address>0x320c</load_address>
         <run_address>0x320c</run_address>
         <size>0xe4</size>
         <input_file_ref idref="fl-2"/>
      </object_component>
      <object_component id="oc-4c4">
         <name>.text:GestureUpdate</name>
         <load_address>0x32f0</load_address>
         <run_address>0x32f0</run_address>
         <size>0xd8</size>
         <input_file_ref idref="fl-3"/>
      </object_component>
      <object_component id="oc-280">
         <name>.text:USBDeviceEnumHandler</name>
         <load_address>0x33c8</load_address>
         <run_address>0x33c8</run_address>
         <size>0xd8</size>
         <input_file_ref idref="fl-165"/>
      </object_component>
      <object_component id="oc-156">
         <name>.text:RGBEnable</name>
         <load_address>0x34a0</load_address>
         <run_address>0x34a0</run_address>
         <size>0xc0</size>
         <input_file_ref idref="fl-7"/>
      </object_component>
      <object_component id="oc-777">
         <name>.text</name>
         <load_address>0x3560</load_address>
         <run_address>0x3560</run_address>
         <size>0xbe</size>
         <input_file_ref idref="fl-15d"/>
      </object_component>
      <object_component id="oc-585">
         <name>.text</name>
         <load_address>0x3620</load_address>
         <run_address>0x3620</run_address>
         <size>0xb4</size>
         <input_file_ref idref="fl-173"/>
      </object_component>
      <object_component id="oc-4ac">
         <name>.text:CompDCMStart</name>
         <load_address>0x36d4</load_address>
         <run_address>0x36d4</run_address>
         <size>0xb0</size>
         <input_file_ref idref="fl-16f"/>
      </object_component>
      <object_component id="oc-458">
         <name>.text:UARTStdioConfig</name>
         <load_address>0x3784</load_address>
         <run_address>0x3784</run_address>
         <size>0xb0</size>
         <input_file_ref idref="fl-9"/>
      </object_component>
      <object_component id="oc-ed">
         <name>.text:UARTwrite</name>
         <load_address>0x3834</load_address>
         <run_address>0x3834</run_address>
         <size>0xa8</size>
         <input_file_ref idref="fl-9"/>
      </object_component>
      <object_component id="oc-63a">
         <name>.text</name>
         <load_address>0x38dc</load_address>
         <run_address>0x38dc</run_address>
         <size>0xa8</size>
         <input_file_ref idref="fl-177"/>
      </object_component>
      <object_component id="oc-1e8">
         <name>.text:MPU9150DataMagnetoGetFloat</name>
         <load_address>0x3984</load_address>
         <run_address>0x3984</run_address>
         <size>0x9c</size>
         <input_file_ref idref="fl-171"/>
      </object_component>
      <object_component id="oc-48a">
         <name>.text:MPU9150Write</name>
         <load_address>0x3a20</load_address>
         <run_address>0x3a20</run_address>
         <size>0x9c</size>
         <input_file_ref idref="fl-171"/>
      </object_component>
      <object_component id="oc-6f">
         <name>.text</name>
         <load_address>0x3abc</load_address>
         <run_address>0x3abc</run_address>
         <size>0x9c</size>
         <input_file_ref idref="fl-13a"/>
      </object_component>
      <object_component id="oc-2e1">
         <name>.text:I2CMStateIdle</name>
         <load_address>0x3b58</load_address>
         <run_address>0x3b58</run_address>
         <size>0x98</size>
         <input_file_ref idref="fl-170"/>
      </object_component>
      <object_component id="oc-60b">
         <name>.text:USBDSetInterface</name>
         <load_address>0x3bf0</load_address>
         <run_address>0x3bf0</run_address>
         <size>0x98</size>
         <input_file_ref idref="fl-165"/>
      </object_component>
      <object_component id="oc-54">
         <name>.text:RemoTIUARTIntHandler</name>
         <load_address>0x3c88</load_address>
         <run_address>0x3c88</run_address>
         <size>0x94</size>
         <input_file_ref idref="fl-4"/>
      </object_component>
      <object_component id="oc-1d6">
         <name>.text:RGBColorSet</name>
         <load_address>0x3d1c</load_address>
         <run_address>0x3d1c</run_address>
         <size>0x90</size>
         <input_file_ref idref="fl-7"/>
      </object_component>
      <object_component id="oc-5ff">
         <name>.text:USBDSetConfiguration</name>
         <load_address>0x3dac</load_address>
         <run_address>0x3dac</run_address>
         <size>0x90</size>
         <input_file_ref idref="fl-165"/>
      </object_component>
      <object_component id="oc-b4">
         <name>.text:ButtonsPoll</name>
         <load_address>0x3e3c</load_address>
         <run_address>0x3e3c</run_address>
         <size>0x8c</size>
         <input_file_ref idref="fl-6"/>
      </object_component>
      <object_component id="oc-e1">
         <name>.text:UARTPrimeTransmit</name>
         <load_address>0x3ec8</load_address>
         <run_address>0x3ec8</run_address>
         <size>0x8c</size>
         <input_file_ref idref="fl-9"/>
      </object_component>
      <object_component id="oc-6d9">
         <name>.text:USBDeviceConfigAlternate</name>
         <load_address>0x3f54</load_address>
         <run_address>0x3f54</run_address>
         <size>0x8c</size>
         <input_file_ref idref="fl-16c"/>
      </object_component>
      <object_component id="oc-1c1">
         <name>.text:I2CMCommand</name>
         <load_address>0x3fe0</load_address>
         <run_address>0x3fe0</run_address>
         <size>0x88</size>
         <input_file_ref idref="fl-170"/>
      </object_component>
      <object_component id="oc-564">
         <name>.text:MotionErrorHandler</name>
         <load_address>0x4068</load_address>
         <run_address>0x4068</run_address>
         <size>0x88</size>
         <input_file_ref idref="fl-3"/>
      </object_component>
      <object_component id="oc-5a0">
         <name>.text:__aeabi_cdcmple</name>
         <load_address>0x40f0</load_address>
         <run_address>0x40f0</run_address>
         <size>0x86</size>
         <input_file_ref idref="fl-137"/>
      </object_component>
      <object_component id="oc-5a5">
         <name>.text:__aeabi_cdrcmple</name>
         <load_address>0x4176</load_address>
         <run_address>0x4176</run_address>
         <size>0x86</size>
         <input_file_ref idref="fl-137"/>
      </object_component>
      <object_component id="oc-5db">
         <name>.text:USBDClearFeature</name>
         <load_address>0x41fc</load_address>
         <run_address>0x41fc</run_address>
         <size>0x80</size>
         <input_file_ref idref="fl-165"/>
      </object_component>
      <object_component id="oc-496">
         <name>.text:GestureInit</name>
         <load_address>0x427c</load_address>
         <run_address>0x427c</run_address>
         <size>0x7c</size>
         <input_file_ref idref="fl-3"/>
      </object_component>
      <object_component id="oc-1dc">
         <name>.text:MPU9150DataAccelGetFloat</name>
         <load_address>0x42f8</load_address>
         <run_address>0x42f8</run_address>
         <size>0x7c</size>
         <input_file_ref idref="fl-171"/>
      </object_component>
      <object_component id="oc-1e2">
         <name>.text:MPU9150DataGyroGetFloat</name>
         <load_address>0x4374</load_address>
         <run_address>0x4374</run_address>
         <size>0x7c</size>
         <input_file_ref idref="fl-171"/>
      </object_component>
      <object_component id="oc-74a">
         <name>.text:USBDevEndpointConfigSet</name>
         <load_address>0x43f0</load_address>
         <run_address>0x43f0</run_address>
         <size>0x7a</size>
         <input_file_ref idref="fl-17c"/>
      </object_component>
      <object_component id="oc-88">
         <name>.text</name>
         <load_address>0x446a</load_address>
         <run_address>0x446a</run_address>
         <size>0x7a</size>
         <input_file_ref idref="fl-13b"/>
      </object_component>
      <object_component id="oc-5d5">
         <name>.text:USBDGetStatus</name>
         <load_address>0x44e4</load_address>
         <run_address>0x44e4</run_address>
         <size>0x78</size>
         <input_file_ref idref="fl-165"/>
      </object_component>
      <object_component id="oc-40e">
         <name>.text:USBDEP0StateTx</name>
         <load_address>0x455c</load_address>
         <run_address>0x455c</run_address>
         <size>0x70</size>
         <input_file_ref idref="fl-165"/>
      </object_component>
      <object_component id="oc-377">
         <name>.text</name>
         <load_address>0x45cc</load_address>
         <run_address>0x45cc</run_address>
         <size>0x6e</size>
         <input_file_ref idref="fl-175"/>
      </object_component>
      <object_component id="oc-47e">
         <name>.text:MPU9150Init</name>
         <load_address>0x463c</load_address>
         <run_address>0x463c</run_address>
         <size>0x6c</size>
         <input_file_ref idref="fl-171"/>
      </object_component>
      <object_component id="oc-5e1">
         <name>.text:USBDSetFeature</name>
         <load_address>0x46a8</load_address>
         <run_address>0x46a8</run_address>
         <size>0x6c</size>
         <input_file_ref idref="fl-165"/>
      </object_component>
      <object_component id="oc-9a">
         <name>.text</name>
         <load_address>0x4714</load_address>
         <run_address>0x4714</run_address>
         <size>0x6c</size>
         <input_file_ref idref="fl-144"/>
      </object_component>
      <object_component id="oc-7b">
         <name>.text</name>
         <load_address>0x4780</load_address>
         <run_address>0x4780</run_address>
         <size>0x6a</size>
         <input_file_ref idref="fl-134"/>
      </object_component>
      <object_component id="oc-346">
         <name>.text:IntDisable</name>
         <load_address>0x47ec</load_address>
         <run_address>0x47ec</run_address>
         <size>0x68</size>
         <input_file_ref idref="fl-160"/>
      </object_component>
      <object_component id="oc-352">
         <name>.text:IntEnable</name>
         <load_address>0x4854</load_address>
         <run_address>0x4854</run_address>
         <size>0x68</size>
         <input_file_ref idref="fl-160"/>
      </object_component>
      <object_component id="oc-150">
         <name>.text:RGBDisable</name>
         <load_address>0x48bc</load_address>
         <run_address>0x48bc</run_address>
         <size>0x68</size>
         <input_file_ref idref="fl-7"/>
      </object_component>
      <object_component id="oc-703">
         <name>.text</name>
         <load_address>0x4924</load_address>
         <run_address>0x4924</run_address>
         <size>0x66</size>
         <input_file_ref idref="fl-156"/>
      </object_component>
      <object_component id="oc-306">
         <name>.text:ConfigureUART</name>
         <load_address>0x498c</load_address>
         <run_address>0x498c</run_address>
         <size>0x64</size>
         <input_file_ref idref="fl-2"/>
      </object_component>
      <object_component id="oc-340">
         <name>.text:IntIsEnabled</name>
         <load_address>0x49f0</load_address>
         <run_address>0x49f0</run_address>
         <size>0x64</size>
         <input_file_ref idref="fl-160"/>
      </object_component>
      <object_component id="oc-cc">
         <name>.text:MPU9150DataRead</name>
         <load_address>0x4a54</load_address>
         <run_address>0x4a54</run_address>
         <size>0x60</size>
         <input_file_ref idref="fl-171"/>
      </object_component>
      <object_component id="oc-402">
         <name>.text:USBDReadAndDispatchRequest</name>
         <load_address>0x4ab4</load_address>
         <run_address>0x4ab4</run_address>
         <size>0x60</size>
         <input_file_ref idref="fl-165"/>
      </object_component>
      <object_component id="oc-4b8">
         <name>.text</name>
         <load_address>0x4b14</load_address>
         <run_address>0x4b14</run_address>
         <size>0x60</size>
         <input_file_ref idref="fl-13d"/>
      </object_component>
      <object_component id="oc-2cf">
         <name>.text:I2CMStateWritePause</name>
         <load_address>0x4b74</load_address>
         <run_address>0x4b74</run_address>
         <size>0x5e</size>
         <input_file_ref idref="fl-170"/>
      </object_component>
      <object_component id="oc-3ea">
         <name>.text:USBDevEndpointStatusClear</name>
         <load_address>0x4bd2</load_address>
         <run_address>0x4bd2</run_address>
         <size>0x5e</size>
         <input_file_ref idref="fl-17c"/>
      </object_component>
      <object_component id="oc-381">
         <name>.text:VectorCrossProduct</name>
         <load_address>0x4c30</load_address>
         <run_address>0x4c30</run_address>
         <size>0x56</size>
         <input_file_ref idref="fl-172"/>
      </object_component>
      <object_component id="oc-65c">
         <name>.text</name>
         <load_address>0x4c86</load_address>
         <run_address>0x4c86</run_address>
         <size>0x56</size>
         <input_file_ref idref="fl-14f"/>
      </object_component>
      <object_component id="oc-5af">
         <name>.text:GestureNormalize</name>
         <load_address>0x4cdc</load_address>
         <run_address>0x4cdc</run_address>
         <size>0x54</size>
         <input_file_ref idref="fl-3"/>
      </object_component>
      <object_component id="oc-56b">
         <name>.text:I2CMWrite8</name>
         <load_address>0x4d30</load_address>
         <run_address>0x4d30</run_address>
         <size>0x54</size>
         <input_file_ref idref="fl-170"/>
      </object_component>
      <object_component id="oc-66d">
         <name>.text</name>
         <load_address>0x4d84</load_address>
         <run_address>0x4d84</run_address>
         <size>0x52</size>
         <input_file_ref idref="fl-14e"/>
      </object_component>
      <object_component id="oc-2d5">
         <name>.text:I2CMStateWriteFinal</name>
         <load_address>0x4dd6</load_address>
         <run_address>0x4dd6</run_address>
         <size>0x50</size>
         <input_file_ref idref="fl-170"/>
      </object_component>
      <object_component id="oc-738">
         <name>.text:USBDCDConfigDescGet</name>
         <load_address>0x4e26</load_address>
         <run_address>0x4e26</run_address>
         <size>0x50</size>
         <input_file_ref idref="fl-16b"/>
      </object_component>
      <object_component id="oc-262">
         <name>.text:USBDeviceResumeTickHandler</name>
         <load_address>0x4e78</load_address>
         <run_address>0x4e78</run_address>
         <size>0x50</size>
         <input_file_ref idref="fl-165"/>
      </object_component>
      <object_component id="oc-24">
         <name>.text</name>
         <load_address>0x4ec8</load_address>
         <run_address>0x4ec8</run_address>
         <size>0x50</size>
         <input_file_ref idref="fl-132"/>
      </object_component>
      <object_component id="oc-744">
         <name>.text:GetEPDescriptorType</name>
         <load_address>0x4f18</load_address>
         <run_address>0x4f18</run_address>
         <size>0x4c</size>
         <input_file_ref idref="fl-16c"/>
      </object_component>
      <object_component id="oc-556">
         <name>.text:I2CMasterInitExpClk</name>
         <load_address>0x4f64</load_address>
         <run_address>0x4f64</run_address>
         <size>0x4c</size>
         <input_file_ref idref="fl-17a"/>
      </object_component>
      <object_component id="oc-6bc">
         <name>.text:USBDStringIndexFromRequest</name>
         <load_address>0x4fb0</load_address>
         <run_address>0x4fb0</run_address>
         <size>0x4c</size>
         <input_file_ref idref="fl-165"/>
      </object_component>
      <object_component id="oc-685">
         <name>.text</name>
         <load_address>0x4ffc</load_address>
         <run_address>0x4ffc</run_address>
         <size>0x4c</size>
         <input_file_ref idref="fl-143"/>
      </object_component>
      <object_component id="oc-179">
         <name>.text</name>
         <load_address>0x5048</load_address>
         <run_address>0x5048</run_address>
         <size>0x4c</size>
         <input_file_ref idref="fl-145"/>
      </object_component>
      <object_component id="oc-765">
         <name>.text:ConfigAlternateInterfaceGet</name>
         <load_address>0x5094</load_address>
         <run_address>0x5094</run_address>
         <size>0x4a</size>
         <input_file_ref idref="fl-16b"/>
      </object_component>
      <object_component id="oc-2bd">
         <name>.text:I2CMStateReadNext</name>
         <load_address>0x50de</load_address>
         <run_address>0x50de</run_address>
         <size>0x4a</size>
         <input_file_ref idref="fl-170"/>
      </object_component>
      <object_component id="oc-6b3">
         <name>.text:USBDevEndpointStallClear</name>
         <load_address>0x5128</load_address>
         <run_address>0x5128</run_address>
         <size>0x4a</size>
         <input_file_ref idref="fl-17c"/>
      </object_component>
      <object_component id="oc-2db">
         <name>.text:I2CMStateWriteNext</name>
         <load_address>0x5172</load_address>
         <run_address>0x5172</run_address>
         <size>0x48</size>
         <input_file_ref idref="fl-170"/>
      </object_component>
      <object_component id="oc-25c">
         <name>.text:USBDeviceEnumResetHandler</name>
         <load_address>0x51bc</load_address>
         <run_address>0x51bc</run_address>
         <size>0x48</size>
         <input_file_ref idref="fl-165"/>
      </object_component>
      <object_component id="oc-657">
         <name>.text</name>
         <load_address>0x5204</load_address>
         <run_address>0x5204</run_address>
         <size>0x48</size>
         <input_file_ref idref="fl-14a"/>
      </object_component>
      <object_component id="oc-3f6">
         <name>.text:USBEndpointDataGet</name>
         <load_address>0x524c</load_address>
         <run_address>0x524c</run_address>
         <size>0x46</size>
         <input_file_ref idref="fl-17c"/>
      </object_component>
      <object_component id="oc-490">
         <name>.text:CompDCMInit</name>
         <load_address>0x5294</load_address>
         <run_address>0x5294</run_address>
         <size>0x44</size>
         <input_file_ref idref="fl-16f"/>
      </object_component>
      <object_component id="oc-2a5">
         <name>.text:I2CMStateCallback</name>
         <load_address>0x52d8</load_address>
         <run_address>0x52d8</run_address>
         <size>0x44</size>
         <input_file_ref idref="fl-170"/>
      </object_component>
      <object_component id="oc-59a">
         <name>.text:MatrixVectorMul</name>
         <load_address>0x531c</load_address>
         <run_address>0x531c</run_address>
         <size>0x44</size>
         <input_file_ref idref="fl-3"/>
      </object_component>
      <object_component id="oc-42">
         <name>.text:SysTickIntHandler</name>
         <load_address>0x5360</load_address>
         <run_address>0x5360</run_address>
         <size>0x44</size>
         <input_file_ref idref="fl-2"/>
      </object_component>
      <object_component id="oc-605">
         <name>.text:USBDGetInterface</name>
         <load_address>0x53a4</load_address>
         <run_address>0x53a4</run_address>
         <size>0x44</size>
         <input_file_ref idref="fl-165"/>
      </object_component>
      <object_component id="oc-a6">
         <name>.text</name>
         <load_address>0x53e8</load_address>
         <run_address>0x53e8</run_address>
         <size>0x44</size>
         <input_file_ref idref="fl-136"/>
      </object_component>
      <object_component id="oc-4b2">
         <name>.text:CompDCMComputeEulers</name>
         <load_address>0x542c</load_address>
         <run_address>0x542c</run_address>
         <size>0x42</size>
         <input_file_ref idref="fl-16f"/>
      </object_component>
      <object_component id="oc-2b7">
         <name>.text:I2CMStateReadFinal</name>
         <load_address>0x546e</load_address>
         <run_address>0x546e</run_address>
         <size>0x42</size>
         <input_file_ref idref="fl-170"/>
      </object_component>
      <object_component id="oc-633">
         <name>.text:I2CMWrite8Callback</name>
         <load_address>0x54b0</load_address>
         <run_address>0x54b0</run_address>
         <size>0x40</size>
         <input_file_ref idref="fl-170"/>
      </object_component>
      <object_component id="oc-484">
         <name>.text:MotionI2CWait</name>
         <load_address>0x54f0</load_address>
         <run_address>0x54f0</run_address>
         <size>0x40</size>
         <input_file_ref idref="fl-3"/>
      </object_component>
      <object_component id="oc-725">
         <name>.text</name>
         <load_address>0x5530</load_address>
         <run_address>0x5530</run_address>
         <size>0x40</size>
         <input_file_ref idref="fl-15c"/>
      </object_component>
      <object_component id="oc-542">
         <name>.text</name>
         <load_address>0x5570</load_address>
         <run_address>0x5570</run_address>
         <size>0x40</size>
         <input_file_ref idref="fl-13f"/>
      </object_component>
      <object_component id="oc-2b1">
         <name>.text:I2CMStateReadPause</name>
         <load_address>0x55b0</load_address>
         <run_address>0x55b0</run_address>
         <size>0x3e</size>
         <input_file_ref idref="fl-170"/>
      </object_component>
      <object_component id="oc-53b">
         <name>.text:UARTFlushTx</name>
         <load_address>0x55f0</load_address>
         <run_address>0x55f0</run_address>
         <size>0x3c</size>
         <input_file_ref idref="fl-9"/>
      </object_component>
      <object_component id="oc-756">
         <name>.text:USBFIFOConfigSet</name>
         <load_address>0x562c</load_address>
         <run_address>0x562c</run_address>
         <size>0x3a</size>
         <input_file_ref idref="fl-17c"/>
      </object_component>
      <object_component id="oc-268">
         <name>.text:InternalUSBStartOfFrameTick</name>
         <load_address>0x5668</load_address>
         <run_address>0x5668</run_address>
         <size>0x38</size>
         <input_file_ref idref="fl-168"/>
      </object_component>
      <object_component id="oc-66">
         <name>.text:RGBBlinkIntHandler</name>
         <load_address>0x56a0</load_address>
         <run_address>0x56a0</run_address>
         <size>0x38</size>
         <input_file_ref idref="fl-7"/>
      </object_component>
      <object_component id="oc-73e">
         <name>.text:USBDCDConfigGetInterfaceEndpoint</name>
         <load_address>0x56d8</load_address>
         <run_address>0x56d8</run_address>
         <size>0x38</size>
         <input_file_ref idref="fl-16b"/>
      </object_component>
      <object_component id="oc-139">
         <name>.text:USBIntStatusControl</name>
         <load_address>0x5710</load_address>
         <run_address>0x5710</run_address>
         <size>0x38</size>
         <input_file_ref idref="fl-17c"/>
      </object_component>
      <object_component id="oc-36d">
         <name>.text</name>
         <load_address>0x5748</load_address>
         <run_address>0x5748</run_address>
         <size>0x38</size>
         <input_file_ref idref="fl-138"/>
      </object_component>
      <object_component id="oc-520">
         <name>.text:USBEndpointDataPut</name>
         <load_address>0x5780</load_address>
         <run_address>0x5780</run_address>
         <size>0x36</size>
         <input_file_ref idref="fl-17c"/>
      </object_component>
      <object_component id="oc-478">
         <name>.text:I2CMInit</name>
         <load_address>0x57b6</load_address>
         <run_address>0x57b6</run_address>
         <size>0x34</size>
         <input_file_ref idref="fl-170"/>
      </object_component>
      <object_component id="oc-48">
         <name>.text:IntGPIOb</name>
         <load_address>0x57ec</load_address>
         <run_address>0x57ec</run_address>
         <size>0x34</size>
         <input_file_ref idref="fl-3"/>
      </object_component>
      <object_component id="oc-526">
         <name>.text:USBEndpointDataSend</name>
         <load_address>0x5820</load_address>
         <run_address>0x5820</run_address>
         <size>0x34</size>
         <input_file_ref idref="fl-17c"/>
      </object_component>
      <object_component id="oc-5bc">
         <name>.text</name>
         <load_address>0x5854</load_address>
         <run_address>0x5854</run_address>
         <size>0x34</size>
         <input_file_ref idref="fl-15a"/>
      </object_component>
      <object_component id="oc-7a7">
         <name>.text:NextConfigDescGet</name>
         <load_address>0x5888</load_address>
         <run_address>0x5888</run_address>
         <size>0x32</size>
         <input_file_ref idref="fl-16b"/>
      </object_component>
      <object_component id="oc-5cc">
         <name>.text:USBDevEndpointStall</name>
         <load_address>0x58ba</load_address>
         <run_address>0x58ba</run_address>
         <size>0x32</size>
         <input_file_ref idref="fl-17c"/>
      </object_component>
      <object_component id="oc-399">
         <name>.text:VectorAdd</name>
         <load_address>0x58ec</load_address>
         <run_address>0x58ec</run_address>
         <size>0x32</size>
         <input_file_ref idref="fl-172"/>
      </object_component>
      <object_component id="oc-6e5">
         <name>.text:I2CMTransferResume</name>
         <load_address>0x591e</load_address>
         <run_address>0x591e</run_address>
         <size>0x30</size>
         <input_file_ref idref="fl-170"/>
      </object_component>
      <object_component id="oc-5f9">
         <name>.text:USBDGetConfiguration</name>
         <load_address>0x5950</load_address>
         <run_address>0x5950</run_address>
         <size>0x30</size>
         <input_file_ref idref="fl-165"/>
      </object_component>
      <object_component id="oc-246">
         <name>.text:UpdateIndexAtomic</name>
         <load_address>0x5980</load_address>
         <run_address>0x5980</run_address>
         <size>0x30</size>
         <input_file_ref idref="fl-8"/>
      </object_component>
      <object_component id="oc-679">
         <name>.text</name>
         <load_address>0x59b0</load_address>
         <run_address>0x59b0</run_address>
         <size>0x30</size>
         <input_file_ref idref="fl-154"/>
      </object_component>
      <object_component id="oc-4e5">
         <name>.text</name>
         <load_address>0x59e0</load_address>
         <run_address>0x59e0</run_address>
         <size>0x30</size>
         <input_file_ref idref="fl-157"/>
      </object_component>
      <object_component id="oc-662">
         <name>.text</name>
         <load_address>0x5a10</load_address>
         <run_address>0x5a10</run_address>
         <size>0x2e</size>
         <input_file_ref idref="fl-14d"/>
      </object_component>
      <object_component id="oc-6a5">
         <name>.text</name>
         <load_address>0x5a3e</load_address>
         <run_address>0x5a3e</run_address>
         <size>0x2e</size>
         <input_file_ref idref="fl-15b"/>
      </object_component>
      <object_component id="oc-535">
         <name>.text:UARTFlushRx</name>
         <load_address>0x5a6c</load_address>
         <run_address>0x5a6c</run_address>
         <size>0x2c</size>
         <input_file_ref idref="fl-9"/>
      </object_component>
      <object_component id="oc-7a0">
         <name>.text:USBDescGet</name>
         <load_address>0x5a98</load_address>
         <run_address>0x5a98</run_address>
         <size>0x2c</size>
         <input_file_ref idref="fl-16d"/>
      </object_component>
      <object_component id="oc-3a4">
         <name>.text</name>
         <load_address>0x5ac4</load_address>
         <run_address>0x5ac4</run_address>
         <size>0x2c</size>
         <input_file_ref idref="fl-178"/>
      </object_component>
      <object_component id="oc-548">
         <name>.text:GPIODirModeSet</name>
         <load_address>0x5af0</load_address>
         <run_address>0x5af0</run_address>
         <size>0x2a</size>
         <input_file_ref idref="fl-15f"/>
      </object_component>
      <object_component id="oc-2c3">
         <name>.text:I2CMStateReadFirst</name>
         <load_address>0x5b1a</load_address>
         <run_address>0x5b1a</run_address>
         <size>0x2a</size>
         <input_file_ref idref="fl-170"/>
      </object_component>
      <object_component id="oc-6cd">
         <name>.text:USBDCDConfigDescGetNum</name>
         <load_address>0x5b44</load_address>
         <run_address>0x5b44</run_address>
         <size>0x2a</size>
         <input_file_ref idref="fl-16b"/>
      </object_component>
      <object_component id="oc-75e">
         <name>.text:USBDescGetNum</name>
         <load_address>0x5b6e</load_address>
         <run_address>0x5b6e</run_address>
         <size>0x2a</size>
         <input_file_ref idref="fl-16d"/>
      </object_component>
      <object_component id="oc-3fc">
         <name>.text:USBDevEndpointDataAck</name>
         <load_address>0x5b98</load_address>
         <run_address>0x5b98</run_address>
         <size>0x2a</size>
         <input_file_ref idref="fl-17c"/>
      </object_component>
      <object_component id="oc-667">
         <name>.text</name>
         <load_address>0x5bc2</load_address>
         <run_address>0x5bc2</run_address>
         <size>0x2a</size>
         <input_file_ref idref="fl-14b"/>
      </object_component>
      <object_component id="oc-5e7">
         <name>.text:USBDSetAddress</name>
         <load_address>0x5bec</load_address>
         <run_address>0x5bec</run_address>
         <size>0x28</size>
         <input_file_ref idref="fl-165"/>
      </object_component>
      <object_component id="oc-594">
         <name>.text:CompDCMMatrixGet</name>
         <load_address>0x5c14</load_address>
         <run_address>0x5c14</run_address>
         <size>0x26</size>
         <input_file_ref idref="fl-16f"/>
      </object_component>
      <object_component id="oc-387">
         <name>.text:VectorDotProduct</name>
         <load_address>0x5c3a</load_address>
         <run_address>0x5c3a</run_address>
         <size>0x26</size>
         <input_file_ref idref="fl-172"/>
      </object_component>
      <object_component id="oc-393">
         <name>.text:VectorScale</name>
         <load_address>0x5c60</load_address>
         <run_address>0x5c60</run_address>
         <size>0x26</size>
         <input_file_ref idref="fl-172"/>
      </object_component>
      <object_component id="oc-38d">
         <name>.text</name>
         <load_address>0x5c88</load_address>
         <run_address>0x5c88</run_address>
         <size>0x24</size>
         <input_file_ref idref="fl-176"/>
      </object_component>
      <object_component id="oc-750">
         <name>.text:GetEndpointFIFOSize</name>
         <load_address>0x5cac</load_address>
         <run_address>0x5cac</run_address>
         <size>0x20</size>
         <input_file_ref idref="fl-16c"/>
      </object_component>
      <object_component id="oc-2c9">
         <name>.text:I2CMStateReadOne</name>
         <load_address>0x5ccc</load_address>
         <run_address>0x5ccc</run_address>
         <size>0x20</size>
         <input_file_ref idref="fl-170"/>
      </object_component>
      <object_component id="oc-233">
         <name>.text:RingBufAdvanceRead</name>
         <load_address>0x5cec</load_address>
         <run_address>0x5cec</run_address>
         <size>0x20</size>
         <input_file_ref idref="fl-8"/>
      </object_component>
      <object_component id="oc-6d3">
         <name>.text:USBDCDConfigGetInterface</name>
         <load_address>0x5d0c</load_address>
         <run_address>0x5d0c</run_address>
         <size>0x1c</size>
         <input_file_ref idref="fl-16b"/>
      </object_component>
      <object_component id="oc-50d">
         <name>.text:USBDCDStallEP0</name>
         <load_address>0x5d28</load_address>
         <run_address>0x5d28</run_address>
         <size>0x1c</size>
         <input_file_ref idref="fl-165"/>
      </object_component>
      <object_component id="oc-67f">
         <name>.text</name>
         <load_address>0x5d44</load_address>
         <run_address>0x5d44</run_address>
         <size>0x1c</size>
         <input_file_ref idref="fl-150"/>
      </object_component>
      <object_component id="oc-2ab">
         <name>.text:I2CMStateReadWait</name>
         <load_address>0x5d60</load_address>
         <run_address>0x5d60</run_address>
         <size>0x1a</size>
         <input_file_ref idref="fl-170"/>
      </object_component>
      <object_component id="oc-30c">
         <name>.text:UARTprintf</name>
         <load_address>0x5d7a</load_address>
         <run_address>0x5d7a</run_address>
         <size>0x1a</size>
         <input_file_ref idref="fl-9"/>
      </object_component>
      <object_component id="oc-51a">
         <name>.text:USBDCDConfigDescGetSize</name>
         <load_address>0x5d94</load_address>
         <run_address>0x5d94</run_address>
         <size>0x1a</size>
         <input_file_ref idref="fl-16b"/>
      </object_component>
      <object_component id="oc-f3">
         <name>.text:IsBufferFull</name>
         <load_address>0x5dae</load_address>
         <run_address>0x5dae</run_address>
         <size>0x18</size>
         <input_file_ref idref="fl-9"/>
      </object_component>
      <object_component id="oc-5a">
         <name>.text:USB0DeviceIntHandler</name>
         <load_address>0x5dc8</load_address>
         <run_address>0x5dc8</run_address>
         <size>0x18</size>
         <input_file_ref idref="fl-164"/>
      </object_component>
      <object_component id="oc-5f3">
         <name>.text:USBDSetDescriptor</name>
         <load_address>0x5de0</load_address>
         <run_address>0x5de0</run_address>
         <size>0x18</size>
         <input_file_ref idref="fl-165"/>
      </object_component>
      <object_component id="oc-611">
         <name>.text:USBDSyncFrame</name>
         <load_address>0x5df8</load_address>
         <run_address>0x5df8</run_address>
         <size>0x18</size>
         <input_file_ref idref="fl-165"/>
      </object_component>
      <object_component id="oc-a0">
         <name>.text</name>
         <load_address>0x5e10</load_address>
         <run_address>0x5e10</run_address>
         <size>0x18</size>
         <input_file_ref idref="fl-142"/>
      </object_component>
      <object_component id="oc-126">
         <name>.text:RingBufReadOne</name>
         <load_address>0x5e28</load_address>
         <run_address>0x5e28</run_address>
         <size>0x16</size>
         <input_file_ref idref="fl-8"/>
      </object_component>
      <object_component id="oc-11a">
         <name>.text:RingBufUsed</name>
         <load_address>0x5e3e</load_address>
         <run_address>0x5e3e</run_address>
         <size>0x16</size>
         <input_file_ref idref="fl-8"/>
      </object_component>
      <object_component id="oc-673">
         <name>.text</name>
         <load_address>0x5e54</load_address>
         <run_address>0x5e54</run_address>
         <size>0x16</size>
         <input_file_ref idref="fl-151"/>
      </object_component>
      <object_component id="oc-3d5">
         <name>.text:USBHostResume</name>
         <load_address>0x5e6a</load_address>
         <run_address>0x5e6a</run_address>
         <size>0x14</size>
         <input_file_ref idref="fl-17c"/>
      </object_component>
      <object_component id="oc-7b1">
         <name>.text:_USBIndexWrite</name>
         <load_address>0x5e7e</load_address>
         <run_address>0x5e7e</run_address>
         <size>0x14</size>
         <input_file_ref idref="fl-17c"/>
      </object_component>
      <object_component id="oc-32c">
         <name>.text</name>
         <load_address>0x5e94</load_address>
         <run_address>0x5e94</run_address>
         <size>0x14</size>
         <input_file_ref idref="fl-140"/>
      </object_component>
      <object_component id="oc-64c">
         <name>.text</name>
         <load_address>0x5ea8</load_address>
         <run_address>0x5ea8</run_address>
         <size>0x14</size>
         <input_file_ref idref="fl-152"/>
      </object_component>
      <object_component id="oc-46c">
         <name>.text:GPIOPinTypeI2CSCL</name>
         <load_address>0x5ebc</load_address>
         <run_address>0x5ebc</run_address>
         <size>0x12</size>
         <input_file_ref idref="fl-15f"/>
      </object_component>
      <object_component id="oc-300">
         <name>.text:FPULazyStackingEnable</name>
         <load_address>0x5ed0</load_address>
         <run_address>0x5ed0</run_address>
         <size>0x10</size>
         <input_file_ref idref="fl-15e"/>
      </object_component>
      <object_component id="oc-3c5">
         <name>.text:IntMasterDisable</name>
         <load_address>0x5ee0</load_address>
         <run_address>0x5ee0</run_address>
         <size>0x10</size>
         <input_file_ref idref="fl-160"/>
      </object_component>
      <object_component id="oc-3cb">
         <name>.text:IntMasterEnable</name>
         <load_address>0x5ef0</load_address>
         <run_address>0x5ef0</run_address>
         <size>0x10</size>
         <input_file_ref idref="fl-160"/>
      </object_component>
      <object_component id="oc-22d">
         <name>.text:RingBufWriteOne</name>
         <load_address>0x5f00</load_address>
         <run_address>0x5f00</run_address>
         <size>0x10</size>
         <input_file_ref idref="fl-8"/>
      </object_component>
      <object_component id="oc-3e4">
         <name>.text:USBEndpointStatus</name>
         <load_address>0x5f10</load_address>
         <run_address>0x5f10</run_address>
         <size>0x10</size>
         <input_file_ref idref="fl-17c"/>
      </object_component>
      <object_component id="oc-1f4">
         <name>.text:CompDCMAccelUpdate</name>
         <load_address>0x5f20</load_address>
         <run_address>0x5f20</run_address>
         <size>0xe</size>
         <input_file_ref idref="fl-16f"/>
      </object_component>
      <object_component id="oc-1fa">
         <name>.text:CompDCMGyroUpdate</name>
         <load_address>0x5f2e</load_address>
         <run_address>0x5f2e</run_address>
         <size>0xe</size>
         <input_file_ref idref="fl-16f"/>
      </object_component>
      <object_component id="oc-1ee">
         <name>.text:CompDCMMagnetoUpdate</name>
         <load_address>0x5f3c</load_address>
         <run_address>0x5f3c</run_address>
         <size>0xe</size>
         <input_file_ref idref="fl-16f"/>
      </object_component>
      <object_component id="oc-c0">
         <name>.text:GPIOIntStatus</name>
         <load_address>0x5f4a</load_address>
         <run_address>0x5f4a</run_address>
         <size>0xe</size>
         <input_file_ref idref="fl-15f"/>
      </object_component>
      <object_component id="oc-e7">
         <name>.text:IsBufferEmpty</name>
         <load_address>0x5f58</load_address>
         <run_address>0x5f58</run_address>
         <size>0xe</size>
         <input_file_ref idref="fl-9"/>
      </object_component>
      <object_component id="oc-227">
         <name>.text:UARTCharGetNonBlocking</name>
         <load_address>0x5f66</load_address>
         <run_address>0x5f66</run_address>
         <size>0xe</size>
         <input_file_ref idref="fl-162"/>
      </object_component>
      <object_component id="oc-12c">
         <name>.text:UARTCharPutNonBlocking</name>
         <load_address>0x5f74</load_address>
         <run_address>0x5f74</run_address>
         <size>0xe</size>
         <input_file_ref idref="fl-162"/>
      </object_component>
      <object_component id="oc-274">
         <name>.text:USBDevLPMEnable</name>
         <load_address>0x5f82</load_address>
         <run_address>0x5f82</run_address>
         <size>0xe</size>
         <input_file_ref idref="fl-17c"/>
      </object_component>
      <object_component id="oc-12">
         <name>.text:decompress:none</name>
         <load_address>0x5f90</load_address>
         <run_address>0x5f90</run_address>
         <size>0xe</size>
         <input_file_ref idref="fl-133"/>
      </object_component>
      <object_component id="oc-4f2">
         <name>.text:CPUcpsid</name>
         <load_address>0x5f9e</load_address>
         <run_address>0x5f9e</run_address>
         <size>0xc</size>
         <input_file_ref idref="fl-163"/>
      </object_component>
      <object_component id="oc-4f9">
         <name>.text:CPUcpsie</name>
         <load_address>0x5faa</load_address>
         <run_address>0x5faa</run_address>
         <size>0xc</size>
         <input_file_ref idref="fl-163"/>
      </object_component>
      <object_component id="oc-472">
         <name>.text:GPIOIntEnable</name>
         <load_address>0x5fb6</load_address>
         <run_address>0x5fb6</run_address>
         <size>0xc</size>
         <input_file_ref idref="fl-15f"/>
      </object_component>
      <object_component id="oc-34c">
         <name>.text:IntTrigger</name>
         <load_address>0x5fc4</load_address>
         <run_address>0x5fc4</run_address>
         <size>0xc</size>
         <input_file_ref idref="fl-160"/>
      </object_component>
      <object_component id="oc-60">
         <name>.text:MotionI2CIntHandler</name>
         <load_address>0x5fd0</load_address>
         <run_address>0x5fd0</run_address>
         <size>0xc</size>
         <input_file_ref idref="fl-3"/>
      </object_component>
      <object_component id="oc-1e">
         <name>.text:decompress:ZI</name>
         <load_address>0x5fdc</load_address>
         <run_address>0x5fdc</run_address>
         <size>0xc</size>
         <input_file_ref idref="fl-135"/>
      </object_component>
      <object_component id="oc-62a">
         <name>.text:I2CMasterEnable</name>
         <load_address>0x5fe8</load_address>
         <run_address>0x5fe8</run_address>
         <size>0xa</size>
         <input_file_ref idref="fl-17a"/>
      </object_component>
      <object_component id="oc-120">
         <name>.text:UARTIntDisable</name>
         <load_address>0x5ff2</load_address>
         <run_address>0x5ff2</run_address>
         <size>0xa</size>
         <input_file_ref idref="fl-162"/>
      </object_component>
      <object_component id="oc-108">
         <name>.text:UARTIntStatus</name>
         <load_address>0x5ffc</load_address>
         <run_address>0x5ffc</run_address>
         <size>0xa</size>
         <input_file_ref idref="fl-162"/>
      </object_component>
      <object_component id="oc-286">
         <name>.text:USBDevDisconnect</name>
         <load_address>0x6006</load_address>
         <run_address>0x6006</run_address>
         <size>0xa</size>
         <input_file_ref idref="fl-17c"/>
      </object_component>
      <object_component id="oc-27a">
         <name>.text:USBIntStatusEndpoint</name>
         <load_address>0x6010</load_address>
         <run_address>0x6010</run_address>
         <size>0xa</size>
         <input_file_ref idref="fl-17c"/>
      </object_component>
      <object_component id="oc-299">
         <name>.text:I2CMasterIntClear</name>
         <load_address>0x601a</load_address>
         <run_address>0x601a</run_address>
         <size>0x8</size>
         <input_file_ref idref="fl-17a"/>
      </object_component>
      <object_component id="oc-55c">
         <name>.text:I2CMasterIntEnableEx</name>
         <load_address>0x6022</load_address>
         <run_address>0x6022</run_address>
         <size>0x8</size>
         <input_file_ref idref="fl-17a"/>
      </object_component>
      <object_component id="oc-436">
         <name>.text:I2CMasterSlaveAddrSet</name>
         <load_address>0x602a</load_address>
         <run_address>0x602a</run_address>
         <size>0x8</size>
         <input_file_ref idref="fl-17a"/>
      </object_component>
      <object_component id="oc-c6">
         <name>.text:GPIOIntClear</name>
         <load_address>0x6032</load_address>
         <run_address>0x6032</run_address>
         <size>0x6</size>
         <input_file_ref idref="fl-15f"/>
      </object_component>
      <object_component id="oc-2a">
         <name>.text:ResetISR</name>
         <load_address>0x6038</load_address>
         <run_address>0x6038</run_address>
         <size>0x6</size>
         <input_file_ref idref="fl-5"/>
      </object_component>
      <object_component id="oc-452">
         <name>.text:UARTClockSourceSet</name>
         <load_address>0x603e</load_address>
         <run_address>0x603e</run_address>
         <size>0x6</size>
         <input_file_ref idref="fl-162"/>
      </object_component>
      <object_component id="oc-26e">
         <name>.text:USBLPMIntStatus</name>
         <load_address>0x6044</load_address>
         <run_address>0x6044</run_address>
         <size>0x6</size>
         <input_file_ref idref="fl-17c"/>
      </object_component>
      <object_component id="oc-18">
         <name>.text:decompress:rle24</name>
         <load_address>0x604a</load_address>
         <run_address>0x604a</run_address>
         <size>0x6</size>
         <input_file_ref idref="fl-134"/>
      </object_component>
      <object_component id="oc-29f">
         <name>.text:I2CMasterControl</name>
         <load_address>0x6050</load_address>
         <run_address>0x6050</run_address>
         <size>0x4</size>
         <input_file_ref idref="fl-17a"/>
      </object_component>
      <object_component id="oc-42c">
         <name>.text:I2CMasterDataGet</name>
         <load_address>0x6054</load_address>
         <run_address>0x6054</run_address>
         <size>0x4</size>
         <input_file_ref idref="fl-17a"/>
      </object_component>
      <object_component id="oc-43e">
         <name>.text:I2CMasterDataPut</name>
         <load_address>0x6058</load_address>
         <run_address>0x6058</run_address>
         <size>0x4</size>
         <input_file_ref idref="fl-17a"/>
      </object_component>
      <object_component id="oc-10e">
         <name>.text:UARTIntClear</name>
         <load_address>0x605c</load_address>
         <run_address>0x605c</run_address>
         <size>0x4</size>
         <input_file_ref idref="fl-162"/>
      </object_component>
      <object_component id="oc-3f0">
         <name>.text:USBDevAddrSet</name>
         <load_address>0x6060</load_address>
         <run_address>0x6060</run_address>
         <size>0x4</size>
         <input_file_ref idref="fl-17c"/>
      </object_component>
      <object_component id="oc-94">
         <name>.text</name>
         <load_address>0x6064</load_address>
         <run_address>0x6064</run_address>
         <size>0x4</size>
         <input_file_ref idref="fl-13c"/>
      </object_component>
      <object_component id="oc-719">
         <name>.const:.string:_ctypes_</name>
         <load_address>0x6068</load_address>
         <run_address>0x6068</run_address>
         <size>0x101</size>
         <input_file_ref idref="fl-146"/>
      </object_component>
      <object_component id="oc-49c">
         <name>.const:g_ppfEmitProb</name>
         <load_address>0x616c</load_address>
         <run_address>0x616c</run_address>
         <size>0xc4</size>
         <input_file_ref idref="fl-3"/>
      </object_component>
      <object_component id="oc-4a8">
         <name>.const:g_ppfTransitionProb</name>
         <load_address>0x6230</load_address>
         <run_address>0x6230</run_address>
         <size>0xc4</size>
         <input_file_ref idref="fl-3"/>
      </object_component>
      <object_component id="oc-4cf">
         <name>.const</name>
         <load_address>0x62f4</load_address>
         <run_address>0x62f4</run_address>
         <size>0x70</size>
         <input_file_ref idref="fl-160"/>
      </object_component>
      <object_component id="oc-516">
         <name>.const:g_psUSBDStdRequests</name>
         <load_address>0x6364</load_address>
         <run_address>0x6364</run_address>
         <size>0x34</size>
         <input_file_ref idref="fl-165"/>
      </object_component>
      <object_component id="oc-6ec">
         <name>.const</name>
         <load_address>0x6398</load_address>
         <run_address>0x6398</run_address>
         <size>0x34</size>
         <input_file_ref idref="fl-177"/>
      </object_component>
      <object_component id="oc-214">
         <name>.const</name>
         <load_address>0x63cc</load_address>
         <run_address>0x63cc</run_address>
         <size>0x28</size>
         <input_file_ref idref="fl-9"/>
      </object_component>
      <object_component id="oc-368">
         <name>.const</name>
         <load_address>0x63f4</load_address>
         <run_address>0x63f4</run_address>
         <size>0x20</size>
         <input_file_ref idref="fl-171"/>
      </object_component>
      <object_component id="oc-4a2">
         <name>.const</name>
         <load_address>0x6414</load_address>
         <run_address>0x6414</run_address>
         <size>0x1c</size>
         <input_file_ref idref="fl-3"/>
      </object_component>
      <object_component id="oc-3b9">
         <name>.const:.string</name>
         <load_address>0x6430</load_address>
         <run_address>0x6430</run_address>
         <size>0x12</size>
         <input_file_ref idref="fl-9"/>
      </object_component>
      <object_component id="oc-7fc">
         <name>.cinit..data.load</name>
         <load_address>0x6448</load_address>
         <run_address>0x6448</run_address>
         <size>0x94</size>
      </object_component>
      <object_component id="oc-7fa">
         <name>__TI_handler_table</name>
         <load_address>0x64dc</load_address>
         <run_address>0x64dc</run_address>
         <size>0xc</size>
      </object_component>
      <object_component id="oc-7fd">
         <name>.cinit..bss.load</name>
         <load_address>0x64e8</load_address>
         <run_address>0x64e8</run_address>
         <size>0x8</size>
      </object_component>
      <object_component id="oc-7fb">
         <name>__TI_cinit_table</name>
         <load_address>0x64f0</load_address>
         <run_address>0x64f0</run_address>
         <size>0x10</size>
      </object_component>
      <object_component id="oc-29">
         <name>.stack</name>
         <uninitialized>true</uninitialized>
         <run_address>0x20000000</run_address>
         <size>0x0</size>
         <input_file_ref idref="fl-132"/>
      </object_component>
      <object_component id="oc-7fe">
         <name>.stack</name>
         <uninitialized>true</uninitialized>
         <run_address>0x20000000</run_address>
         <size>0x0</size>
      </object_component>
      <object_component id="oc-14c">
         <name>.bss:g_sI2CInst</name>
         <uninitialized>true</uninitialized>
         <run_address>0x20006000</run_address>
         <size>0x124</size>
         <input_file_ref idref="fl-3"/>
      </object_component>
      <object_component id="oc-d2">
         <name>.bss:g_sMPU9150Inst</name>
         <uninitialized>true</uninitialized>
         <run_address>0x200061a4</run_address>
         <size>0x6c</size>
         <input_file_ref idref="fl-3"/>
      </object_component>
      <object_component id="oc-20c">
         <name>.bss:g_sCompDCMInst</name>
         <uninitialized>true</uninitialized>
         <run_address>0x20006210</run_address>
         <size>0x58</size>
         <input_file_ref idref="fl-3"/>
      </object_component>
      <object_component id="oc-4a5">
         <name>.bss:g_ppfPath</name>
         <uninitialized>true</uninitialized>
         <run_address>0x20004000</run_address>
         <size>0x1c00</size>
         <input_file_ref idref="fl-3"/>
      </object_component>
      <object_component id="oc-49f">
         <name>.bss:g_sGestureInst</name>
         <uninitialized>true</uninitialized>
         <run_address>0x200062f8</run_address>
         <size>0x38</size>
         <input_file_ref idref="fl-3"/>
      </object_component>
      <object_component id="oc-217">
         <name>.bss:g_pcUARTTxBuffer</name>
         <uninitialized>true</uninitialized>
         <run_address>0x20005c00</run_address>
         <size>0x400</size>
         <input_file_ref idref="fl-9"/>
      </object_component>
      <object_component id="oc-ff">
         <name>.bss:g_pcUARTRxBuffer</name>
         <uninitialized>true</uninitialized>
         <run_address>0x20006124</run_address>
         <size>0x80</size>
         <input_file_ref idref="fl-9"/>
      </object_component>
      <object_component id="oc-513">
         <name>.bss:g_pui8DataBufferIn</name>
         <uninitialized>true</uninitialized>
         <run_address>0x200062b8</run_address>
         <size>0x40</size>
         <input_file_ref idref="fl-165"/>
      </object_component>
      <object_component id="oc-28f">
         <name>.bss:g_psDCDInst</name>
         <uninitialized>true</uninitialized>
         <run_address>0x20006268</run_address>
         <size>0x50</size>
         <input_file_ref idref="fl-165"/>
      </object_component>
      <object_component id="oc-206">
         <name>.common:g_pui32RGBColors</name>
         <uninitialized>true</uninitialized>
         <run_address>0x200063b0</run_address>
         <size>0xc</size>
      </object_component>
      <object_component id="oc-be">
         <name>.common:g_ui32Events</name>
         <uninitialized>true</uninitialized>
         <run_address>0x200063e0</run_address>
[...]
      </symbol>
      <symbol id="sm-817">
         <name>_Feraise</name>
         <value>0x59e1</value>
         <object_component_ref idref="oc-4e5"/>
      </symbol>
      <symbol id="sm-827">
         <name>_Rteps</name>
         <value>0x20006528</value>
         <object_component_ref idref="oc-781"/>
      </symbol>
      <symbol id="sm-828">
         <name>_Zero</name>
         <value>0x20006540</value>
         <object_component_ref idref="oc-781"/>
      </symbol>
      <symbol id="sm-829">
         <name>_Hugeval</name>
         <value>0x200064e8</value>
         <object_component_ref idref="oc-781"/>
      </symbol>
      <symbol id="sm-82a">
         <name>_Snan</name>
         <value>0x20006518</value>
         <object_component_ref idref="oc-781"/>
      </symbol>
      <symbol id="sm-82b">
         <name>_Nan</name>
         <value>0x20006508</value>
         <object_component_ref idref="oc-781"/>
      </symbol>
      <symbol id="sm-82c">
         <name>_Inf</name>
         <value>0x200064f8</value>
         <object_component_ref idref="oc-781"/>
      </symbol>
      <symbol id="sm-82d">
         <name>_Xbig</name>
         <value>0x20006538</value>
         <object_component_ref idref="oc-781"/>
      </symbol>
      <symbol id="sm-82e">
         <name>_Eps</name>
         <value>0x200064d8</value>
         <object_component_ref idref="oc-781"/>
      </symbol>
      <symbol id="sm-82f">
         <name>_Denorm</name>
         <value>0x200064c8</value>
         <object_component_ref idref="oc-781"/>
      </symbol>
      <symbol id="sm-837">
         <name>_Errno</name>
         <value>0x20006614</value>
         <object_component_ref idref="oc-5c2"/>
      </symbol>
      <symbol id="sm-855">
         <name>feraiseexcept</name>
         <value>0x5855</value>
         <object_component_ref idref="oc-5bc"/>
      </symbol>
      <symbol id="sm-856">
         <name>_Tls_setup__Fenv</name>
         <value>0x20006604</value>
         <object_component_ref idref="oc-6ab"/>
      </symbol>
      <symbol id="sm-857">
         <name>_Fenv</name>
         <value>0x20006600</value>
         <object_component_ref idref="oc-6ab"/>
      </symbol>
      <symbol id="sm-86b">
         <name>raise</name>
         <value>0x5a3f</value>
         <object_component_ref idref="oc-6a5"/>
      </symbol>
      <symbol id="sm-885">
         <name>signal</name>
         <value>0x5531</value>
         <object_component_ref idref="oc-725"/>
      </symbol>
      <symbol id="sm-89a">
         <name>_Dnorm</name>
         <value>0x3561</value>
         <object_component_ref idref="oc-777"/>
      </symbol>
      <symbol id="sm-8a6">
         <name>FPULazyStackingEnable</name>
         <value>0x5ed1</value>
         <object_component_ref idref="oc-300"/>
      </symbol>
      <symbol id="sm-8dd">
         <name>GPIOPinTypeI2CSCL</name>
         <value>0x5ebd</value>
         <object_component_ref idref="oc-46c"/>
      </symbol>
      <symbol id="sm-8de">
         <name>GPIOIntEnable</name>
         <value>0x5fb7</value>
         <object_component_ref idref="oc-472"/>
      </symbol>
      <symbol id="sm-8df">
         <name>GPIOIntClear</name>
         <value>0x6033</value>
         <object_component_ref idref="oc-c6"/>
      </symbol>
      <symbol id="sm-8e0">
         <name>GPIOIntStatus</name>
         <value>0x5f4b</value>
         <object_component_ref idref="oc-c0"/>
      </symbol>
      <symbol id="sm-8e1">
         <name>GPIODirModeSet</name>
         <value>0x5af1</value>
         <object_component_ref idref="oc-548"/>
      </symbol>
      <symbol id="sm-8e2">
         <name>GPIOPadConfigSet</name>
         <value>0x28d3</value>
         <object_component_ref idref="oc-54e"/>
      </symbol>
      <symbol id="sm-949">
         <name>IntIsEnabled</name>
         <value>0x49f1</value>
         <object_component_ref idref="oc-340"/>
      </symbol>
      <symbol id="sm-94a">
         <name>IntEnable</name>
         <value>0x4855</value>
         <object_component_ref idref="oc-352"/>
      </symbol>
      <symbol id="sm-94b">
         <name>IntTrigger</name>
         <value>0x5fc5</value>
         <object_component_ref idref="oc-34c"/>
      </symbol>
      <symbol id="sm-94c">
         <name>IntDisable</name>
         <value>0x47ed</value>
         <object_component_ref idref="oc-346"/>
      </symbol>
      <symbol id="sm-94d">
         <name>IntMasterDisable</name>
         <value>0x5ee1</value>
         <object_component_ref idref="oc-3c5"/>
      </symbol>
      <symbol id="sm-94e">
         <name>IntMasterEnable</name>
         <value>0x5ef1</value>
         <object_component_ref idref="oc-3cb"/>
      </symbol>
      <symbol id="sm-984">
         <name>UARTCharPutNonBlocking</name>
         <value>0x5f75</value>
         <object_component_ref idref="oc-12c"/>
      </symbol>
      <symbol id="sm-985">
         <name>UARTCharGetNonBlocking</name>
         <value>0x5f67</value>
         <object_component_ref idref="oc-227"/>
      </symbol>
      <symbol id="sm-986">
         <name>UARTClockSourceSet</name>
         <value>0x603f</value>
         <object_component_ref idref="oc-452"/>
      </symbol>
      <symbol id="sm-987">
         <name>UARTIntDisable</name>
         <value>0x5ff3</value>
         <object_component_ref idref="oc-120"/>
      </symbol>
      <symbol id="sm-988">
         <name>UARTIntClear</name>
         <value>0x605d</value>
         <object_component_ref idref="oc-10e"/>
      </symbol>
      <symbol id="sm-989">
         <name>UARTIntStatus</name>
         <value>0x5ffd</value>
         <object_component_ref idref="oc-108"/>
      </symbol>
      <symbol id="sm-99b">
         <name>CPUcpsie</name>
         <value>0x5fab</value>
         <object_component_ref idref="oc-4f9"/>
      </symbol>
      <symbol id="sm-99c">
         <name>CPUcpsid</name>
         <value>0x5f9f</value>
         <object_component_ref idref="oc-4f2"/>
      </symbol>
      <symbol id="sm-9ba">
         <name>USB0DeviceIntHandler</name>
         <value>0x5dc9</value>
         <object_component_ref idref="oc-5a"/>
      </symbol>
      <symbol id="sm-b19">
         <name>g_ppsDevInfo</name>
         <value>0x200063d8</value>
      </symbol>
      <symbol id="sm-b1a">
         <name>USBDCDStallEP0</name>
         <value>0x5d29</value>
         <object_component_ref idref="oc-50d"/>
      </symbol>
      <symbol id="sm-b1b">
         <name>USBDeviceEnumHandler</name>
         <value>0x33c9</value>
         <object_component_ref idref="oc-280"/>
      </symbol>
      <symbol id="sm-b1c">
         <name>USBDeviceEnumResetHandler</name>
         <value>0x51bd</value>
         <object_component_ref idref="oc-25c"/>
      </symbol>
      <symbol id="sm-b1d">
         <name>g_psDCDInst</name>
         <value>0x20006268</value>
         <object_component_ref idref="oc-28f"/>
      </symbol>
      <symbol id="sm-b1e">
         <name>USBDeviceIntHandlerInternal</name>
         <value>0x2505</value>
         <object_component_ref idref="oc-13f"/>
      </symbol>
      <symbol id="sm-b1f">
         <name>USBDeviceResumeTickHandler</name>
         <value>0x4e79</value>
         <object_component_ref idref="oc-262"/>
      </symbol>
      <symbol id="sm-b3d">
         <name>g_pfnTickHandlers</name>
         <value>0x20006330</value>
      </symbol>
      <symbol id="sm-b3e">
         <name>g_pvTickInstance</name>
         <value>0x20006348</value>
      </symbol>
      <symbol id="sm-b3f">
         <name>g_ui32USBSOFCount</name>
         <value>0x200065ec</value>
         <object_component_ref idref="oc-292"/>
      </symbol>
      <symbol id="sm-b40">
         <name>g_bUSBTimerInitialized</name>
         <value>0x200065e4</value>
         <object_component_ref idref="oc-292"/>
      </symbol>
      <symbol id="sm-b41">
         <name>g_ui32CurrentUSBTick</name>
         <value>0x200065e8</value>
         <object_component_ref idref="oc-292"/>
      </symbol>
      <symbol id="sm-b42">
         <name>InternalUSBStartOfFrameTick</name>
         <value>0x5669</value>
         <object_component_ref idref="oc-268"/>
      </symbol>
      <symbol id="sm-b94">
         <name>USBDCDConfigDescGet</name>
         <value>0x4e27</value>
         <object_component_ref idref="oc-738"/>
      </symbol>
      <symbol id="sm-b95">
         <name>USBDCDConfigGetInterface</name>
         <value>0x5d0d</value>
         <object_component_ref idref="oc-6d3"/>
      </symbol>
      <symbol id="sm-b96">
         <name>USBDCDConfigDescGetSize</name>
         <value>0x5d95</value>
         <object_component_ref idref="oc-51a"/>
      </symbol>
      <symbol id="sm-b97">
         <name>USBDCDConfigGetInterfaceEndpoint</name>
         <value>0x56d9</value>
         <object_component_ref idref="oc-73e"/>
      </symbol>
      <symbol id="sm-b98">
         <name>USBDCDConfigDescGetNum</name>
         <value>0x5b45</value>
         <object_component_ref idref="oc-6cd"/>
      </symbol>
      <symbol id="sm-be5">
         <name>USBDeviceConfigAlternate</name>
         <value>0x3f55</value>
         <object_component_ref idref="oc-6d9"/>
      </symbol>
      <symbol id="sm-be6">
         <name>USBDeviceConfig</name>
         <value>0x2655</value>
         <object_component_ref idref="oc-6c5"/>
      </symbol>
      <symbol id="sm-c04">
         <name>USBDescGet</name>
         <value>0x5a99</value>
         <object_component_ref idref="oc-7a0"/>
      </symbol>
      <symbol id="sm-c05">
         <name>USBDescGetNum</name>
         <value>0x5b6f</value>
         <object_component_ref idref="oc-75e"/>
      </symbol>
      <symbol id="sm-c56">
         <name>CompDCMMagnetoUpdate</name>
         <value>0x5f3d</value>
         <object_component_ref idref="oc-1ee"/>
      </symbol>
      <symbol id="sm-c57">
         <name>CompDCMComputeEulers</name>
         <value>0x542d</value>
         <object_component_ref idref="oc-4b2"/>
      </symbol>
      <symbol id="sm-c58">
         <name>CompDCMStart</name>
         <value>0x36d5</value>
         <object_component_ref idref="oc-4ac"/>
      </symbol>
      <symbol id="sm-c59">
         <name>CompDCMGyroUpdate</name>
         <value>0x5f2f</value>
         <object_component_ref idref="oc-1fa"/>
      </symbol>
      <symbol id="sm-c5a">
         <name>CompDCMMatrixGet</name>
         <value>0x5c15</value>
         <object_component_ref idref="oc-594"/>
      </symbol>
      <symbol id="sm-c5b">
         <name>CompDCMUpdate</name>
         <value>0x1329</value>
         <object_component_ref idref="oc-200"/>
      </symbol>
      <symbol id="sm-c5c">
         <name>CompDCMAccelUpdate</name>
         <value>0x5f21</value>
         <object_component_ref idref="oc-1f4"/>
      </symbol>
      <symbol id="sm-c5d">
         <name>CompDCMInit</name>
         <value>0x5295</value>
         <object_component_ref idref="oc-490"/>
      </symbol>
      <symbol id="sm-d32">
         <name>I2CMWrite8</name>
         <value>0x4d31</value>
         <object_component_ref idref="oc-56b"/>
      </symbol>
      <symbol id="sm-d33">
         <name>I2CMCommand</name>
         <value>0x3fe1</value>
         <object_component_ref idref="oc-1c1"/>
      </symbol>
      <symbol id="sm-d34">
         <name>I2CMInit</name>
         <value>0x57b7</value>
         <object_component_ref idref="oc-478"/>
      </symbol>
      <symbol id="sm-d35">
         <name>I2CMTransferResume</name>
         <value>0x591f</value>
         <object_component_ref idref="oc-6e5"/>
      </symbol>
      <symbol id="sm-d36">
         <name>I2CMIntHandler</name>
         <value>0x3035</value>
         <object_component_ref idref="oc-146"/>
      </symbol>
      <symbol id="sm-db2">
         <name>MPU9150DataMagnetoGetFloat</name>
         <value>0x3985</value>
         <object_component_ref idref="oc-1e8"/>
      </symbol>
      <symbol id="sm-db3">
         <name>MPU9150Write</name>
         <value>0x3a21</value>
         <object_component_ref idref="oc-48a"/>
      </symbol>
      <symbol id="sm-db4">
         <name>MPU9150Init</name>
         <value>0x463d</value>
         <object_component_ref idref="oc-47e"/>
      </symbol>
      <symbol id="sm-db5">
         <name>MPU9150DataAccelGetFloat</name>
         <value>0x42f9</value>
         <object_component_ref idref="oc-1dc"/>
      </symbol>
      <symbol id="sm-db6">
         <name>MPU9150DataRead</name>
         <value>0x4a55</value>
         <object_component_ref idref="oc-cc"/>
      </symbol>
      <symbol id="sm-db7">
         <name>MPU9150DataGyroGetFloat</name>
         <value>0x4375</value>
         <object_component_ref idref="oc-1e2"/>
      </symbol>
      <symbol id="sm-ddc">
         <name>VectorDotProduct</name>
         <value>0x5c3b</value>
         <object_component_ref idref="oc-387"/>
      </symbol>
      <symbol id="sm-ddd">
         <name>VectorScale</name>
         <value>0x5c61</value>
         <object_component_ref idref="oc-393"/>
      </symbol>
      <symbol id="sm-dde">
         <name>VectorAdd</name>
         <value>0x58ed</value>
         <object_component_ref idref="oc-399"/>
      </symbol>
      <symbol id="sm-ddf">
         <name>VectorCrossProduct</name>
         <value>0x4c31</value>
         <object_component_ref idref="oc-381"/>
      </symbol>
      <symbol id="sm-df6">
         <name>asinf</name>
         <value>0x3621</value>
         <object_component_ref idref="oc-585"/>
      </symbol>
      <symbol id="sm-e11">
         <name>atan2f</name>
         <value>0x2a05</value>
         <object_component_ref idref="oc-57f"/>
      </symbol>
      <symbol id="sm-e21">
         <name>__aeabi_d2f</name>
         <value>0x45cd</value>
         <object_component_ref idref="oc-377"/>
      </symbol>
      <symbol id="sm-e31">
         <name>sqrtf</name>
         <value>0x5c89</value>
         <object_component_ref idref="oc-38d"/>
      </symbol>
      <symbol id="sm-e56">
         <name>_FAtan</name>
         <value>0x38dd</value>
         <object_component_ref idref="oc-63a"/>
      </symbol>
      <symbol id="sm-e64">
         <name>_FDclass</name>
         <value>0x5ac5</value>
         <object_component_ref idref="oc-3a4"/>
      </symbol>
      <symbol id="sm-e73">
         <name>_FZero</name>
         <value>0x200065ac</value>
         <object_component_ref idref="oc-642"/>
      </symbol>
      <symbol id="sm-e74">
         <name>_FRteps</name>
         <value>0x20006598</value>
         <object_component_ref idref="oc-642"/>
      </symbol>
      <symbol id="sm-e75">
         <name>_FSnan</name>
         <value>0x20006588</value>
         <object_component_ref idref="oc-642"/>
      </symbol>
      <symbol id="sm-e76">
         <name>_FNan</name>
         <value>0x20006578</value>
         <object_component_ref idref="oc-642"/>
      </symbol>
      <symbol id="sm-e77">
         <name>_FInf</name>
         <value>0x20006568</value>
         <object_component_ref idref="oc-642"/>
      </symbol>
      <symbol id="sm-e78">
         <name>_FEps</name>
         <value>0x20006558</value>
         <object_component_ref idref="oc-642"/>
      </symbol>
      <symbol id="sm-e79">
         <name>_FXbig</name>
         <value>0x200065a8</value>
         <object_component_ref idref="oc-642"/>
      </symbol>
      <symbol id="sm-e7a">
         <name>_FDenorm</name>
         <value>0x20006548</value>
         <object_component_ref idref="oc-642"/>
      </symbol>
      <symbol id="sm-ec3">
         <name>I2CMasterDataPut</name>
         <value>0x6059</value>
         <object_component_ref idref="oc-43e"/>
      </symbol>
      <symbol id="sm-ec4">
         <name>I2CMasterInitExpClk</name>
         <value>0x4f65</value>
         <object_component_ref idref="oc-556"/>
      </symbol>
      <symbol id="sm-ec5">
         <name>I2CMasterSlaveAddrSet</name>
         <value>0x602b</value>
         <object_component_ref idref="oc-436"/>
      </symbol>
      <symbol id="sm-ec6">
         <name>I2CMasterDataGet</name>
         <value>0x6055</value>
         <object_component_ref idref="oc-42c"/>
      </symbol>
      <symbol id="sm-ec7">
         <name>I2CMasterIntEnableEx</name>
         <value>0x6023</value>
         <object_component_ref idref="oc-55c"/>
      </symbol>
      <symbol id="sm-ec8">
         <name>I2CMasterControl</name>
         <value>0x6051</value>
         <object_component_ref idref="oc-29f"/>
      </symbol>
      <symbol id="sm-ec9">
         <name>I2CMasterEnable</name>
         <value>0x5fe9</value>
         <object_component_ref idref="oc-62a"/>
      </symbol>
      <symbol id="sm-eca">
         <name>I2CMasterIntClear</name>
         <value>0x601b</value>
         <object_component_ref idref="oc-299"/>
      </symbol>
      <symbol id="sm-f81">
         <name>USBDevDisconnect</name>
         <value>0x6007</value>
         <object_component_ref idref="oc-286"/>
      </symbol>
      <symbol id="sm-f82">
         <name>USBDevEndpointStallClear</name>
         <value>0x5129</value>
         <object_component_ref idref="oc-6b3"/>
      </symbol>
      <symbol id="sm-f83">
         <name>USBEndpointDataPut</name>
         <value>0x5781</value>
         <object_component_ref idref="oc-520"/>
      </symbol>
      <symbol id="sm-f84">
         <name>USBDevAddrSet</name>
         <value>0x6061</value>
         <object_component_ref idref="oc-3f0"/>
      </symbol>
      <symbol id="sm-f85">
         <name>USBLPMIntStatus</name>
         <value>0x6045</value>
         <object_component_ref idref="oc-26e"/>
      </symbol>
      <symbol id="sm-f86">
         <name>USBIntStatusControl</name>
         <value>0x5711</value>
         <object_component_ref idref="oc-139"/>
      </symbol>
      <symbol id="sm-f87">
         <name>USBDevEndpointDataAck</name>
         <value>0x5b99</value>
         <object_component_ref idref="oc-3fc"/>
      </symbol>
      <symbol id="sm-f88">
         <name>USBEndpointDataGet</name>
         <value>0x524d</value>
         <object_component_ref idref="oc-3f6"/>
      </symbol>
      <symbol id="sm-f89">
         <name>USBDevEndpointStatusClear</name>
         <value>0x4bd3</value>
         <object_component_ref idref="oc-3ea"/>
      </symbol>
      <symbol id="sm-f8a">
         <name>USBDevLPMEnable</name>
         <value>0x5f83</value>
         <object_component_ref idref="oc-274"/>
      </symbol>
      <symbol id="sm-f8b">
         <name>USBFIFOConfigSet</name>
         <value>0x562d</value>
         <object_component_ref idref="oc-756"/>
      </symbol>
      <symbol id="sm-f8c">
         <name>USBEndpointDataSend</name>
         <value>0x5821</value>
         <object_component_ref idref="oc-526"/>
      </symbol>
      <symbol id="sm-f8d">
         <name>USBIntStatusEndpoint</name>
         <value>0x6011</value>
         <object_component_ref idref="oc-27a"/>
      </symbol>
      <symbol id="sm-f8e">
         <name>USBEndpointStatus</name>
         <value>0x5f11</value>
         <object_component_ref idref="oc-3e4"/>
      </symbol>
      <symbol id="sm-f8f">
         <name>USBDevEndpointStall</name>
         <value>0x58bb</value>
         <object_component_ref idref="oc-5cc"/>
      </symbol>
      <symbol id="sm-f90">
         <name>USBDevEndpointConfigSet</name>
         <value>0x43f1</value>
         <object_component_ref idref="oc-74a"/>
      </symbol>
      <symbol id="sm-f91">
         <name>USBHostResume</name>
         <value>0x5e6b</value>
         <object_component_ref idref="oc-3d5"/>
      </symbol>
      <symbol id="sm-f92">
         <name>__TI_static_base__</name>
         <value>0x0</value>
      </symbol>
      <symbol id="sm-f95">
         <name>SHT$$INIT_ARRAY$$Limit</name>
         <value>0x0</value>
      </symbol>
      <symbol id="sm-f96">
         <name>SHT$$INIT_ARRAY$$Base</name>
         <value>0x0</value>
      </symbol>
   </symbol_table>
   <title>Link successful</title>
</link_info>
