<?xml version="1.0"?>
<link_info>
   <banner>TI ARM Linker PC v5.2.5</banner>
   <copyright>Copyright (c) 1996-2015 Texas Instruments Incorporated</copyright>
   <link_time>0x57f671d5</link_time>
   <link_errors>0x0</link_errors>
   <output_file>GyroTest.out</output_file>
   <entry_point>
      <name>_c_int00</name>
      <address>0x4e59</address>
   </entry_point>
   <input_file_list>
      <input_file id="fl-2">
         <path>.\</path>
         <kind>object</kind>
         <file>I2C_function.obj</file>
         <name>I2C_function.obj</name>
      </input_file>
      <input_file id="fl-3">
         <path>.\</path>
         <kind>object</kind>
         <file>airmouse.obj</file>
         <name>airmouse.obj</name>
      </input_file>
      <input_file id="fl-4">
         <path>.\</path>
         <kind>object</kind>
         <file>motion.obj</file>
         <name>motion.obj</name>
      </input_file>
      <input_file id="fl-5">
         <path>.\</path>
         <kind>object</kind>
         <file>remoti_uart.obj</file>
         <name>remoti_uart.obj</name>
      </input_file>
      <input_file id="fl-6">
         <path>.\</path>
         <kind>object</kind>
         <file>startup_ccs.obj</file>
         <name>startup_ccs.obj</name>
      </input_file>
      <input_file id="fl-7">
         <path>.\drivers\</path>
         <kind>object</kind>
         <file>buttons.obj</file>
         <name>buttons.obj</name>
      </input_file>
      <input_file id="fl-8">
         <path>.\drivers\</path>
         <kind>object</kind>
         <file>rgb.obj</file>
         <name>rgb.obj</name>
      </input_file>
      <input_file id="fl-9">
         <path>.\utils\</path>
         <kind>object</kind>
         <file>ringbuf.obj</file>
         <name>ringbuf.obj</name>
      </input_file>
      <input_file id="fl-a">
         <path>.\utils\</path>
         <kind>object</kind>
         <file>uartstdio.obj</file>
         <name>uartstdio.obj</name>
      </input_file>
      <input_file id="fl-133">
         <path>C:\ti\ccsv6\tools\compiler\ti-cgt-arm_5.2.5\lib\</path>
         <kind>archive</kind>
         <file>rtsv7M4_T_le_v4SPD16_eabi.lib</file>
         <name>boot.obj</name>
      </input_file>
      <input_file id="fl-134">
         <path>C:\ti\ccsv6\tools\compiler\ti-cgt-arm_5.2.5\lib\</path>
         <kind>archive</kind>
         <file>rtsv7M4_T_le_v4SPD16_eabi.lib</file>
         <name>copy_decompress_none.obj</name>
      </input_file>
      <input_file id="fl-135">
         <path>C:\ti\ccsv6\tools\compiler\ti-cgt-arm_5.2.5\lib\</path>
         <kind>archive</kind>
         <file>rtsv7M4_T_le_v4SPD16_eabi.lib</file>
         <name>copy_decompress_rle.obj</name>
      </input_file>
      <input_file id="fl-136">
         <path>C:\ti\ccsv6\tools\compiler\ti-cgt-arm_5.2.5\lib\</path>
         <kind>archive</kind>
         <file>rtsv7M4_T_le_v4SPD16_eabi.lib</file>
         <name>copy_zero_init.obj</name>
      </input_file>
      <input_file id="fl-137">
         <path>C:\ti\ccsv6\tools\compiler\ti-cgt-arm_5.2.5\lib\</path>
         <kind>archive</kind>
         <file>rtsv7M4_T_le_v4SPD16_eabi.lib</file>
         <name>exit.obj</name>
      </input_file>
      <input_file id="fl-138">
         <path>C:\ti\ccsv6\tools\compiler\ti-cgt-arm_5.2.5\lib\</path>
         <kind>archive</kind>
         <file>rtsv7M4_T_le_v4SPD16_eabi.lib</file>
         <name>fd_cmp_t2.obj</name>
      </input_file>
      <input_file id="fl-139">
         <path>C:\ti\ccsv6\tools\compiler\ti-cgt-arm_5.2.5\lib\</path>
         <kind>archive</kind>
         <file>rtsv7M4_T_le_v4SPD16_eabi.lib</file>
         <name>fs_tod_t2.obj</name>
      </input_file>
      <input_file id="fl-13a">
         <path>C:\ti\ccsv6\tools\compiler\ti-cgt-arm_5.2.5\lib\</path>
         <kind>archive</kind>
         <file>rtsv7M4_T_le_v4SPD16_eabi.lib</file>
         <name>fs_toull_t2.obj</name>
      </input_file>
      <input_file id="fl-13b">
         <path>C:\ti\ccsv6\tools\compiler\ti-cgt-arm_5.2.5\lib\</path>
         <kind>archive</kind>
         <file>rtsv7M4_T_le_v4SPD16_eabi.lib</file>
         <name>memcpy_t2.obj</name>
      </input_file>
      <input_file id="fl-13c">
         <path>C:\ti\ccsv6\tools\compiler\ti-cgt-arm_5.2.5\lib\</path>
         <kind>archive</kind>
         <file>rtsv7M4_T_le_v4SPD16_eabi.lib</file>
         <name>memset_t2.obj</name>
      </input_file>
      <input_file id="fl-13d">
         <path>C:\ti\ccsv6\tools\compiler\ti-cgt-arm_5.2.5\lib\</path>
         <kind>archive</kind>
         <file>rtsv7M4_T_le_v4SPD16_eabi.lib</file>
         <name>pre_init.obj</name>
      </input_file>
      <input_file id="fl-13e">
         <path>C:\ti\ccsv6\tools\compiler\ti-cgt-arm_5.2.5\lib\</path>
         <kind>archive</kind>
         <file>rtsv7M4_T_le_v4SPD16_eabi.lib</file>
         <name>sprintf.obj</name>
      </input_file>
      <input_file id="fl-13f">
         <path>C:\ti\ccsv6\tools\compiler\ti-cgt-arm_5.2.5\lib\</path>
         <kind>archive</kind>
         <file>rtsv7M4_T_le_v4SPD16_eabi.lib</file>
         <name>stkdepth_vars.obj</name>
      </input_file>
      <input_file id="fl-140">
         <path>C:\ti\ccsv6\tools\compiler\ti-cgt-arm_5.2.5\lib\</path>
         <kind>archive</kind>
         <file>rtsv7M4_T_le_v4SPD16_eabi.lib</file>
         <name>u_divt2.obj</name>
      </input_file>
      <input_file id="fl-141">
         <path>C:\ti\ccsv6\tools\compiler\ti-cgt-arm_5.2.5\lib\</path>
         <kind>archive</kind>
         <file>rtsv7M4_T_le_v4SPD16_eabi.lib</file>
         <name>_lock.obj</name>
      </input_file>
      <input_file id="fl-142">
         <path>C:\ti\ccsv6\tools\compiler\ti-cgt-arm_5.2.5\lib\</path>
         <kind>archive</kind>
         <file>rtsv7M4_T_le_v4SPD16_eabi.lib</file>
         <name>_printfi.obj</name>
      </input_file>
      <input_file id="fl-143">
         <path>C:\ti\ccsv6\tools\compiler\ti-cgt-arm_5.2.5\lib\</path>
         <kind>archive</kind>
         <file>rtsv7M4_T_le_v4SPD16_eabi.lib</file>
         <name>args_main.obj</name>
      </input_file>
      <input_file id="fl-144">
         <path>C:\ti\ccsv6\tools\compiler\ti-cgt-arm_5.2.5\lib\</path>
         <kind>archive</kind>
         <file>rtsv7M4_T_le_v4SPD16_eabi.lib</file>
         <name>atoi.obj</name>
      </input_file>
      <input_file id="fl-145">
         <path>C:\ti\ccsv6\tools\compiler\ti-cgt-arm_5.2.5\lib\</path>
         <kind>archive</kind>
         <file>rtsv7M4_T_le_v4SPD16_eabi.lib</file>
         <name>autoinit.obj</name>
      </input_file>
      <input_file id="fl-146">
         <path>C:\ti\ccsv6\tools\compiler\ti-cgt-arm_5.2.5\lib\</path>
         <kind>archive</kind>
         <file>rtsv7M4_T_le_v4SPD16_eabi.lib</file>
         <name>cpy_tbl.obj</name>
      </input_file>
      <input_file id="fl-147">
         <path>C:\ti\ccsv6\tools\compiler\ti-cgt-arm_5.2.5\lib\</path>
         <kind>archive</kind>
         <file>rtsv7M4_T_le_v4SPD16_eabi.lib</file>
         <name>ctype.obj</name>
      </input_file>
      <input_file id="fl-148">
         <path>C:\ti\ccsv6\tools\compiler\ti-cgt-arm_5.2.5\lib\</path>
         <kind>archive</kind>
         <file>rtsv7M4_T_le_v4SPD16_eabi.lib</file>
         <name>fd_add_t2.obj</name>
      </input_file>
      <input_file id="fl-149">
         <path>C:\ti\ccsv6\tools\compiler\ti-cgt-arm_5.2.5\lib\</path>
         <kind>archive</kind>
         <file>rtsv7M4_T_le_v4SPD16_eabi.lib</file>
         <name>fd_div_t2.obj</name>
      </input_file>
      <input_file id="fl-14a">
         <path>C:\ti\ccsv6\tools\compiler\ti-cgt-arm_5.2.5\lib\</path>
         <kind>archive</kind>
         <file>rtsv7M4_T_le_v4SPD16_eabi.lib</file>
         <name>fd_mul_t2.obj</name>
      </input_file>
      <input_file id="fl-14b">
         <path>C:\ti\ccsv6\tools\compiler\ti-cgt-arm_5.2.5\lib\</path>
         <kind>archive</kind>
         <file>rtsv7M4_T_le_v4SPD16_eabi.lib</file>
         <name>fd_toi_t2.obj</name>
      </input_file>
      <input_file id="fl-14c">
         <path>C:\ti\ccsv6\tools\compiler\ti-cgt-arm_5.2.5\lib\</path>
         <kind>archive</kind>
         <file>rtsv7M4_T_le_v4SPD16_eabi.lib</file>
         <name>frexp.obj</name>
      </input_file>
      <input_file id="fl-14d">
         <path>C:\ti\ccsv6\tools\compiler\ti-cgt-arm_5.2.5\lib\</path>
         <kind>archive</kind>
         <file>rtsv7M4_T_le_v4SPD16_eabi.lib</file>
         <name>i_div0.obj</name>
      </input_file>
      <input_file id="fl-14e">
         <path>C:\ti\ccsv6\tools\compiler\ti-cgt-arm_5.2.5\lib\</path>
         <kind>archive</kind>
         <file>rtsv7M4_T_le_v4SPD16_eabi.lib</file>
         <name>i_tofd_t2.obj</name>
      </input_file>
      <input_file id="fl-14f">
         <path>C:\ti\ccsv6\tools\compiler\ti-cgt-arm_5.2.5\lib\</path>
         <kind>archive</kind>
         <file>rtsv7M4_T_le_v4SPD16_eabi.lib</file>
         <name>ldexp.obj</name>
      </input_file>
      <input_file id="fl-150">
         <path>C:\ti\ccsv6\tools\compiler\ti-cgt-arm_5.2.5\lib\</path>
         <kind>archive</kind>
         <file>rtsv7M4_T_le_v4SPD16_eabi.lib</file>
         <name>ltoa.obj</name>
      </input_file>
      <input_file id="fl-151">
         <path>C:\ti\ccsv6\tools\compiler\ti-cgt-arm_5.2.5\lib\</path>
         <kind>archive</kind>
         <file>rtsv7M4_T_le_v4SPD16_eabi.lib</file>
         <name>memccpy.obj</name>
      </input_file>
      <input_file id="fl-152">
         <path>C:\ti\ccsv6\tools\compiler\ti-cgt-arm_5.2.5\lib\</path>
         <kind>archive</kind>
         <file>rtsv7M4_T_le_v4SPD16_eabi.lib</file>
         <name>strchr.obj</name>
      </input_file>
      <input_file id="fl-153">
         <path>C:\ti\ccsv6\tools\compiler\ti-cgt-arm_5.2.5\lib\</path>
         <kind>archive</kind>
         <file>rtsv7M4_T_le_v4SPD16_eabi.lib</file>
         <name>strlen.obj</name>
      </input_file>
      <input_file id="fl-154">
         <path>C:\ti\ccsv6\tools\compiler\ti-cgt-arm_5.2.5\lib\</path>
         <kind>archive</kind>
         <file>rtsv7M4_T_le_v4SPD16_eabi.lib</file>
         <name>ull_div_t2.obj</name>
      </input_file>
      <input_file id="fl-155">
         <path>C:\ti\ccsv6\tools\compiler\ti-cgt-arm_5.2.5\lib\</path>
         <kind>archive</kind>
         <file>rtsv7M4_T_le_v4SPD16_eabi.lib</file>
         <name>xdclass.obj</name>
      </input_file>
      <input_file id="fl-156">
         <path>C:\ti\ccsv6\tools\compiler\ti-cgt-arm_5.2.5\lib\</path>
         <kind>archive</kind>
         <file>rtsv7M4_T_le_v4SPD16_eabi.lib</file>
         <name>xdscale.obj</name>
      </input_file>
      <input_file id="fl-157">
         <path>C:\ti\ccsv6\tools\compiler\ti-cgt-arm_5.2.5\lib\</path>
         <kind>archive</kind>
         <file>rtsv7M4_T_le_v4SPD16_eabi.lib</file>
         <name>xdunscal.obj</name>
      </input_file>
      <input_file id="fl-158">
         <path>C:\ti\ccsv6\tools\compiler\ti-cgt-arm_5.2.5\lib\</path>
         <kind>archive</kind>
         <file>rtsv7M4_T_le_v4SPD16_eabi.lib</file>
         <name>xferaise.obj</name>
      </input_file>
      <input_file id="fl-159">
         <path>C:\ti\ccsv6\tools\compiler\ti-cgt-arm_5.2.5\lib\</path>
         <kind>archive</kind>
         <file>rtsv7M4_T_le_v4SPD16_eabi.lib</file>
         <name>xvalues.obj</name>
      </input_file>
      <input_file id="fl-15a">
         <path>C:\ti\ccsv6\tools\compiler\ti-cgt-arm_5.2.5\lib\</path>
         <kind>archive</kind>
         <file>rtsv7M4_T_le_v4SPD16_eabi.lib</file>
         <name>errno.obj</name>
      </input_file>
      <input_file id="fl-15b">
         <path>C:\ti\ccsv6\tools\compiler\ti-cgt-arm_5.2.5\lib\</path>
         <kind>archive</kind>
         <file>rtsv7M4_T_le_v4SPD16_eabi.lib</file>
         <name>feraiseexcept.obj</name>
      </input_file>
      <input_file id="fl-15c">
         <path>C:\ti\ccsv6\tools\compiler\ti-cgt-arm_5.2.5\lib\</path>
         <kind>archive</kind>
         <file>rtsv7M4_T_le_v4SPD16_eabi.lib</file>
         <name>raise.obj</name>
      </input_file>
      <input_file id="fl-15d">
         <path>C:\ti\ccsv6\tools\compiler\ti-cgt-arm_5.2.5\lib\</path>
         <kind>archive</kind>
         <file>rtsv7M4_T_le_v4SPD16_eabi.lib</file>
         <name>signal.obj</name>
      </input_file>
      <input_file id="fl-15e">
         <path>C:\ti\ccsv6\tools\compiler\ti-cgt-arm_5.2.5\lib\</path>
         <kind>archive</kind>
         <file>rtsv7M4_T_le_v4SPD16_eabi.lib</file>
         <name>xdnorm.obj</name>
      </input_file>
      <input_file id="fl-15f">
         <path>C:\ti\TivaWare_C_Series-2.1.3.156\driverlib\ccs\Debug\</path>
         <kind>archive</kind>
         <file>driverlib.lib</file>
         <name>fpu.obj</name>
      </input_file>
      <input_file id="fl-160">
         <path>C:\ti\TivaWare_C_Series-2.1.3.156\driverlib\ccs\Debug\</path>
         <kind>archive</kind>
         <file>driverlib.lib</file>
         <name>gpio.obj</name>
      </input_file>
      <input_file id="fl-161">
         <path>C:\ti\TivaWare_C_Series-2.1.3.156\driverlib\ccs\Debug\</path>
         <kind>archive</kind>
         <file>driverlib.lib</file>
         <name>i2c.obj</name>
      </input_file>
      <input_file id="fl-162">
         <path>C:\ti\TivaWare_C_Series-2.1.3.156\driverlib\ccs\Debug\</path>
         <kind>archive</kind>
         <file>driverlib.lib</file>
         <name>interrupt.obj</name>
      </input_file>
      <input_file id="fl-163">
         <path>C:\ti\TivaWare_C_Series-2.1.3.156\driverlib\ccs\Debug\</path>
         <kind>archive</kind>
         <file>driverlib.lib</file>
         <name>sysctl.obj</name>
      </input_file>
      <input_file id="fl-164">
         <path>C:\ti\TivaWare_C_Series-2.1.3.156\driverlib\ccs\Debug\</path>
         <kind>archive</kind>
         <file>driverlib.lib</file>
         <name>uart.obj</name>
      </input_file>
      <input_file id="fl-165">
         <path>C:\ti\TivaWare_C_Series-2.1.3.156\driverlib\ccs\Debug\</path>
         <kind>archive</kind>
         <file>driverlib.lib</file>
         <name>cpu.obj</name>
      </input_file>
      <input_file id="fl-166">
         <path>C:\ti\TivaWare_C_Series-2.1.3.156\usblib\ccs\Debug\</path>
         <kind>archive</kind>
         <file>usblib.lib</file>
         <name>usbdhandler.obj</name>
      </input_file>
      <input_file id="fl-167">
         <path>C:\ti\TivaWare_C_Series-2.1.3.156\usblib\ccs\Debug\</path>
         <kind>archive</kind>
         <file>usblib.lib</file>
         <name>usbdenum.obj</name>
      </input_file>
      <input_file id="fl-168">
         <path>C:\ti\TivaWare_C_Series-2.1.3.156\usblib\ccs\Debug\</path>
         <kind>archive</kind>
         <file>usblib.lib</file>
         <name>usbdma.obj</name>
      </input_file>
      <input_file id="fl-169">
         <path>C:\ti\TivaWare_C_Series-2.1.3.156\usblib\ccs\Debug\</path>
         <kind>archive</kind>
         <file>usblib.lib</file>
         <name>usbmode.obj</name>
      </input_file>
      <input_file id="fl-16a">
         <path>C:\ti\TivaWare_C_Series-2.1.3.156\usblib\ccs\Debug\</path>
         <kind>archive</kind>
         <file>usblib.lib</file>
         <name>usbtick.obj</name>
      </input_file>
      <input_file id="fl-16b">
         <path>C:\ti\TivaWare_C_Series-2.1.3.156\usblib\ccs\Debug\</path>
         <kind>archive</kind>
         <file>usblib.lib</file>
         <name>usbulpi.obj</name>
      </input_file>
      <input_file id="fl-16c">
         <path>C:\ti\TivaWare_C_Series-2.1.3.156\usblib\ccs\Debug\</path>
         <kind>archive</kind>
         <file>usblib.lib</file>
         <name>usbhostenum.obj</name>
      </input_file>
      <input_file id="fl-16d">
         <path>C:\ti\TivaWare_C_Series-2.1.3.156\usblib\ccs\Debug\</path>
         <kind>archive</kind>
         <file>usblib.lib</file>
         <name>usbdcdesc.obj</name>
      </input_file>
      <input_file id="fl-16e">
         <path>C:\ti\TivaWare_C_Series-2.1.3.156\usblib\ccs\Debug\</path>
         <kind>archive</kind>
         <file>usblib.lib</file>
         <name>usbdconfig.obj</name>
      </input_file>
      <input_file id="fl-16f">
         <path>C:\ti\TivaWare_C_Series-2.1.3.156\usblib\ccs\Debug\</path>
         <kind>archive</kind>
         <file>usblib.lib</file>
         <name>usbdesc.obj</name>
      </input_file>
      <input_file id="fl-170">
         <path>C:\ti\TivaWare_C_Series-2.1.3.156\usblib\ccs\Debug\</path>
         <kind>archive</kind>
         <file>usblib.lib</file>
         <name>usbhhub.obj</name>
      </input_file>
      <input_file id="fl-171">
         <path>C:\ti\TivaWare_C_Series-2.1.3.156\sensorlib\ccs\Debug\</path>
         <kind>archive</kind>
         <file>sensorlib.lib</file>
         <name>comp_dcm.obj</name>
      </input_file>
      <input_file id="fl-172">
         <path>C:\ti\TivaWare_C_Series-2.1.3.156\sensorlib\ccs\Debug\</path>
         <kind>archive</kind>
         <file>sensorlib.lib</file>
         <name>i2cm_drv.obj</name>
      </input_file>
      <input_file id="fl-173">
         <path>C:\ti\TivaWare_C_Series-2.1.3.156\sensorlib\ccs\Debug\</path>
         <kind>archive</kind>
         <file>sensorlib.lib</file>
         <name>mpu9150.obj</name>
      </input_file>
      <input_file id="fl-174">
         <path>C:\ti\TivaWare_C_Series-2.1.3.156\sensorlib\ccs\Debug\</path>
         <kind>archive</kind>
         <file>sensorlib.lib</file>
         <name>vector.obj</name>
      </input_file>
      <input_file id="fl-175">
         <path>C:\ti\ccsv6\tools\compiler\ti-cgt-arm_5.2.5\lib\</path>
         <kind>archive</kind>
         <file>rtsv7M4_T_le_v4SPD16_eabi.lib</file>
         <name>asinf.obj</name>
      </input_file>
      <input_file id="fl-176">
         <path>C:\ti\ccsv6\tools\compiler\ti-cgt-arm_5.2.5\lib\</path>
         <kind>archive</kind>
         <file>rtsv7M4_T_le_v4SPD16_eabi.lib</file>
         <name>atan2f.obj</name>
      </input_file>
      <input_file id="fl-177">
         <path>C:\ti\ccsv6\tools\compiler\ti-cgt-arm_5.2.5\lib\</path>
         <kind>archive</kind>
         <file>rtsv7M4_T_le_v4SPD16_eabi.lib</file>
         <name>fd_tos_t2.obj</name>
      </input_file>
      <input_file id="fl-178">
         <path>C:\ti\ccsv6\tools\compiler\ti-cgt-arm_5.2.5\lib\</path>
         <kind>archive</kind>
         <file>rtsv7M4_T_le_v4SPD16_eabi.lib</file>
         <name>sqrtf.obj</name>
      </input_file>
      <input_file id="fl-179">
         <path>C:\ti\ccsv6\tools\compiler\ti-cgt-arm_5.2.5\lib\</path>
         <kind>archive</kind>
         <file>rtsv7M4_T_le_v4SPD16_eabi.lib</file>
         <name>xfatan.obj</name>
      </input_file>
      <input_file id="fl-17a">
         <path>C:\ti\ccsv6\tools\compiler\ti-cgt-arm_5.2.5\lib\</path>
         <kind>archive</kind>
         <file>rtsv7M4_T_le_v4SPD16_eabi.lib</file>
         <name>xfdclass.obj</name>
      </input_file>
      <input_file id="fl-17b">
         <path>C:\ti\ccsv6\tools\compiler\ti-cgt-arm_5.2.5\lib\</path>
         <kind>archive</kind>
         <file>rtsv7M4_T_le_v4SPD16_eabi.lib</file>
         <name>xfvalues.obj</name>
      </input_file>
      <input_file id="fl-17c">
         <path>C:\ti\TivaWare_C_Series-2.1.3.156\driverlib\ccs\Debug\</path>
         <kind>archive</kind>
         <file>driverlib.lib</file>
         <name>udma.obj</name>
      </input_file>
      <input_file id="fl-17d">
         <path>C:\ti\TivaWare_C_Series-2.1.3.156\driverlib\ccs\Debug\</path>
         <kind>archive</kind>
         <file>driverlib.lib</file>
         <name>usb.obj</name>
      </input_file>
   </input_file_list>
   <object_component_list>
      <object_component id="oc-f">
         <name>.intvecs</name>
         <load_address>0x0</load_address>
         <run_address>0x0</run_address>
         <size>0x26c</size>
         <input_file_ref idref="fl-6"/>
      </object_component>
      <object_component id="oc-58c">
         <name>.text</name>
         <load_address>0x26c</load_address>
         <run_address>0x26c</run_address>
         <size>0x10ba</size>
         <input_file_ref idref="fl-142"/>
      </object_component>
      <object_component id="oc-36">
         <name>.text:FaultISR</name>
         <load_address>0x1326</load_address>
         <run_address>0x1326</run_address>
         <size>0x2</size>
         <input_file_ref idref="fl-6"/>
      </object_component>
      <object_component id="oc-205">
         <name>.text:CompDCMUpdate</name>
         <load_address>0x1328</load_address>
         <run_address>0x1328</run_address>
         <size>0x290</size>
         <input_file_ref idref="fl-171"/>
      </object_component>
      <object_component id="oc-4be">
         <name>.text:GestureEmitClassify</name>
         <load_address>0x15b8</load_address>
         <run_address>0x15b8</run_address>
         <size>0x248</size>
         <input_file_ref idref="fl-4"/>
      </object_component>
      <object_component id="oc-647">
         <name>.text</name>
         <load_address>0x1800</load_address>
         <run_address>0x1800</run_address>
         <size>0x1f4</size>
         <input_file_ref idref="fl-154"/>
      </object_component>
      <object_component id="oc-45f">
         <name>.text:UARTvprintf</name>
         <load_address>0x19f4</load_address>
         <run_address>0x19f4</run_address>
         <size>0x1ea</size>
         <input_file_ref idref="fl-a"/>
      </object_component>
      <object_component id="oc-3c">
         <name>.text:IntDefaultHandler</name>
         <load_address>0x1bde</load_address>
         <run_address>0x1bde</run_address>
         <size>0x2</size>
         <input_file_ref idref="fl-6"/>
      </object_component>
      <object_component id="oc-318">
         <name>.text:MotionInit</name>
         <load_address>0x1be0</load_address>
         <run_address>0x1be0</run_address>
         <size>0x1b8</size>
         <input_file_ref idref="fl-4"/>
      </object_component>
      <object_component id="oc-39f">
         <name>.text</name>
         <load_address>0x1d98</load_address>
         <run_address>0x1d98</run_address>
         <size>0x1b6</size>
         <input_file_ref idref="fl-148"/>
      </object_component>
      <object_component id="oc-30">
         <name>.text:NmiSR</name>
         <load_address>0x1f4e</load_address>
         <run_address>0x1f4e</run_address>
         <size>0x2</size>
         <input_file_ref idref="fl-6"/>
      </object_component>
      <object_component id="oc-1cc">
         <name>.text:MPU9150Callback</name>
         <load_address>0x1f50</load_address>
         <run_address>0x1f50</run_address>
         <size>0x194</size>
         <input_file_ref idref="fl-173"/>
      </object_component>
      <object_component id="oc-31e">
         <name>.text:MotionMain</name>
         <load_address>0x20e4</load_address>
         <run_address>0x20e4</run_address>
         <size>0x170</size>
         <input_file_ref idref="fl-4"/>
      </object_component>
      <object_component id="oc-4e">
         <name>.text:UARTStdioIntHandler</name>
         <load_address>0x2254</load_address>
         <run_address>0x2254</run_address>
         <size>0x160</size>
         <input_file_ref idref="fl-a"/>
      </object_component>
      <object_component id="oc-408">
         <name>.text:USBDEP0StateTxConfig</name>
         <load_address>0x23b4</load_address>
         <run_address>0x23b4</run_address>
         <size>0x150</size>
         <input_file_ref idref="fl-167"/>
      </object_component>
      <object_component id="oc-13f">
         <name>.text:USBDeviceIntHandlerInternal</name>
         <load_address>0x2504</load_address>
         <run_address>0x2504</run_address>
         <size>0x150</size>
         <input_file_ref idref="fl-167"/>
      </object_component>
      <object_component id="oc-6c5">
         <name>.text:USBDeviceConfig</name>
         <load_address>0x2654</load_address>
         <run_address>0x2654</run_address>
         <size>0x148</size>
         <input_file_ref idref="fl-16e"/>
      </object_component>
      <object_component id="oc-652">
         <name>.text</name>
         <load_address>0x279c</load_address>
         <run_address>0x279c</run_address>
         <size>0x136</size>
         <input_file_ref idref="fl-149"/>
      </object_component>
      <object_component id="oc-54e">
         <name>.text:GPIOPadConfigSet</name>
         <load_address>0x28d2</load_address>
         <run_address>0x28d2</run_address>
         <size>0x132</size>
         <input_file_ref idref="fl-160"/>
      </object_component>
      <object_component id="oc-57f">
         <name>.text</name>
         <load_address>0x2a04</load_address>
         <run_address>0x2a04</run_address>
         <size>0x118</size>
         <input_file_ref idref="fl-176"/>
      </object_component>
      <object_component id="oc-70b">
         <name>.text</name>
         <load_address>0x2b1c</load_address>
         <run_address>0x2b1c</run_address>
         <size>0x110</size>
         <input_file_ref idref="fl-156"/>
      </object_component>
      <object_component id="oc-114">
         <name>.text:RemoTIUARTRxHandler</name>
         <load_address>0x2c2c</load_address>
         <run_address>0x2c2c</run_address>
         <size>0x108</size>
         <input_file_ref idref="fl-5"/>
      </object_component>
      <object_component id="oc-d5">
         <name>.text:MotionCallback</name>
         <load_address>0x2d34</load_address>
         <run_address>0x2d34</run_address>
         <size>0x104</size>
         <input_file_ref idref="fl-4"/>
      </object_component>
      <object_component id="oc-312">
         <name>.text:RGBInit</name>
         <load_address>0x2e38</load_address>
         <run_address>0x2e38</run_address>
         <size>0x100</size>
         <input_file_ref idref="fl-8"/>
      </object_component>
      <object_component id="oc-372">
         <name>.text</name>
         <load_address>0x2f38</load_address>
         <run_address>0x2f38</run_address>
         <size>0xfc</size>
         <input_file_ref idref="fl-14a"/>
      </object_component>
      <object_component id="oc-146">
         <name>.text:I2CMIntHandler</name>
         <load_address>0x3034</load_address>
         <run_address>0x3034</run_address>
         <size>0xf2</size>
         <input_file_ref idref="fl-172"/>
      </object_component>
      <object_component id="oc-621">
         <name>.text</name>
         <load_address>0x3126</load_address>
         <run_address>0x3126</run_address>
         <size>0x2</size>
         <input_file_ref idref="fl-14d"/>
      </object_component>
      <object_component id="oc-5ed">
         <name>.text:USBDGetDescriptor</name>
         <load_address>0x3128</load_address>
         <run_address>0x3128</run_address>
         <size>0xe4</size>
         <input_file_ref idref="fl-167"/>
      </object_component>
      <object_component id="oc-181">
         <name>.text:main</name>
         <load_address>0x320c</load_address>
         <run_address>0x320c</run_address>
         <size>0xe4</size>
         <input_file_ref idref="fl-3"/>
      </object_component>
      <object_component id="oc-4c4">
         <name>.text:GestureUpdate</name>
         <load_address>0x32f0</load_address>
         <run_address>0x32f0</run_address>
         <size>0xd8</size>
         <input_file_ref idref="fl-4"/>
      </object_component>
      <object_component id="oc-285">
         <name>.text:USBDeviceEnumHandler</name>
         <load_address>0x33c8</load_address>
         <run_address>0x33c8</run_address>
         <size>0xd8</size>
         <input_file_ref idref="fl-167"/>
      </object_component>
      <object_component id="oc-156">
         <name>.text:RGBEnable</name>
         <load_address>0x34a0</load_address>
         <run_address>0x34a0</run_address>
         <size>0xc0</size>
         <input_file_ref idref="fl-8"/>
      </object_component>
      <object_component id="oc-777">
         <name>.text</name>
         <load_address>0x3560</load_address>
         <run_address>0x3560</run_address>
         <size>0xbe</size>
         <input_file_ref idref="fl-15e"/>
      </object_component>
      <object_component id="oc-585">
         <name>.text</name>
         <load_address>0x3620</load_address>
         <run_address>0x3620</run_address>
         <size>0xb4</size>
         <input_file_ref idref="fl-175"/>
      </object_component>
      <object_component id="oc-4ac">
         <name>.text:CompDCMStart</name>
         <load_address>0x36d4</load_address>
         <run_address>0x36d4</run_address>
         <size>0xb0</size>
         <input_file_ref idref="fl-171"/>
      </object_component>
      <object_component id="oc-458">
         <name>.text:UARTStdioConfig</name>
         <load_address>0x3784</load_address>
         <run_address>0x3784</run_address>
         <size>0xb0</size>
         <input_file_ref idref="fl-a"/>
      </object_component>
      <object_component id="oc-ed">
         <name>.text:UARTwrite</name>
         <load_address>0x3834</load_address>
         <run_address>0x3834</run_address>
         <size>0xa8</size>
         <input_file_ref idref="fl-a"/>
      </object_component>
      <object_component id="oc-63a">
         <name>.text</name>
         <load_address>0x38dc</load_address>
         <run_address>0x38dc</run_address>
         <size>0xa8</size>
         <input_file_ref idref="fl-179"/>
      </object_component>
      <object_component id="oc-1ed">
         <name>.text:MPU9150DataMagnetoGetFloat</name>
         <load_address>0x3984</load_address>
         <run_address>0x3984</run_address>
         <size>0x9c</size>
         <input_file_ref idref="fl-173"/>
      </object_component>
      <object_component id="oc-48a">
         <name>.text:MPU9150Write</name>
         <load_address>0x3a20</load_address>
         <run_address>0x3a20</run_address>
         <size>0x9c</size>
         <input_file_ref idref="fl-173"/>
      </object_component>
      <object_component id="oc-6f">
         <name>.text</name>
         <load_address>0x3abc</load_address>
         <run_address>0x3abc</run_address>
         <size>0x9c</size>
         <input_file_ref idref="fl-13b"/>
      </object_component>
      <object_component id="oc-2e6">
         <name>.text:I2CMStateIdle</name>
         <load_address>0x3b58</load_address>
         <run_address>0x3b58</run_address>
         <size>0x98</size>
         <input_file_ref idref="fl-172"/>
      </object_component>
      <object_component id="oc-60b">
         <name>.text:USBDSetInterface</name>
         <load_address>0x3bf0</load_address>
         <run_address>0x3bf0</run_address>
         <size>0x98</size>
         <input_file_ref idref="fl-167"/>
      </object_component>
      <object_component id="oc-54">
         <name>.text:RemoTIUARTIntHandler</name>
         <load_address>0x3c88</load_address>
         <run_address>0x3c88</run_address>
         <size>0x94</size>
         <input_file_ref idref="fl-5"/>
      </object_component>
      <object_component id="oc-1db">
         <name>.text:RGBColorSet</name>
         <load_address>0x3d1c</load_address>
         <run_address>0x3d1c</run_address>
         <size>0x90</size>
         <input_file_ref idref="fl-8"/>
      </object_component>
      <object_component id="oc-5ff">
         <name>.text:USBDSetConfiguration</name>
         <load_address>0x3dac</load_address>
         <run_address>0x3dac</run_address>
         <size>0x90</size>
         <input_file_ref idref="fl-167"/>
      </object_component>
      <object_component id="oc-b4">
         <name>.text:ButtonsPoll</name>
         <load_address>0x3e3c</load_address>
         <run_address>0x3e3c</run_address>
         <size>0x8c</size>
         <input_file_ref idref="fl-7"/>
      </object_component>
      <object_component id="oc-e1">
         <name>.text:UARTPrimeTransmit</name>
         <load_address>0x3ec8</load_address>
         <run_address>0x3ec8</run_address>
         <size>0x8c</size>
         <input_file_ref idref="fl-a"/>
      </object_component>
      <object_component id="oc-6d9">
         <name>.text:USBDeviceConfigAlternate</name>
         <load_address>0x3f54</load_address>
         <run_address>0x3f54</run_address>
         <size>0x8c</size>
         <input_file_ref idref="fl-16e"/>
      </object_component>
      <object_component id="oc-1c6">
         <name>.text:I2CMCommand</name>
         <load_address>0x3fe0</load_address>
         <run_address>0x3fe0</run_address>
         <size>0x88</size>
         <input_file_ref idref="fl-172"/>
      </object_component>
      <object_component id="oc-564">
         <name>.text:MotionErrorHandler</name>
         <load_address>0x4068</load_address>
         <run_address>0x4068</run_address>
         <size>0x88</size>
         <input_file_ref idref="fl-4"/>
      </object_component>
      <object_component id="oc-5a0">
         <name>.text:__aeabi_cdcmple</name>
         <load_address>0x40f0</load_address>
         <run_address>0x40f0</run_address>
         <size>0x86</size>
         <input_file_ref idref="fl-138"/>
      </object_component>
      <object_component id="oc-5a5">
         <name>.text:__aeabi_cdrcmple</name>
         <load_address>0x4176</load_address>
         <run_address>0x4176</run_address>
         <size>0x86</size>
         <input_file_ref idref="fl-138"/>
      </object_component>
      <object_component id="oc-5db">
         <name>.text:USBDClearFeature</name>
         <load_address>0x41fc</load_address>
         <run_address>0x41fc</run_address>
         <size>0x80</size>
         <input_file_ref idref="fl-167"/>
      </object_component>
      <object_component id="oc-496">
         <name>.text:GestureInit</name>
         <load_address>0x427c</load_address>
         <run_address>0x427c</run_address>
         <size>0x7c</size>
         <input_file_ref idref="fl-4"/>
      </object_component>
      <object_component id="oc-1e1">
         <name>.text:MPU9150DataAccelGetFloat</name>
         <load_address>0x42f8</load_address>
         <run_address>0x42f8</run_address>
         <size>0x7c</size>
         <input_file_ref idref="fl-173"/>
      </object_component>
      <object_component id="oc-1e7">
         <name>.text:MPU9150DataGyroGetFloat</name>
         <load_address>0x4374</load_address>
         <run_address>0x4374</run_address>
         <size>0x7c</size>
         <input_file_ref idref="fl-173"/>
      </object_component>
      <object_component id="oc-74a">
         <name>.text:USBDevEndpointConfigSet</name>
         <load_address>0x43f0</load_address>
         <run_address>0x43f0</run_address>
         <size>0x7a</size>
         <input_file_ref idref="fl-17d"/>
      </object_component>
      <object_component id="oc-88">
         <name>.text</name>
         <load_address>0x446a</load_address>
         <run_address>0x446a</run_address>
         <size>0x7a</size>
         <input_file_ref idref="fl-13c"/>
      </object_component>
      <object_component id="oc-5d5">
         <name>.text:USBDGetStatus</name>
         <load_address>0x44e4</load_address>
         <run_address>0x44e4</run_address>
         <size>0x78</size>
         <input_file_ref idref="fl-167"/>
      </object_component>
      <object_component id="oc-40e">
         <name>.text:USBDEP0StateTx</name>
         <load_address>0x455c</load_address>
         <run_address>0x455c</run_address>
         <size>0x70</size>
         <input_file_ref idref="fl-167"/>
      </object_component>
      <object_component id="oc-47e">
         <name>.text:MPU9150Init</name>
         <load_address>0x45cc</load_address>
         <run_address>0x45cc</run_address>
         <size>0x6c</size>
         <input_file_ref idref="fl-173"/>
      </object_component>
      <object_component id="oc-5e1">
         <name>.text:USBDSetFeature</name>
         <load_address>0x4638</load_address>
         <run_address>0x4638</run_address>
         <size>0x6c</size>
         <input_file_ref idref="fl-167"/>
      </object_component>
      <object_component id="oc-9a">
         <name>.text</name>
         <load_address>0x46a4</load_address>
         <run_address>0x46a4</run_address>
         <size>0x6c</size>
         <input_file_ref idref="fl-145"/>
      </object_component>
      <object_component id="oc-7b">
         <name>.text</name>
         <load_address>0x4710</load_address>
         <run_address>0x4710</run_address>
         <size>0x6a</size>
         <input_file_ref idref="fl-135"/>
      </object_component>
      <object_component id="oc-346">
         <name>.text:IntDisable</name>
         <load_address>0x477c</load_address>
         <run_address>0x477c</run_address>
         <size>0x68</size>
         <input_file_ref idref="fl-162"/>
      </object_component>
      <object_component id="oc-352">
         <name>.text:IntEnable</name>
         <load_address>0x47e4</load_address>
         <run_address>0x47e4</run_address>
         <size>0x68</size>
         <input_file_ref idref="fl-162"/>
      </object_component>
      <object_component id="oc-150">
         <name>.text:RGBDisable</name>
         <load_address>0x484c</load_address>
         <run_address>0x484c</run_address>
         <size>0x68</size>
         <input_file_ref idref="fl-8"/>
      </object_component>
      <object_component id="oc-703">
         <name>.text</name>
         <load_address>0x48b4</load_address>
         <run_address>0x48b4</run_address>
         <size>0x66</size>
         <input_file_ref idref="fl-157"/>
      </object_component>
      <object_component id="oc-306">
         <name>.text:ConfigureUART</name>
         <load_address>0x491c</load_address>
         <run_address>0x491c</run_address>
         <size>0x64</size>
         <input_file_ref idref="fl-3"/>
      </object_component>
      <object_component id="oc-340">
         <name>.text:IntIsEnabled</name>
         <load_address>0x4980</load_address>
         <run_address>0x4980</run_address>
         <size>0x64</size>
         <input_file_ref idref="fl-162"/>
      </object_component>
      <object_component id="oc-cc">
         <name>.text:MPU9150DataRead</name>
         <load_address>0x49e4</load_address>
         <run_address>0x49e4</run_address>
         <size>0x60</size>
         <input_file_ref idref="fl-173"/>
      </object_component>
      <object_component id="oc-402">
         <name>.text:USBDReadAndDispatchRequest</name>
         <load_address>0x4a44</load_address>
         <run_address>0x4a44</run_address>
         <size>0x60</size>
         <input_file_ref idref="fl-167"/>
      </object_component>
      <object_component id="oc-4b8">
         <name>.text</name>
         <load_address>0x4aa4</load_address>
         <run_address>0x4aa4</run_address>
         <size>0x60</size>
         <input_file_ref idref="fl-13e"/>
      </object_component>
      <object_component id="oc-2d4">
         <name>.text:I2CMStateWritePause</name>
         <load_address>0x4b04</load_address>
         <run_address>0x4b04</run_address>
         <size>0x5e</size>
         <input_file_ref idref="fl-172"/>
      </object_component>
      <object_component id="oc-3ea">
         <name>.text:USBDevEndpointStatusClear</name>
         <load_address>0x4b62</load_address>
         <run_address>0x4b62</run_address>
         <size>0x5e</size>
         <input_file_ref idref="fl-17d"/>
      </object_component>
      <object_component id="oc-381">
         <name>.text:VectorCrossProduct</name>
         <load_address>0x4bc0</load_address>
         <run_address>0x4bc0</run_address>
         <size>0x56</size>
         <input_file_ref idref="fl-174"/>
      </object_component>
      <object_component id="oc-65c">
         <name>.text</name>
         <load_address>0x4c16</load_address>
         <run_address>0x4c16</run_address>
         <size>0x56</size>
         <input_file_ref idref="fl-150"/>
      </object_component>
      <object_component id="oc-5af">
         <name>.text:GestureNormalize</name>
         <load_address>0x4c6c</load_address>
         <run_address>0x4c6c</run_address>
         <size>0x54</size>
         <input_file_ref idref="fl-4"/>
      </object_component>
      <object_component id="oc-56b">
         <name>.text:I2CMWrite8</name>
         <load_address>0x4cc0</load_address>
         <run_address>0x4cc0</run_address>
         <size>0x54</size>
         <input_file_ref idref="fl-172"/>
      </object_component>
      <object_component id="oc-66d">
         <name>.text</name>
         <load_address>0x4d14</load_address>
         <run_address>0x4d14</run_address>
         <size>0x52</size>
         <input_file_ref idref="fl-14f"/>
      </object_component>
      <object_component id="oc-2da">
         <name>.text:I2CMStateWriteFinal</name>
         <load_address>0x4d66</load_address>
         <run_address>0x4d66</run_address>
         <size>0x50</size>
         <input_file_ref idref="fl-172"/>
      </object_component>
      <object_component id="oc-738">
         <name>.text:USBDCDConfigDescGet</name>
         <load_address>0x4db6</load_address>
         <run_address>0x4db6</run_address>
         <size>0x50</size>
         <input_file_ref idref="fl-16d"/>
      </object_component>
      <object_component id="oc-267">
         <name>.text:USBDeviceResumeTickHandler</name>
         <load_address>0x4e08</load_address>
         <run_address>0x4e08</run_address>
         <size>0x50</size>
         <input_file_ref idref="fl-167"/>
      </object_component>
      <object_component id="oc-24">
         <name>.text</name>
         <load_address>0x4e58</load_address>
         <run_address>0x4e58</run_address>
         <size>0x50</size>
         <input_file_ref idref="fl-133"/>
      </object_component>
      <object_component id="oc-744">
         <name>.text:GetEPDescriptorType</name>
         <load_address>0x4ea8</load_address>
         <run_address>0x4ea8</run_address>
         <size>0x4c</size>
         <input_file_ref idref="fl-16e"/>
      </object_component>
      <object_component id="oc-556">
         <name>.text:I2CMasterInitExpClk</name>
         <load_address>0x4ef4</load_address>
         <run_address>0x4ef4</run_address>
         <size>0x4c</size>
         <input_file_ref idref="fl-161"/>
      </object_component>
      <object_component id="oc-6bc">
         <name>.text:USBDStringIndexFromRequest</name>
         <load_address>0x4f40</load_address>
         <run_address>0x4f40</run_address>
         <size>0x4c</size>
         <input_file_ref idref="fl-167"/>
      </object_component>
      <object_component id="oc-685">
         <name>.text</name>
         <load_address>0x4f8c</load_address>
         <run_address>0x4f8c</run_address>
         <size>0x4c</size>
         <input_file_ref idref="fl-144"/>
      </object_component>
      <object_component id="oc-179">
         <name>.text</name>
         <load_address>0x4fd8</load_address>
         <run_address>0x4fd8</run_address>
         <size>0x4c</size>
         <input_file_ref idref="fl-146"/>
      </object_component>
      <object_component id="oc-765">
         <name>.text:ConfigAlternateInterfaceGet</name>
         <load_address>0x5024</load_address>
         <run_address>0x5024</run_address>
         <size>0x4a</size>
         <input_file_ref idref="fl-16d"/>
      </object_component>
      <object_component id="oc-2c2">
         <name>.text:I2CMStateReadNext</name>
         <load_address>0x506e</load_address>
         <run_address>0x506e</run_address>
         <size>0x4a</size>
         <input_file_ref idref="fl-172"/>
      </object_component>
      <object_component id="oc-6b3">
         <name>.text:USBDevEndpointStallClear</name>
         <load_address>0x50b8</load_address>
         <run_address>0x50b8</run_address>
         <size>0x4a</size>
         <input_file_ref idref="fl-17d"/>
      </object_component>
      <object_component id="oc-2e0">
         <name>.text:I2CMStateWriteNext</name>
         <load_address>0x5102</load_address>
         <run_address>0x5102</run_address>
         <size>0x48</size>
         <input_file_ref idref="fl-172"/>
      </object_component>
      <object_component id="oc-261">
         <name>.text:USBDeviceEnumResetHandler</name>
         <load_address>0x514c</load_address>
         <run_address>0x514c</run_address>
         <size>0x48</size>
         <input_file_ref idref="fl-167"/>
      </object_component>
      <object_component id="oc-657">
         <name>.text</name>
         <load_address>0x5194</load_address>
         <run_address>0x5194</run_address>
         <size>0x48</size>
         <input_file_ref idref="fl-14b"/>
      </object_component>
      <object_component id="oc-377">
         <name>.text</name>
         <load_address>0x51dc</load_address>
         <run_address>0x51dc</run_address>
         <size>0x48</size>
         <input_file_ref idref="fl-177"/>
      </object_component>
      <object_component id="oc-3f6">
         <name>.text:USBEndpointDataGet</name>
         <load_address>0x5224</load_address>
         <run_address>0x5224</run_address>
         <size>0x46</size>
         <input_file_ref idref="fl-17d"/>
      </object_component>
      <object_component id="oc-490">
         <name>.text:CompDCMInit</name>
         <load_address>0x526c</load_address>
         <run_address>0x526c</run_address>
         <size>0x44</size>
         <input_file_ref idref="fl-171"/>
      </object_component>
      <object_component id="oc-2aa">
         <name>.text:I2CMStateCallback</name>
         <load_address>0x52b0</load_address>
         <run_address>0x52b0</run_address>
         <size>0x44</size>
         <input_file_ref idref="fl-172"/>
      </object_component>
      <object_component id="oc-59a">
         <name>.text:MatrixVectorMul</name>
         <load_address>0x52f4</load_address>
         <run_address>0x52f4</run_address>
         <size>0x44</size>
         <input_file_ref idref="fl-4"/>
      </object_component>
      <object_component id="oc-42">
         <name>.text:SysTickIntHandler</name>
         <load_address>0x5338</load_address>
         <run_address>0x5338</run_address>
         <size>0x44</size>
         <input_file_ref idref="fl-3"/>
      </object_component>
      <object_component id="oc-605">
         <name>.text:USBDGetInterface</name>
         <load_address>0x537c</load_address>
         <run_address>0x537c</run_address>
         <size>0x44</size>
         <input_file_ref idref="fl-167"/>
      </object_component>
      <object_component id="oc-a6">
         <name>.text</name>
         <load_address>0x53c0</load_address>
         <run_address>0x53c0</run_address>
         <size>0x44</size>
         <input_file_ref idref="fl-137"/>
      </object_component>
      <object_component id="oc-4b2">
         <name>.text:CompDCMComputeEulers</name>
         <load_address>0x5404</load_address>
         <run_address>0x5404</run_address>
         <size>0x42</size>
         <input_file_ref idref="fl-171"/>
      </object_component>
      <object_component id="oc-2bc">
         <name>.text:I2CMStateReadFinal</name>
         <load_address>0x5446</load_address>
         <run_address>0x5446</run_address>
         <size>0x42</size>
         <input_file_ref idref="fl-172"/>
      </object_component>
      <object_component id="oc-633">
         <name>.text:I2CMWrite8Callback</name>
         <load_address>0x5488</load_address>
         <run_address>0x5488</run_address>
         <size>0x40</size>
         <input_file_ref idref="fl-172"/>
      </object_component>
      <object_component id="oc-484">
         <name>.text:MotionI2CWait</name>
         <load_address>0x54c8</load_address>
         <run_address>0x54c8</run_address>
         <size>0x40</size>
         <input_file_ref idref="fl-4"/>
      </object_component>
      <object_component id="oc-725">
         <name>.text</name>
         <load_address>0x5508</load_address>
         <run_address>0x5508</run_address>
         <size>0x40</size>
         <input_file_ref idref="fl-15d"/>
      </object_component>
      <object_component id="oc-542">
         <name>.text</name>
         <load_address>0x5548</load_address>
         <run_address>0x5548</run_address>
         <size>0x40</size>
         <input_file_ref idref="fl-140"/>
      </object_component>
      <object_component id="oc-2b6">
         <name>.text:I2CMStateReadPause</name>
         <load_address>0x5588</load_address>
         <run_address>0x5588</run_address>
         <size>0x3e</size>
         <input_file_ref idref="fl-172"/>
      </object_component>
      <object_component id="oc-53b">
         <name>.text:UARTFlushTx</name>
         <load_address>0x55c8</load_address>
         <run_address>0x55c8</run_address>
         <size>0x3c</size>
         <input_file_ref idref="fl-a"/>
      </object_component>
      <object_component id="oc-756">
         <name>.text:USBFIFOConfigSet</name>
         <load_address>0x5604</load_address>
         <run_address>0x5604</run_address>
         <size>0x3a</size>
         <input_file_ref idref="fl-17d"/>
      </object_component>
      <object_component id="oc-26d">
         <name>.text:InternalUSBStartOfFrameTick</name>
         <load_address>0x5640</load_address>
         <run_address>0x5640</run_address>
         <size>0x38</size>
         <input_file_ref idref="fl-16a"/>
      </object_component>
      <object_component id="oc-66">
         <name>.text:RGBBlinkIntHandler</name>
         <load_address>0x5678</load_address>
         <run_address>0x5678</run_address>
         <size>0x38</size>
         <input_file_ref idref="fl-8"/>
      </object_component>
      <object_component id="oc-73e">
         <name>.text:USBDCDConfigGetInterfaceEndpoint</name>
         <load_address>0x56b0</load_address>
         <run_address>0x56b0</run_address>
         <size>0x38</size>
         <input_file_ref idref="fl-16d"/>
      </object_component>
      <object_component id="oc-139">
         <name>.text:USBIntStatusControl</name>
         <load_address>0x56e8</load_address>
         <run_address>0x56e8</run_address>
         <size>0x38</size>
         <input_file_ref idref="fl-17d"/>
      </object_component>
      <object_component id="oc-36d">
         <name>.text</name>
         <load_address>0x5720</load_address>
         <run_address>0x5720</run_address>
         <size>0x38</size>
         <input_file_ref idref="fl-139"/>
      </object_component>
      <object_component id="oc-520">
         <name>.text:USBEndpointDataPut</name>
         <load_address>0x5758</load_address>
         <run_address>0x5758</run_address>
         <size>0x36</size>
         <input_file_ref idref="fl-17d"/>
      </object_component>
      <object_component id="oc-478">
         <name>.text:I2CMInit</name>
         <load_address>0x578e</load_address>
         <run_address>0x578e</run_address>
         <size>0x34</size>
         <input_file_ref idref="fl-172"/>
      </object_component>
      <object_component id="oc-48">
         <name>.text:IntGPIOb</name>
         <load_address>0x57c4</load_address>
         <run_address>0x57c4</run_address>
         <size>0x34</size>
         <input_file_ref idref="fl-4"/>
      </object_component>
      <object_component id="oc-526">
         <name>.text:USBEndpointDataSend</name>
         <load_address>0x57f8</load_address>
         <run_address>0x57f8</run_address>
         <size>0x34</size>
         <input_file_ref idref="fl-17d"/>
      </object_component>
      <object_component id="oc-5bc">
         <name>.text</name>
         <load_address>0x582c</load_address>
         <run_address>0x582c</run_address>
         <size>0x34</size>
         <input_file_ref idref="fl-15b"/>
      </object_component>
      <object_component id="oc-7a7">
         <name>.text:NextConfigDescGet</name>
         <load_address>0x5860</load_address>
         <run_address>0x5860</run_address>
         <size>0x32</size>
         <input_file_ref idref="fl-16d"/>
      </object_component>
      <object_component id="oc-5cc">
         <name>.text:USBDevEndpointStall</name>
         <load_address>0x5892</load_address>
         <run_address>0x5892</run_address>
         <size>0x32</size>
         <input_file_ref idref="fl-17d"/>
      </object_component>
      <object_component id="oc-399">
         <name>.text:VectorAdd</name>
         <load_address>0x58c4</load_address>
         <run_address>0x58c4</run_address>
         <size>0x32</size>
         <input_file_ref idref="fl-174"/>
      </object_component>
      <object_component id="oc-6e5">
         <name>.text:I2CMTransferResume</name>
         <load_address>0x58f6</load_address>
         <run_address>0x58f6</run_address>
         <size>0x30</size>
         <input_file_ref idref="fl-172"/>
      </object_component>
      <object_component id="oc-5f9">
         <name>.text:USBDGetConfiguration</name>
         <load_address>0x5928</load_address>
         <run_address>0x5928</run_address>
         <size>0x30</size>
         <input_file_ref idref="fl-167"/>
      </object_component>
      <object_component id="oc-24b">
         <name>.text:UpdateIndexAtomic</name>
         <load_address>0x5958</load_address>
         <run_address>0x5958</run_address>
         <size>0x30</size>
         <input_file_ref idref="fl-9"/>
      </object_component>
      <object_component id="oc-679">
         <name>.text</name>
         <load_address>0x5988</load_address>
         <run_address>0x5988</run_address>
         <size>0x30</size>
         <input_file_ref idref="fl-155"/>
      </object_component>
      <object_component id="oc-4e5">
         <name>.text</name>
         <load_address>0x59b8</load_address>
         <run_address>0x59b8</run_address>
         <size>0x30</size>
         <input_file_ref idref="fl-158"/>
      </object_component>
      <object_component id="oc-662">
         <name>.text</name>
         <load_address>0x59e8</load_address>
         <run_address>0x59e8</run_address>
         <size>0x2e</size>
         <input_file_ref idref="fl-14e"/>
      </object_component>
      <object_component id="oc-6a5">
         <name>.text</name>
         <load_address>0x5a16</load_address>
         <run_address>0x5a16</run_address>
         <size>0x2e</size>
         <input_file_ref idref="fl-15c"/>
      </object_component>
      <object_component id="oc-535">
         <name>.text:UARTFlushRx</name>
         <load_address>0x5a44</load_address>
         <run_address>0x5a44</run_address>
         <size>0x2c</size>
         <input_file_ref idref="fl-a"/>
      </object_component>
      <object_component id="oc-7a0">
         <name>.text:USBDescGet</name>
         <load_address>0x5a70</load_address>
         <run_address>0x5a70</run_address>
         <size>0x2c</size>
         <input_file_ref idref="fl-16f"/>
      </object_component>
      <object_component id="oc-3a4">
         <name>.text</name>
         <load_address>0x5a9c</load_address>
         <run_address>0x5a9c</run_address>
         <size>0x2c</size>
         <input_file_ref idref="fl-17a"/>
      </object_component>
      <object_component id="oc-548">
         <name>.text:GPIODirModeSet</name>
         <load_address>0x5ac8</load_address>
         <run_address>0x5ac8</run_address>
         <size>0x2a</size>
         <input_file_ref idref="fl-160"/>
      </object_component>
      <object_component id="oc-2c8">
         <name>.text:I2CMStateReadFirst</name>
         <load_address>0x5af2</load_address>
         <run_address>0x5af2</run_address>
         <size>0x2a</size>
         <input_file_ref idref="fl-172"/>
      </object_component>
      <object_component id="oc-6cd">
         <name>.text:USBDCDConfigDescGetNum</name>
         <load_address>0x5b1c</load_address>
         <run_address>0x5b1c</run_address>
         <size>0x2a</size>
         <input_file_ref idref="fl-16d"/>
      </object_component>
      <object_component id="oc-75e">
         <name>.text:USBDescGetNum</name>
         <load_address>0x5b46</load_address>
         <run_address>0x5b46</run_address>
         <size>0x2a</size>
         <input_file_ref idref="fl-16f"/>
      </object_component>
      <object_component id="oc-3fc">
         <name>.text:USBDevEndpointDataAck</name>
         <load_address>0x5b70</load_address>
         <run_address>0x5b70</run_address>
         <size>0x2a</size>
         <input_file_ref idref="fl-17d"/>
      </object_component>
      <object_component id="oc-667">
         <name>.text</name>
         <load_address>0x5b9a</load_address>
         <run_address>0x5b9a</run_address>
         <size>0x2a</size>
         <input_file_ref idref="fl-14c"/>
      </object_component>
      <object_component id="oc-5e7">
         <name>.text:USBDSetAddress</name>
         <load_address>0x5bc4</load_address>
         <run_address>0x5bc4</run_address>
         <size>0x28</size>
         <input_file_ref idref="fl-167"/>
      </object_component>
      <object_component id="oc-594">
         <name>.text:CompDCMMatrixGet</name>
         <load_address>0x5bec</load_address>
         <run_address>0x5bec</run_address>
         <size>0x26</size>
         <input_file_ref idref="fl-171"/>
      </object_component>
      <object_component id="oc-387">
         <name>.text:VectorDotProduct</name>
         <load_address>0x5c12</load_address>
         <run_address>0x5c12</run_address>
         <size>0x26</size>
         <input_file_ref idref="fl-174"/>
      </object_component>
      <object_component id="oc-393">
         <name>.text:VectorScale</name>
         <load_address>0x5c38</load_address>
         <run_address>0x5c38</run_address>
         <size>0x26</size>
         <input_file_ref idref="fl-174"/>
      </object_component>
      <object_component id="oc-38d">
         <name>.text</name>
         <load_address>0x5c60</load_address>
         <run_address>0x5c60</run_address>
         <size>0x24</size>
         <input_file_ref idref="fl-178"/>
      </object_component>
      <object_component id="oc-750">
         <name>.text:GetEndpointFIFOSize</name>
         <load_address>0x5c84</load_address>
         <run_address>0x5c84</run_address>
         <size>0x20</size>
         <input_file_ref idref="fl-16e"/>
      </object_component>
      <object_component id="oc-2ce">
         <name>.text:I2CMStateReadOne</name>
         <load_address>0x5ca4</load_address>
         <run_address>0x5ca4</run_address>
         <size>0x20</size>
         <input_file_ref idref="fl-172"/>
      </object_component>
      <object_component id="oc-238">
         <name>.text:RingBufAdvanceRead</name>
         <load_address>0x5cc4</load_address>
         <run_address>0x5cc4</run_address>
         <size>0x20</size>
         <input_file_ref idref="fl-9"/>
      </object_component>
      <object_component id="oc-6d3">
         <name>.text:USBDCDConfigGetInterface</name>
         <load_address>0x5ce4</load_address>
         <run_address>0x5ce4</run_address>
         <size>0x1c</size>
         <input_file_ref idref="fl-16d"/>
      </object_component>
      <object_component id="oc-50d">
         <name>.text:USBDCDStallEP0</name>
         <load_address>0x5d00</load_address>
         <run_address>0x5d00</run_address>
         <size>0x1c</size>
         <input_file_ref idref="fl-167"/>
      </object_component>
      <object_component id="oc-67f">
         <name>.text</name>
         <load_address>0x5d1c</load_address>
         <run_address>0x5d1c</run_address>
         <size>0x1c</size>
         <input_file_ref idref="fl-151"/>
      </object_component>
      <object_component id="oc-2b0">
         <name>.text:I2CMStateReadWait</name>
         <load_address>0x5d38</load_address>
         <run_address>0x5d38</run_address>
         <size>0x1a</size>
         <input_file_ref idref="fl-172"/>
      </object_component>
      <object_component id="oc-30c">
         <name>.text:UARTprintf</name>
         <load_address>0x5d52</load_address>
         <run_address>0x5d52</run_address>
         <size>0x1a</size>
         <input_file_ref idref="fl-a"/>
      </object_component>
      <object_component id="oc-51a">
         <name>.text:USBDCDConfigDescGetSize</name>
         <load_address>0x5d6c</load_address>
         <run_address>0x5d6c</run_address>
         <size>0x1a</size>
         <input_file_ref idref="fl-16d"/>
      </object_component>
      <object_component id="oc-f3">
         <name>.text:IsBufferFull</name>
         <load_address>0x5d86</load_address>
         <run_address>0x5d86</run_address>
         <size>0x18</size>
         <input_file_ref idref="fl-a"/>
      </object_component>
      <object_component id="oc-5a">
         <name>.text:USB0DeviceIntHandler</name>
         <load_address>0x5da0</load_address>
         <run_address>0x5da0</run_address>
         <size>0x18</size>
         <input_file_ref idref="fl-166"/>
      </object_component>
      <object_component id="oc-5f3">
         <name>.text:USBDSetDescriptor</name>
         <load_address>0x5db8</load_address>
         <run_address>0x5db8</run_address>
         <size>0x18</size>
         <input_file_ref idref="fl-167"/>
      </object_component>
      <object_component id="oc-611">
         <name>.text:USBDSyncFrame</name>
         <load_address>0x5dd0</load_address>
         <run_address>0x5dd0</run_address>
         <size>0x18</size>
         <input_file_ref idref="fl-167"/>
      </object_component>
      <object_component id="oc-a0">
         <name>.text</name>
         <load_address>0x5de8</load_address>
         <run_address>0x5de8</run_address>
         <size>0x18</size>
         <input_file_ref idref="fl-143"/>
      </object_component>
      <object_component id="oc-126">
         <name>.text:RingBufReadOne</name>
         <load_address>0x5e00</load_address>
         <run_address>0x5e00</run_address>
         <size>0x16</size>
         <input_file_ref idref="fl-9"/>
      </object_component>
      <object_component id="oc-11a">
         <name>.text:RingBufUsed</name>
         <load_address>0x5e16</load_address>
         <run_address>0x5e16</run_address>
         <size>0x16</size>
         <input_file_ref idref="fl-9"/>
      </object_component>
      <object_component id="oc-673">
         <name>.text</name>
         <load_address>0x5e2c</load_address>
         <run_address>0x5e2c</run_address>
         <size>0x16</size>
         <input_file_ref idref="fl-152"/>
      </object_component>
      <object_component id="oc-3d5">
         <name>.text:USBHostResume</name>
         <load_address>0x5e42</load_address>
         <run_address>0x5e42</run_address>
         <size>0x14</size>
         <input_file_ref idref="fl-17d"/>
      </object_component>
      <object_component id="oc-7b1">
         <name>.text:_USBIndexWrite</name>
         <load_address>0x5e56</load_address>
         <run_address>0x5e56</run_address>
         <size>0x14</size>
         <input_file_ref idref="fl-17d"/>
      </object_component>
      <object_component id="oc-32c">
         <name>.text</name>
         <load_address>0x5e6c</load_address>
         <run_address>0x5e6c</run_address>
         <size>0x14</size>
         <input_file_ref idref="fl-141"/>
      </object_component>
      <object_component id="oc-64c">
         <name>.text</name>
         <load_address>0x5e80</load_address>
         <run_address>0x5e80</run_address>
         <size>0x14</size>
         <input_file_ref idref="fl-153"/>
      </object_component>
      <object_component id="oc-46c">
         <name>.text:GPIOPinTypeI2CSCL</name>
         <load_address>0x5e94</load_address>
         <run_address>0x5e94</run_address>
         <size>0x12</size>
         <input_file_ref idref="fl-160"/>
      </object_component>
      <object_component id="oc-300">
         <name>.text:FPULazyStackingEnable</name>
         <load_address>0x5ea8</load_address>
         <run_address>0x5ea8</run_address>
         <size>0x10</size>
         <input_file_ref idref="fl-15f"/>
      </object_component>
      <object_component id="oc-3c5">
         <name>.text:IntMasterDisable</name>
         <load_address>0x5eb8</load_address>
         <run_address>0x5eb8</run_address>
         <size>0x10</size>
         <input_file_ref idref="fl-162"/>
      </object_component>
      <object_component id="oc-3cb">
         <name>.text:IntMasterEnable</name>
         <load_address>0x5ec8</load_address>
         <run_address>0x5ec8</run_address>
         <size>0x10</size>
         <input_file_ref idref="fl-162"/>
      </object_component>
      <object_component id="oc-232">
         <name>.text:RingBufWriteOne</name>
         <load_address>0x5ed8</load_address>
         <run_address>0x5ed8</run_address>
         <size>0x10</size>
         <input_file_ref idref="fl-9"/>
      </object_component>
      <object_component id="oc-3e4">
         <name>.text:USBEndpointStatus</name>
         <load_address>0x5ee8</load_address>
         <run_address>0x5ee8</run_address>
         <size>0x10</size>
         <input_file_ref idref="fl-17d"/>
      </object_component>
      <object_component id="oc-1f9">
         <name>.text:CompDCMAccelUpdate</name>
         <load_address>0x5ef8</load_address>
         <run_address>0x5ef8</run_address>
         <size>0xe</size>
         <input_file_ref idref="fl-171"/>
      </object_component>
      <object_component id="oc-1ff">
         <name>.text:CompDCMGyroUpdate</name>
         <load_address>0x5f06</load_address>
         <run_address>0x5f06</run_address>
         <size>0xe</size>
         <input_file_ref idref="fl-171"/>
      </object_component>
      <object_component id="oc-1f3">
         <name>.text:CompDCMMagnetoUpdate</name>
         <load_address>0x5f14</load_address>
         <run_address>0x5f14</run_address>
         <size>0xe</size>
         <input_file_ref idref="fl-171"/>
      </object_component>
      <object_component id="oc-c0">
         <name>.text:GPIOIntStatus</name>
         <load_address>0x5f22</load_address>
         <run_address>0x5f22</run_address>
         <size>0xe</size>
         <input_file_ref idref="fl-160"/>
      </object_component>
      <object_component id="oc-e7">
         <name>.text:IsBufferEmpty</name>
         <load_address>0x5f30</load_address>
         <run_address>0x5f30</run_address>
         <size>0xe</size>
         <input_file_ref idref="fl-a"/>
      </object_component>
      <object_component id="oc-22c">
         <name>.text:UARTCharGetNonBlocking</name>
         <load_address>0x5f3e</load_address>
         <run_address>0x5f3e</run_address>
         <size>0xe</size>
         <input_file_ref idref="fl-164"/>
      </object_component>
      <object_component id="oc-12c">
         <name>.text:UARTCharPutNonBlocking</name>
         <load_address>0x5f4c</load_address>
         <run_address>0x5f4c</run_address>
         <size>0xe</size>
         <input_file_ref idref="fl-164"/>
      </object_component>
      <object_component id="oc-279">
         <name>.text:USBDevLPMEnable</name>
         <load_address>0x5f5a</load_address>
         <run_address>0x5f5a</run_address>
         <size>0xe</size>
         <input_file_ref idref="fl-17d"/>
      </object_component>
      <object_component id="oc-12">
         <name>.text:decompress:none</name>
         <load_address>0x5f68</load_address>
         <run_address>0x5f68</run_address>
         <size>0xe</size>
         <input_file_ref idref="fl-134"/>
      </object_component>
      <object_component id="oc-4f2">
         <name>.text:CPUcpsid</name>
         <load_address>0x5f76</load_address>
         <run_address>0x5f76</run_address>
         <size>0xc</size>
         <input_file_ref idref="fl-165"/>
      </object_component>
      <object_component id="oc-4f9">
         <name>.text:CPUcpsie</name>
         <load_address>0x5f82</load_address>
         <run_address>0x5f82</run_address>
         <size>0xc</size>
         <input_file_ref idref="fl-165"/>
      </object_component>
      <object_component id="oc-472">
         <name>.text:GPIOIntEnable</name>
         <load_address>0x5f8e</load_address>
         <run_address>0x5f8e</run_address>
         <size>0xc</size>
         <input_file_ref idref="fl-160"/>
      </object_component>
      <object_component id="oc-34c">
         <name>.text:IntTrigger</name>
         <load_address>0x5f9c</load_address>
         <run_address>0x5f9c</run_address>
         <size>0xc</size>
         <input_file_ref idref="fl-162"/>
      </object_component>
      <object_component id="oc-60">
         <name>.text:MotionI2CIntHandler</name>
         <load_address>0x5fa8</load_address>
         <run_address>0x5fa8</run_address>
         <size>0xc</size>
         <input_file_ref idref="fl-4"/>
      </object_component>
      <object_component id="oc-1e">
         <name>.text:decompress:ZI</name>
         <load_address>0x5fb4</load_address>
         <run_address>0x5fb4</run_address>
         <size>0xc</size>
         <input_file_ref idref="fl-136"/>
      </object_component>
      <object_component id="oc-62a">
         <name>.text:I2CMasterEnable</name>
         <load_address>0x5fc0</load_address>
         <run_address>0x5fc0</run_address>
         <size>0xa</size>
         <input_file_ref idref="fl-161"/>
      </object_component>
      <object_component id="oc-120">
         <name>.text:UARTIntDisable</name>
         <load_address>0x5fca</load_address>
         <run_address>0x5fca</run_address>
         <size>0xa</size>
         <input_file_ref idref="fl-164"/>
      </object_component>
      <object_component id="oc-108">
         <name>.text:UARTIntStatus</name>
         <load_address>0x5fd4</load_address>
         <run_address>0x5fd4</run_address>
         <size>0xa</size>
         <input_file_ref idref="fl-164"/>
      </object_component>
      <object_component id="oc-28b">
         <name>.text:USBDevDisconnect</name>
         <load_address>0x5fde</load_address>
         <run_address>0x5fde</run_address>
         <size>0xa</size>
         <input_file_ref idref="fl-17d"/>
      </object_component>
      <object_component id="oc-27f">
         <name>.text:USBIntStatusEndpoint</name>
         <load_address>0x5fe8</load_address>
         <run_address>0x5fe8</run_address>
         <size>0xa</size>
         <input_file_ref idref="fl-17d"/>
      </object_component>
      <object_component id="oc-29e">
         <name>.text:I2CMasterIntClear</name>
         <load_address>0x5ff2</load_address>
         <run_address>0x5ff2</run_address>
         <size>0x8</size>
         <input_file_ref idref="fl-161"/>
      </object_component>
      <object_component id="oc-55c">
         <name>.text:I2CMasterIntEnableEx</name>
         <load_address>0x5ffa</load_address>
         <run_address>0x5ffa</run_address>
         <size>0x8</size>
         <input_file_ref idref="fl-161"/>
      </object_component>
      <object_component id="oc-436">
         <name>.text:I2CMasterSlaveAddrSet</name>
         <load_address>0x6002</load_address>
         <run_address>0x6002</run_address>
         <size>0x8</size>
         <input_file_ref idref="fl-161"/>
      </object_component>
      <object_component id="oc-c6">
         <name>.text:GPIOIntClear</name>
         <load_address>0x600a</load_address>
         <run_address>0x600a</run_address>
         <size>0x6</size>
         <input_file_ref idref="fl-160"/>
      </object_component>
      <object_component id="oc-2a">
         <name>.text:ResetISR</name>
         <load_address>0x6010</load_address>
         <run_address>0x6010</run_address>
         <size>0x6</size>
         <input_file_ref idref="fl-6"/>
      </object_component>
      <object_component id="oc-452">
         <name>.text:UARTClockSourceSet</name>
         <load_address>0x6016</load_address>
         <run_address>0x6016</run_address>
         <size>0x6</size>
         <input_file_ref idref="fl-164"/>
      </object_component>
      <object_component id="oc-273">
         <name>.text:USBLPMIntStatus</name>
         <load_address>0x601c</load_address>
         <run_address>0x601c</run_address>
         <size>0x6</size>
         <input_file_ref idref="fl-17d"/>
      </object_component>
      <object_component id="oc-18">
         <name>.text:decompress:rle24</name>
         <load_address>0x6022</load_address>
         <run_address>0x6022</run_address>
         <size>0x6</size>
         <input_file_ref idref="fl-135"/>
      </object_component>
      <object_component id="oc-2a4">
         <name>.text:I2CMasterControl</name>
         <load_address>0x6028</load_address>
         <run_address>0x6028</run_address>
         <size>0x4</size>
         <input_file_ref idref="fl-161"/>
      </object_component>
      <object_component id="oc-42c">
         <name>.text:I2CMasterDataGet</name>
         <load_address>0x602c</load_address>
         <run_address>0x602c</run_address>
         <size>0x4</size>
         <input_file_ref idref="fl-161"/>
      </object_component>
      <object_component id="oc-43e">
         <name>.text:I2CMasterDataPut</name>
         <load_address>0x6030</load_address>
         <run_address>0x6030</run_address>
         <size>0x4</size>
         <input_file_ref idref="fl-161"/>
      </object_component>
      <object_component id="oc-10e">
         <name>.text:UARTIntClear</name>
         <load_address>0x6034</load_address>
         <run_address>0x6034</run_address>
         <size>0x4</size>
         <input_file_ref idref="fl-164"/>
      </object_component>
      <object_component id="oc-3f0">
         <name>.text:USBDevAddrSet</name>
         <load_address>0x6038</load_address>
         <run_address>0x6038</run_address>
         <size>0x4</size>
         <input_file_ref idref="fl-17d"/>
      </object_component>
      <object_component id="oc-94">
         <name>.text</name>
         <load_address>0x603c</load_address>
         <run_address>0x603c</run_address>
         <size>0x4</size>
         <input_file_ref idref="fl-13d"/>
      </object_component>
      <object_component id="oc-719">
         <name>.const:.string:_ctypes_</name>
         <load_address>0x6040</load_address>
         <run_address>0x6040</run_address>
         <size>0x101</size>
         <input_file_ref idref="fl-147"/>
      </object_component>
      <object_component id="oc-49c">
         <name>.const:g_ppfEmitProb</name>
         <load_address>0x6144</load_address>
         <run_address>0x6144</run_address>
         <size>0xc4</size>
         <input_file_ref idref="fl-4"/>
      </object_component>
      <object_component id="oc-4a8">
         <name>.const:g_ppfTransitionProb</name>
         <load_address>0x6208</load_address>
         <run_address>0x6208</run_address>
         <size>0xc4</size>
         <input_file_ref idref="fl-4"/>
      </object_component>
      <object_component id="oc-4cf">
         <name>.const</name>
         <load_address>0x62cc</load_address>
         <run_address>0x62cc</run_address>
         <size>0x70</size>
         <input_file_ref idref="fl-162"/>
      </object_component>
      <object_component id="oc-516">
         <name>.const:g_psUSBDStdRequests</name>
         <load_address>0x633c</load_address>
         <run_address>0x633c</run_address>
         <size>0x34</size>
         <input_file_ref idref="fl-167"/>
      </object_component>
      <object_component id="oc-6ec">
         <name>.const</name>
         <load_address>0x6370</load_address>
         <run_address>0x6370</run_address>
         <size>0x34</size>
         <input_file_ref idref="fl-179"/>
      </object_component>
      <object_component id="oc-219">
         <name>.const</name>
         <load_address>0x63a4</load_address>
         <run_address>0x63a4</run_address>
         <size>0x28</size>
         <input_file_ref idref="fl-a"/>
      </object_component>
      <object_component id="oc-368">
         <name>.const</name>
         <load_address>0x63cc</load_address>
         <run_address>0x63cc</run_address>
         <size>0x20</size>
         <input_file_ref idref="fl-173"/>
      </object_component>
      <object_component id="oc-4a2">
         <name>.const</name>
         <load_address>0x63ec</load_address>
         <run_address>0x63ec</run_address>
         <size>0x1c</size>
         <input_file_ref idref="fl-4"/>
      </object_component>
      <object_component id="oc-3b9">
         <name>.const:.string</name>
         <load_address>0x6408</load_address>
         <run_address>0x6408</run_address>
         <size>0x12</size>
         <input_file_ref idref="fl-a"/>
      </object_component>
      <object_component id="oc-7fc">
         <name>.cinit..data.load</name>
         <load_address>0x6420</load_address>
         <run_address>0x6420</run_address>
         <size>0x94</size>
      </object_component>
      <object_component id="oc-7fa">
         <name>__TI_handler_table</name>
         <load_address>0x64b4</load_address>
         <run_address>0x64b4</run_address>
         <size>0xc</size>
      </object_component>
      <object_component id="oc-7fd">
         <name>.cinit..bss.load</name>
         <load_address>0x64c0</load_address>
         <run_address>0x64c0</run_address>
         <size>0x8</size>
      </object_component>
      <object_component id="oc-7fb">
         <name>__TI_cinit_table</name>
         <load_address>0x64c8</load_address>
         <run_address>0x64c8</run_address>
         <size>0x10</size>
      </object_component>
      <object_component id="oc-29">
         <name>.stack</name>
         <uninitialized>true</uninitialized>
         <run_address>0x20000000</run_address>
         <size>0x0</size>
         <input_file_ref idref="fl-133"/>
      </object_component>
      <object_component id="oc-7fe">
         <name>.stack</name>
         <uninitialized>true</uninitialized>
         <run_address>0x20000000</run_address>
         <size>0x0</size>
      </object_component>
      <object_component id="oc-14c">
         <name>.bss:g_sI2CInst</name>
         <uninitialized>true</uninitialized>
         <run_address>0x20006000</run_address>
         <size>0x124</size>
         <input_file_ref idref="fl-4"/>
      </object_component>
      <object_component id="oc-d2">
         <name>.bss:g_sMPU9150Inst</name>
         <uninitialized>true</uninitialized>
         <run_address>0x200061a4</run_address>
         <size>0x6c</size>
         <input_file_ref idref="fl-4"/>
      </object_component>
      <object_component id="oc-211">
         <name>.bss:g_sCompDCMInst</name>
         <uninitialized>true</uninitialized>
         <run_address>0x20006210</run_address>
         <size>0x58</size>
         <input_file_ref idref="fl-4"/>
      </object_component>
      <object_component id="oc-4a5">
         <name>.bss:g_ppfPath</name>
         <uninitialized>true</uninitialized>
         <run_address>0x20004000</run_address>
         <size>0x1c00</size>
         <input_file_ref idref="fl-4"/>
      </object_component>
      <object_component id="oc-49f">
         <name>.bss:g_sGestureInst</name>
         <uninitialized>true</uninitialized>
         <run_address>0x200062f8</run_address>
         <size>0x38</size>
         <input_file_ref idref="fl-4"/>
      </object_component>
      <object_component id="oc-21c">
         <name>.bss:g_pcUARTTxBuffer</name>
         <uninitialized>true</uninitialized>
         <run_address>0x20005c00</run_address>
         <size>0x400</size>
         <input_file_ref idref="fl-a"/>
      </object_component>
      <object_component id="oc-ff">
         <name>.bss:g_pcUARTRxBuffer</name>
         <uninitialized>true</uninitialized>
         <run_address>0x20006124</run_address>
         <size>0x80</size>
         <input_file_ref idref="fl-a"/>
      </object_component>
      <object_component id="oc-513">
         <name>.bss:g_pui8DataBufferIn</name>
         <uninitialized>true</uninitialized>
         <run_address>0x200062b8</run_address>
         <size>0x40</size>
         <input_file_ref idref="fl-167"/>
      </object_component>
      <object_component id="oc-294">
         <name>.bss:g_psDCDInst</name>
         <uninitialized>true</uninitialized>
[...]
      </symbol>
      <symbol id="sm-818">
         <name>_Feraise</name>
         <value>0x59b9</value>
         <object_component_ref idref="oc-4e5"/>
      </symbol>
      <symbol id="sm-828">
         <name>_Rteps</name>
         <value>0x20006528</value>
         <object_component_ref idref="oc-781"/>
      </symbol>
      <symbol id="sm-829">
         <name>_Zero</name>
         <value>0x20006540</value>
         <object_component_ref idref="oc-781"/>
      </symbol>
      <symbol id="sm-82a">
         <name>_Hugeval</name>
         <value>0x200064e8</value>
         <object_component_ref idref="oc-781"/>
      </symbol>
      <symbol id="sm-82b">
         <name>_Snan</name>
         <value>0x20006518</value>
         <object_component_ref idref="oc-781"/>
      </symbol>
      <symbol id="sm-82c">
         <name>_Nan</name>
         <value>0x20006508</value>
         <object_component_ref idref="oc-781"/>
      </symbol>
      <symbol id="sm-82d">
         <name>_Inf</name>
         <value>0x200064f8</value>
         <object_component_ref idref="oc-781"/>
      </symbol>
      <symbol id="sm-82e">
         <name>_Xbig</name>
         <value>0x20006538</value>
         <object_component_ref idref="oc-781"/>
      </symbol>
      <symbol id="sm-82f">
         <name>_Eps</name>
         <value>0x200064d8</value>
         <object_component_ref idref="oc-781"/>
      </symbol>
      <symbol id="sm-830">
         <name>_Denorm</name>
         <value>0x200064c8</value>
         <object_component_ref idref="oc-781"/>
      </symbol>
      <symbol id="sm-838">
         <name>_Errno</name>
         <value>0x20006614</value>
         <object_component_ref idref="oc-5c2"/>
      </symbol>
      <symbol id="sm-856">
         <name>feraiseexcept</name>
         <value>0x582d</value>
         <object_component_ref idref="oc-5bc"/>
      </symbol>
      <symbol id="sm-857">
         <name>_Tls_setup__Fenv</name>
         <value>0x20006604</value>
         <object_component_ref idref="oc-6ab"/>
      </symbol>
      <symbol id="sm-858">
         <name>_Fenv</name>
         <value>0x20006600</value>
         <object_component_ref idref="oc-6ab"/>
      </symbol>
      <symbol id="sm-86c">
         <name>raise</name>
         <value>0x5a17</value>
         <object_component_ref idref="oc-6a5"/>
      </symbol>
      <symbol id="sm-886">
         <name>signal</name>
         <value>0x5509</value>
         <object_component_ref idref="oc-725"/>
      </symbol>
      <symbol id="sm-89b">
         <name>_Dnorm</name>
         <value>0x3561</value>
         <object_component_ref idref="oc-777"/>
      </symbol>
      <symbol id="sm-8a7">
         <name>FPULazyStackingEnable</name>
         <value>0x5ea9</value>
         <object_component_ref idref="oc-300"/>
      </symbol>
      <symbol id="sm-8de">
         <name>GPIOPinTypeI2CSCL</name>
         <value>0x5e95</value>
         <object_component_ref idref="oc-46c"/>
      </symbol>
      <symbol id="sm-8df">
         <name>GPIOIntEnable</name>
         <value>0x5f8f</value>
         <object_component_ref idref="oc-472"/>
      </symbol>
      <symbol id="sm-8e0">
         <name>GPIOIntClear</name>
         <value>0x600b</value>
         <object_component_ref idref="oc-c6"/>
      </symbol>
      <symbol id="sm-8e1">
         <name>GPIOIntStatus</name>
         <value>0x5f23</value>
         <object_component_ref idref="oc-c0"/>
      </symbol>
      <symbol id="sm-8e2">
         <name>GPIODirModeSet</name>
         <value>0x5ac9</value>
         <object_component_ref idref="oc-548"/>
      </symbol>
      <symbol id="sm-8e3">
         <name>GPIOPadConfigSet</name>
         <value>0x28d3</value>
         <object_component_ref idref="oc-54e"/>
      </symbol>
      <symbol id="sm-92c">
         <name>I2CMasterDataPut</name>
         <value>0x6031</value>
         <object_component_ref idref="oc-43e"/>
      </symbol>
      <symbol id="sm-92d">
         <name>I2CMasterInitExpClk</name>
         <value>0x4ef5</value>
         <object_component_ref idref="oc-556"/>
      </symbol>
      <symbol id="sm-92e">
         <name>I2CMasterSlaveAddrSet</name>
         <value>0x6003</value>
         <object_component_ref idref="oc-436"/>
      </symbol>
      <symbol id="sm-92f">
         <name>I2CMasterDataGet</name>
         <value>0x602d</value>
         <object_component_ref idref="oc-42c"/>
      </symbol>
      <symbol id="sm-930">
         <name>I2CMasterIntEnableEx</name>
         <value>0x5ffb</value>
         <object_component_ref idref="oc-55c"/>
      </symbol>
      <symbol id="sm-931">
         <name>I2CMasterControl</name>
         <value>0x6029</value>
         <object_component_ref idref="oc-2a4"/>
      </symbol>
      <symbol id="sm-932">
         <name>I2CMasterEnable</name>
         <value>0x5fc1</value>
         <object_component_ref idref="oc-62a"/>
      </symbol>
      <symbol id="sm-933">
         <name>I2CMasterIntClear</name>
         <value>0x5ff3</value>
         <object_component_ref idref="oc-29e"/>
      </symbol>
      <symbol id="sm-99a">
         <name>IntIsEnabled</name>
         <value>0x4981</value>
         <object_component_ref idref="oc-340"/>
      </symbol>
      <symbol id="sm-99b">
         <name>IntEnable</name>
         <value>0x47e5</value>
         <object_component_ref idref="oc-352"/>
      </symbol>
      <symbol id="sm-99c">
         <name>IntTrigger</name>
         <value>0x5f9d</value>
         <object_component_ref idref="oc-34c"/>
      </symbol>
      <symbol id="sm-99d">
         <name>IntDisable</name>
         <value>0x477d</value>
         <object_component_ref idref="oc-346"/>
      </symbol>
      <symbol id="sm-99e">
         <name>IntMasterDisable</name>
         <value>0x5eb9</value>
         <object_component_ref idref="oc-3c5"/>
      </symbol>
      <symbol id="sm-99f">
         <name>IntMasterEnable</name>
         <value>0x5ec9</value>
         <object_component_ref idref="oc-3cb"/>
      </symbol>
      <symbol id="sm-9d5">
         <name>UARTCharPutNonBlocking</name>
         <value>0x5f4d</value>
         <object_component_ref idref="oc-12c"/>
      </symbol>
      <symbol id="sm-9d6">
         <name>UARTCharGetNonBlocking</name>
         <value>0x5f3f</value>
         <object_component_ref idref="oc-22c"/>
      </symbol>
      <symbol id="sm-9d7">
         <name>UARTClockSourceSet</name>
         <value>0x6017</value>
         <object_component_ref idref="oc-452"/>
      </symbol>
      <symbol id="sm-9d8">
         <name>UARTIntDisable</name>
         <value>0x5fcb</value>
         <object_component_ref idref="oc-120"/>
      </symbol>
      <symbol id="sm-9d9">
         <name>UARTIntClear</name>
         <value>0x6035</value>
         <object_component_ref idref="oc-10e"/>
      </symbol>
      <symbol id="sm-9da">
         <name>UARTIntStatus</name>
         <value>0x5fd5</value>
         <object_component_ref idref="oc-108"/>
      </symbol>
      <symbol id="sm-9ec">
         <name>CPUcpsie</name>
         <value>0x5f83</value>
         <object_component_ref idref="oc-4f9"/>
      </symbol>
      <symbol id="sm-9ed">
         <name>CPUcpsid</name>
         <value>0x5f77</value>
         <object_component_ref idref="oc-4f2"/>
      </symbol>
      <symbol id="sm-a0b">
         <name>USB0DeviceIntHandler</name>
         <value>0x5da1</value>
         <object_component_ref idref="oc-5a"/>
      </symbol>
      <symbol id="sm-b6a">
         <name>g_ppsDevInfo</name>
         <value>0x200063d8</value>
      </symbol>
      <symbol id="sm-b6b">
         <name>USBDCDStallEP0</name>
         <value>0x5d01</value>
         <object_component_ref idref="oc-50d"/>
      </symbol>
      <symbol id="sm-b6c">
         <name>USBDeviceEnumHandler</name>
         <value>0x33c9</value>
         <object_component_ref idref="oc-285"/>
      </symbol>
      <symbol id="sm-b6d">
         <name>USBDeviceEnumResetHandler</name>
         <value>0x514d</value>
         <object_component_ref idref="oc-261"/>
      </symbol>
      <symbol id="sm-b6e">
         <name>g_psDCDInst</name>
         <value>0x20006268</value>
         <object_component_ref idref="oc-294"/>
      </symbol>
      <symbol id="sm-b6f">
         <name>USBDeviceIntHandlerInternal</name>
         <value>0x2505</value>
         <object_component_ref idref="oc-13f"/>
      </symbol>
      <symbol id="sm-b70">
         <name>USBDeviceResumeTickHandler</name>
         <value>0x4e09</value>
         <object_component_ref idref="oc-267"/>
      </symbol>
      <symbol id="sm-b8e">
         <name>g_pfnTickHandlers</name>
         <value>0x20006330</value>
      </symbol>
      <symbol id="sm-b8f">
         <name>g_pvTickInstance</name>
         <value>0x20006348</value>
      </symbol>
      <symbol id="sm-b90">
         <name>g_ui32USBSOFCount</name>
         <value>0x200065ec</value>
         <object_component_ref idref="oc-297"/>
      </symbol>
      <symbol id="sm-b91">
         <name>g_bUSBTimerInitialized</name>
         <value>0x200065e4</value>
         <object_component_ref idref="oc-297"/>
      </symbol>
      <symbol id="sm-b92">
         <name>g_ui32CurrentUSBTick</name>
         <value>0x200065e8</value>
         <object_component_ref idref="oc-297"/>
      </symbol>
      <symbol id="sm-b93">
         <name>InternalUSBStartOfFrameTick</name>
         <value>0x5641</value>
         <object_component_ref idref="oc-26d"/>
      </symbol>
      <symbol id="sm-be5">
         <name>USBDCDConfigDescGet</name>
         <value>0x4db7</value>
         <object_component_ref idref="oc-738"/>
      </symbol>
      <symbol id="sm-be6">
         <name>USBDCDConfigGetInterface</name>
         <value>0x5ce5</value>
         <object_component_ref idref="oc-6d3"/>
      </symbol>
      <symbol id="sm-be7">
         <name>USBDCDConfigDescGetSize</name>
         <value>0x5d6d</value>
         <object_component_ref idref="oc-51a"/>
      </symbol>
      <symbol id="sm-be8">
         <name>USBDCDConfigGetInterfaceEndpoint</name>
         <value>0x56b1</value>
         <object_component_ref idref="oc-73e"/>
      </symbol>
      <symbol id="sm-be9">
         <name>USBDCDConfigDescGetNum</name>
         <value>0x5b1d</value>
         <object_component_ref idref="oc-6cd"/>
      </symbol>
      <symbol id="sm-c36">
         <name>USBDeviceConfigAlternate</name>
         <value>0x3f55</value>
         <object_component_ref idref="oc-6d9"/>
      </symbol>
      <symbol id="sm-c37">
         <name>USBDeviceConfig</name>
         <value>0x2655</value>
         <object_component_ref idref="oc-6c5"/>
      </symbol>
      <symbol id="sm-c55">
         <name>USBDescGet</name>
         <value>0x5a71</value>
         <object_component_ref idref="oc-7a0"/>
      </symbol>
      <symbol id="sm-c56">
         <name>USBDescGetNum</name>
         <value>0x5b47</value>
         <object_component_ref idref="oc-75e"/>
      </symbol>
      <symbol id="sm-ca7">
         <name>CompDCMMagnetoUpdate</name>
         <value>0x5f15</value>
         <object_component_ref idref="oc-1f3"/>
      </symbol>
      <symbol id="sm-ca8">
         <name>CompDCMComputeEulers</name>
         <value>0x5405</value>
         <object_component_ref idref="oc-4b2"/>
      </symbol>
      <symbol id="sm-ca9">
         <name>CompDCMStart</name>
         <value>0x36d5</value>
         <object_component_ref idref="oc-4ac"/>
      </symbol>
      <symbol id="sm-caa">
         <name>CompDCMGyroUpdate</name>
         <value>0x5f07</value>
         <object_component_ref idref="oc-1ff"/>
      </symbol>
      <symbol id="sm-cab">
         <name>CompDCMMatrixGet</name>
         <value>0x5bed</value>
         <object_component_ref idref="oc-594"/>
      </symbol>
      <symbol id="sm-cac">
         <name>CompDCMUpdate</name>
         <value>0x1329</value>
         <object_component_ref idref="oc-205"/>
      </symbol>
      <symbol id="sm-cad">
         <name>CompDCMAccelUpdate</name>
         <value>0x5ef9</value>
         <object_component_ref idref="oc-1f9"/>
      </symbol>
      <symbol id="sm-cae">
         <name>CompDCMInit</name>
         <value>0x526d</value>
         <object_component_ref idref="oc-490"/>
      </symbol>
      <symbol id="sm-d83">
         <name>I2CMWrite8</name>
         <value>0x4cc1</value>
         <object_component_ref idref="oc-56b"/>
      </symbol>
      <symbol id="sm-d84">
         <name>I2CMCommand</name>
         <value>0x3fe1</value>
         <object_component_ref idref="oc-1c6"/>
      </symbol>
      <symbol id="sm-d85">
         <name>I2CMInit</name>
         <value>0x578f</value>
         <object_component_ref idref="oc-478"/>
      </symbol>
      <symbol id="sm-d86">
         <name>I2CMTransferResume</name>
         <value>0x58f7</value>
         <object_component_ref idref="oc-6e5"/>
      </symbol>
      <symbol id="sm-d87">
         <name>I2CMIntHandler</name>
         <value>0x3035</value>
         <object_component_ref idref="oc-146"/>
      </symbol>
      <symbol id="sm-e03">
         <name>MPU9150DataMagnetoGetFloat</name>
         <value>0x3985</value>
         <object_component_ref idref="oc-1ed"/>
      </symbol>
      <symbol id="sm-e04">
         <name>MPU9150Write</name>
         <value>0x3a21</value>
         <object_component_ref idref="oc-48a"/>
      </symbol>
      <symbol id="sm-e05">
         <name>MPU9150Init</name>
         <value>0x45cd</value>
         <object_component_ref idref="oc-47e"/>
      </symbol>
      <symbol id="sm-e06">
         <name>MPU9150DataAccelGetFloat</name>
         <value>0x42f9</value>
         <object_component_ref idref="oc-1e1"/>
      </symbol>
      <symbol id="sm-e07">
         <name>MPU9150DataRead</name>
         <value>0x49e5</value>
         <object_component_ref idref="oc-cc"/>
      </symbol>
      <symbol id="sm-e08">
         <name>MPU9150DataGyroGetFloat</name>
         <value>0x4375</value>
         <object_component_ref idref="oc-1e7"/>
      </symbol>
      <symbol id="sm-e2d">
         <name>VectorDotProduct</name>
         <value>0x5c13</value>
         <object_component_ref idref="oc-387"/>
      </symbol>
      <symbol id="sm-e2e">
         <name>VectorScale</name>
         <value>0x5c39</value>
         <object_component_ref idref="oc-393"/>
      </symbol>
      <symbol id="sm-e2f">
         <name>VectorAdd</name>
         <value>0x58c5</value>
         <object_component_ref idref="oc-399"/>
      </symbol>
      <symbol id="sm-e30">
         <name>VectorCrossProduct</name>
         <value>0x4bc1</value>
         <object_component_ref idref="oc-381"/>
      </symbol>
      <symbol id="sm-e47">
         <name>asinf</name>
         <value>0x3621</value>
         <object_component_ref idref="oc-585"/>
      </symbol>
      <symbol id="sm-e62">
         <name>atan2f</name>
         <value>0x2a05</value>
         <object_component_ref idref="oc-57f"/>
      </symbol>
      <symbol id="sm-e6f">
         <name>__aeabi_d2f</name>
         <value>0x51dd</value>
         <object_component_ref idref="oc-377"/>
      </symbol>
      <symbol id="sm-e7f">
         <name>sqrtf</name>
         <value>0x5c61</value>
         <object_component_ref idref="oc-38d"/>
      </symbol>
      <symbol id="sm-ea4">
         <name>_FAtan</name>
         <value>0x38dd</value>
         <object_component_ref idref="oc-63a"/>
      </symbol>
      <symbol id="sm-eb2">
         <name>_FDclass</name>
         <value>0x5a9d</value>
         <object_component_ref idref="oc-3a4"/>
      </symbol>
      <symbol id="sm-ec1">
         <name>_FZero</name>
         <value>0x200065ac</value>
         <object_component_ref idref="oc-642"/>
      </symbol>
      <symbol id="sm-ec2">
         <name>_FRteps</name>
         <value>0x20006598</value>
         <object_component_ref idref="oc-642"/>
      </symbol>
      <symbol id="sm-ec3">
         <name>_FSnan</name>
         <value>0x20006588</value>
         <object_component_ref idref="oc-642"/>
      </symbol>
      <symbol id="sm-ec4">
         <name>_FNan</name>
         <value>0x20006578</value>
         <object_component_ref idref="oc-642"/>
      </symbol>
      <symbol id="sm-ec5">
         <name>_FInf</name>
         <value>0x20006568</value>
         <object_component_ref idref="oc-642"/>
      </symbol>
      <symbol id="sm-ec6">
         <name>_FEps</name>
         <value>0x20006558</value>
         <object_component_ref idref="oc-642"/>
      </symbol>
      <symbol id="sm-ec7">
         <name>_FXbig</name>
         <value>0x200065a8</value>
         <object_component_ref idref="oc-642"/>
      </symbol>
      <symbol id="sm-ec8">
         <name>_FDenorm</name>
         <value>0x20006548</value>
         <object_component_ref idref="oc-642"/>
      </symbol>
      <symbol id="sm-f7f">
         <name>USBDevDisconnect</name>
         <value>0x5fdf</value>
         <object_component_ref idref="oc-28b"/>
      </symbol>
      <symbol id="sm-f80">
         <name>USBDevEndpointStallClear</name>
         <value>0x50b9</value>
         <object_component_ref idref="oc-6b3"/>
      </symbol>
      <symbol id="sm-f81">
         <name>USBEndpointDataPut</name>
         <value>0x5759</value>
         <object_component_ref idref="oc-520"/>
      </symbol>
      <symbol id="sm-f82">
         <name>USBDevAddrSet</name>
         <value>0x6039</value>
         <object_component_ref idref="oc-3f0"/>
      </symbol>
      <symbol id="sm-f83">
         <name>USBLPMIntStatus</name>
         <value>0x601d</value>
         <object_component_ref idref="oc-273"/>
      </symbol>
      <symbol id="sm-f84">
         <name>USBIntStatusControl</name>
         <value>0x56e9</value>
         <object_component_ref idref="oc-139"/>
      </symbol>
      <symbol id="sm-f85">
         <name>USBDevEndpointDataAck</name>
         <value>0x5b71</value>
         <object_component_ref idref="oc-3fc"/>
      </symbol>
      <symbol id="sm-f86">
         <name>USBEndpointDataGet</name>
         <value>0x5225</value>
         <object_component_ref idref="oc-3f6"/>
      </symbol>
      <symbol id="sm-f87">
         <name>USBDevEndpointStatusClear</name>
         <value>0x4b63</value>
         <object_component_ref idref="oc-3ea"/>
      </symbol>
      <symbol id="sm-f88">
         <name>USBDevLPMEnable</name>
         <value>0x5f5b</value>
         <object_component_ref idref="oc-279"/>
      </symbol>
      <symbol id="sm-f89">
         <name>USBFIFOConfigSet</name>
         <value>0x5605</value>
         <object_component_ref idref="oc-756"/>
      </symbol>
      <symbol id="sm-f8a">
         <name>USBEndpointDataSend</name>
         <value>0x57f9</value>
         <object_component_ref idref="oc-526"/>
      </symbol>
      <symbol id="sm-f8b">
         <name>USBIntStatusEndpoint</name>
         <value>0x5fe9</value>
         <object_component_ref idref="oc-27f"/>
      </symbol>
      <symbol id="sm-f8c">
         <name>USBEndpointStatus</name>
         <value>0x5ee9</value>
         <object_component_ref idref="oc-3e4"/>
      </symbol>
      <symbol id="sm-f8d">
         <name>USBDevEndpointStall</name>
         <value>0x5893</value>
         <object_component_ref idref="oc-5cc"/>
      </symbol>
      <symbol id="sm-f8e">
         <name>USBDevEndpointConfigSet</name>
         <value>0x43f1</value>
         <object_component_ref idref="oc-74a"/>
      </symbol>
      <symbol id="sm-f8f">
         <name>USBHostResume</name>
         <value>0x5e43</value>
         <object_component_ref idref="oc-3d5"/>
      </symbol>
      <symbol id="sm-f90">
         <name>__TI_static_base__</name>
         <value>0x0</value>
      </symbol>
      <symbol id="sm-f93">
         <name>SHT$$INIT_ARRAY$$Limit</name>
         <value>0x0</value>
      </symbol>
      <symbol id="sm-f94">
         <name>SHT$$INIT_ARRAY$$Base</name>
         <value>0x0</value>
      </symbol>
   </symbol_table>
   <title>Link successful</title>
</link_info>
