******************************************************************************
                  TI ARM Linker PC v5.2.8                      
******************************************************************************
>> Linked Mon Oct 03 10:05:32 2016

OUTPUT FILE NAME:   <airmouse.out>
ENTRY POINT SYMBOL: "_c_int00"  address: 00005739


MEMORY CONFIGURATION

         name            origin    length      used     unused   attr    fill
----------------------  --------  ---------  --------  --------  ----  --------
  FLASH                 00000000   00040000  00007eb0  00038150  R  X
  SRAM                  20000000   00008000  00006f89  00001077  RW X


SEGMENT ALLOCATION MAP

run origin  load origin   length   init length attrs members
----------  ----------- ---------- ----------- ----- -------
00000000    00000000    00007eb8   00007eb8    r-x
  00000000    00000000    0000026c   0000026c    r-- .intvecs
  0000026c    0000026c    000075ca   000075ca    r-x .text
  00007838    00007838    00000512   00000512    r-- .const
  00007d50    00007d50    00000168   00000168    r-- .cinit
20000000    20000000    00006f8c   00000000    rw-
  20000000    20000000    00004000   00000000    rw- .stack
  20004000    20004000    00002bb5   00000000    rw- .bss
  20006bb8    20006bb8    000003d4   00000000    rw- .data


SECTION ALLOCATION MAP

 output                                  attributes/
section   page    origin      length       input sections
--------  ----  ----------  ----------   ----------------
.intvecs   0    00000000    0000026c     
                  00000000    0000026c     startup_ccs.obj (.intvecs)

.text      0    0000026c    000075ca     
                  0000026c    00000290     sensorlib.lib : comp_dcm.obj (.text:CompDCMUpdate)
                  000004fc    00000248     motion.obj (.text:GestureEmitClassify)
                  00000744    000001f6     usblib.lib : usbdcomp.obj (.text:BuildCompositeDescriptor)
                  0000093a    00000002     startup_ccs.obj (.text:FaultISR)
                  0000093c    000001ea     uartstdio.obj (.text:UARTvprintf)
                  00000b26    00000002     startup_ccs.obj (.text:IntDefaultHandler)
                  00000b28    000001b8     motion.obj (.text:MotionInit)
                  00000ce0    000001b6     rtsv7M4_T_le_v4SPD16_eabi.lib : fd_add_t2.obj (.text)
                  00000e96    00000002     startup_ccs.obj (.text:NmiSR)
                  00000e98    00000198     airmouse.obj (.text:main)
                  00001030    00000194     sensorlib.lib : mpu9150.obj (.text:MPU9150Callback)
                  000011c4    00000174     lprf.obj (.text:LPRFMain)
                  00001338    00000160     uartstdio.obj (.text:UARTStdioIntHandler)
                  00001498    00000160     usblib.lib : usbdma.obj (.text:USBLibDMAInit)
                  000015f8    00000150                : usbdenum.obj (.text:USBDCDInit)
                  00001748    00000150                : usbdenum.obj (.text:USBDEP0StateTxConfig)
                  00001898    00000150                : usbdenum.obj (.text:USBDeviceIntHandlerInternal)
                  000019e8    00000148                : usbdconfig.obj (.text:USBDeviceConfig)
                  00001b30    00000132     driverlib.lib : gpio.obj (.text:GPIOPadConfigSet)
                  00001c62    00000002     usblib.lib : usbdma.obj (.text:iDMAUSBArbSizeSet)
                  00001c64    00000118     rtsv7M4_T_le_v4SPD16_eabi.lib : atan2f.obj (.text)
                  00001d7c    00000114     usblib.lib : usbdhid.obj (.text:HandleRequest)
                  00001e90    00000110     driverlib.lib : sysctl.obj (.text:SysCtlClockGet)
                  00001fa0    00000108     motion.obj (.text:MotionMain)
                  000020a8    00000108     remoti_uart.obj (.text:RemoTIUARTRxHandler)
                  000021b0    00000104     motion.obj (.text:MotionCallback)
                  000022b4    00000100     rgb.obj (.text:RGBInit)
                  000023b4    000000fc     rtsv7M4_T_le_v4SPD16_eabi.lib : fd_mul_t2.obj (.text)
                  000024b0    000000f4     usblib.lib : usbdma.obj (.text:iDMAUSBTransfer)
                  000025a4    000000f2     sensorlib.lib : i2cm_drv.obj (.text:I2CMIntHandler)
                  00002696    00000002     usblib.lib : usbdma.obj (.text:iDMAUSBUnitSizeSet)
                  00002698    000000e4                : usbdenum.obj (.text:USBDGetDescriptor)
                  0000277c    000000e0                : usbdhid.obj (.text:USBDHIDCompositeInit)
                  0000285c    000000dc     lprf.obj (.text:ZIDConfigParams)
                  00002938    000000d8     motion.obj (.text:GestureUpdate)
                  00002a10    000000d8     usblib.lib : usbdenum.obj (.text:USBDeviceEnumHandler)
                  00002ae8    000000d4                : usbdcomp.obj (.text:USBDCompositeInit)
                  00002bbc    000000c4                : usbdma.obj (.text:uDMAUSBChannelAllocate)
                  00002c80    000000c0     rgb.obj (.text:RGBEnable)
                  00002d40    000000bc     usblib.lib : usbdma.obj (.text:uDMAUSBTransfer)
                  00002dfc    000000b4     rtsv7M4_T_le_v4SPD16_eabi.lib : asinf.obj (.text)
                  00002eb0    000000b0     sensorlib.lib : comp_dcm.obj (.text:CompDCMStart)
                  00002f60    000000b0     uartstdio.obj (.text:UARTStdioConfig)
                  00003010    000000a8     uartstdio.obj (.text:UARTwrite)
                  000030b8    000000a8     rtsv7M4_T_le_v4SPD16_eabi.lib : xfatan.obj (.text)
                  00003160    000000a6     usblib.lib : usbdhidkeyb.obj (.text:HIDKeyboardRxHandler)
                  00003206    00000002     rtsv7M4_T_le_v4SPD16_eabi.lib : i_div0.obj (.text)
                  00003208    0000009c     sensorlib.lib : mpu9150.obj (.text:MPU9150DataMagnetoGetFloat)
                  000032a4    0000009c                   : mpu9150.obj (.text:MPU9150Write)
                  00003340    0000009c     usb_dev_comp_hid.obj (.text:MouseMoveHandler)
                  000033dc    0000009c     usblib.lib : usbdhidkeyb.obj (.text:USBDHIDKeyboardCompositeInit)
                  00003478    0000009c     rtsv7M4_T_le_v4SPD16_eabi.lib : memcpy_t2.obj (.text)
                  00003514    00000098     sensorlib.lib : i2cm_drv.obj (.text:I2CMStateIdle)
                  000035ac    00000098     lprf.obj (.text:LPRFInit)
                  00003644    00000098     usblib.lib : usbdenum.obj (.text:USBDSetInterface)
                  000036dc    00000094     remoti_uart.obj (.text:RemoTIUARTIntHandler)
                  00003770    00000090     usb_dev_comp_hid.obj (.text:KeyboardHandler)
                  00003800    00000090     rgb.obj (.text:RGBColorSet)
                  00003890    00000090     usblib.lib : usbdenum.obj (.text:USBDSetConfiguration)
                  00003920    0000008c     buttons.obj (.text:ButtonsPoll)
                  000039ac    0000008c     uartstdio.obj (.text:UARTPrimeTransmit)
                  00003a38    0000008c     usblib.lib : usbdconfig.obj (.text:USBDeviceConfigAlternate)
                  00003ac4    00000088     sensorlib.lib : i2cm_drv.obj (.text:I2CMCommand)
                  00003b4c    00000088     usb_dev_comp_hid.obj (.text:KeyboardMain)
                  00003bd4    00000088     motion.obj (.text:MotionErrorHandler)
                  00003c5c    00000088     motion.obj (.text:MotionKeyboardGet)
                  00003ce4    00000088     usblib.lib : usbdhid.obj (.text:ProcessIdleTimers)
                  00003d6c    00000086                : usbdhidkeyb.obj (.text:USBDHIDKeyboardKeyStateChange)
                  00003df2    00000086     rtsv7M4_T_le_v4SPD16_eabi.lib : fd_cmp_t2.obj (.text:__aeabi_cdcmple)
                  00003e78    00000086                                   : fd_cmp_t2.obj (.text:__aeabi_cdrcmple)
                  00003efe    00000002     usblib.lib : usbdma.obj (.text:uDMAUSBChannelIntDisable)
                  00003f00    00000084                : usbdhidmouse.obj (.text:USBDHIDMouseCompositeInit)
                  00003f84    00000084                : usbdma.obj (.text:iDMAUSBChannelAllocate)
                  00004008    00000084     driverlib.lib : udma.obj (.text:uDMAChannelTransferSet)
                  0000408c    00000080     lprf.obj (.text:RTI_InitCnf)
                  0000410c    00000080     usblib.lib : usbdenum.obj (.text:USBDClearFeature)
                  0000418c    0000007c     motion.obj (.text:GestureInit)
                  00004208    0000007c     sensorlib.lib : mpu9150.obj (.text:MPU9150DataAccelGetFloat)
                  00004284    0000007c                   : mpu9150.obj (.text:MPU9150DataGyroGetFloat)
                  00004300    0000007a     driverlib.lib : usb.obj (.text:USBDevEndpointConfigSet)
                  0000437a    0000007a     rtsv7M4_T_le_v4SPD16_eabi.lib : memset_t2.obj (.text)
                  000043f4    00000078     usblib.lib : usbdenum.obj (.text:USBDGetStatus)
                  0000446c    00000076                : usbdhidmouse.obj (.text:HIDMouseRxHandler)
                  000044e2    00000002                : usbdma.obj (.text:uDMAUSBChannelIntEnable)
                  000044e4    00000074     remoti_npi.obj (.text:NPI_SendSynchData)
                  00004558    00000070     usblib.lib : usbdenum.obj (.text:USBDEP0StateTx)
                  000045c8    00000070                : usbdma.obj (.text:uDMAUSBArbSizeSet)
                  00004638    00000070                : usbdma.obj (.text:uDMAUSBUnitSizeSet)
                  000046a8    0000006e     rtsv7M4_T_le_v4SPD16_eabi.lib : fd_tos_t2.obj (.text)
                  00004716    00000002     --HOLE-- [fill = 0]
                  00004718    0000006c     sensorlib.lib : mpu9150.obj (.text:MPU9150Init)
                  00004784    0000006c     usblib.lib : usbdenum.obj (.text:USBDSetFeature)
                  000047f0    0000006c     rtsv7M4_T_le_v4SPD16_eabi.lib : autoinit.obj (.text)
                  0000485c    0000006a                                   : copy_decompress_rle.obj (.text)
                  000048c6    00000002     --HOLE-- [fill = 0]
                  000048c8    00000068     buttons.obj (.text:ButtonsInit)
                  00004930    00000068     driverlib.lib : interrupt.obj (.text:IntDisable)
                  00004998    00000068                   : interrupt.obj (.text:IntEnable)
                  00004a00    00000068     rgb.obj (.text:RGBDisable)
                  00004a68    00000068     remoti_uart.obj (.text:RemoTIUARTInit)
                  00004ad0    00000064     airmouse.obj (.text:ConfigureUART)
                  00004b34    00000064     usblib.lib : usbdcomp.obj (.text:GetDescriptor)
                  00004b98    00000064                : usbdhid.obj (.text:HandleGetDescriptor)
                  00004bfc    00000064                : usbdcomp.obj (.text:HandleRequests)
                  00004c60    00000064     driverlib.lib : interrupt.obj (.text:IntIsEnabled)
                  00004cc4    00000064     usb_dev_comp_hid.obj (.text:MouseHandler)
                  00004d28    00000064     remoti_uart.obj (.text:RemoTIUARTGetMsg)
                  00004d8c    00000064     usblib.lib : usbdma.obj (.text:uDMAUSBChannelEnable)
                  00004df0    00000060                : usbdcomp.obj (.text:HandleDevice)
                  00004e50    00000060                : usbdhid.obj (.text:HandleDevice)
                  00004eb0    00000060     sensorlib.lib : mpu9150.obj (.text:MPU9150DataRead)
                  00004f10    00000060     usblib.lib : usbdhid.obj (.text:ProcessDataFromHost)
                  00004f70    00000060     lprf.obj (.text:RTI_AsynchMsgProcess)
                  00004fd0    00000060     remoti_rtis.obj (.text:RTI_SendDataReq)
                  00005030    00000060     usblib.lib : usbdenum.obj (.text:USBDReadAndDispatchRequest)
                  00005090    0000005e     sensorlib.lib : i2cm_drv.obj (.text:I2CMStateWritePause)
                  000050ee    0000005e     driverlib.lib : usb.obj (.text:USBDevEndpointStatusClear)
                  0000514c    0000005c     usblib.lib : usbdhid.obj (.text:FindHIDDescriptor)
                  000051a8    00000058     motion.obj (.text:MotionMouseGet)
                  00005200    00000056     usblib.lib : usbdhidkeyb.obj (.text:RemoveKeyFromPressedList)
                  00005256    00000056     sensorlib.lib : vector.obj (.text:VectorCrossProduct)
                  000052ac    00000056     usblib.lib : usbdma.obj (.text:uDMAUSBChannelRelease)
                  00005302    00000002     --HOLE-- [fill = 0]
                  00005304    00000054     motion.obj (.text:GestureNormalize)
                  00005358    00000054     sensorlib.lib : i2cm_drv.obj (.text:I2CMWrite8)
                  000053ac    00000054     usb_dev_comp_hid.obj (.text:KeyboardStateChange)
                  00005400    00000054     usblib.lib : usbdhid.obj (.text:ProcessDataToHost)
                  00005454    00000054     remoti_rtis.obj (.text:RTI_ReadItemEx)
                  000054a8    00000054     remoti_uart.obj (.text:RemoTIUARTPutMsg)
                  000054fc    00000054     lprf.obj (.text:ZIDResetRNP)
                  00005550    00000054     lprf.obj (.text:ZIDSendMouseReport)
                  000055a4    00000052     usblib.lib : usbulpi.obj (.text:ULPIConfigSet)
                  000055f6    00000050     sensorlib.lib : i2cm_drv.obj (.text:I2CMStateWriteFinal)
                  00005646    00000002     --HOLE-- [fill = 0]
                  00005648    00000050     driverlib.lib : sysctl.obj (.text:SysCtlPeripheralReset)
                  00005698    00000050     usblib.lib : usbdcdesc.obj (.text:USBDCDConfigDescGet)
                  000056e8    00000050                : usbdenum.obj (.text:USBDeviceResumeTickHandler)
                  00005738    00000050     rtsv7M4_T_le_v4SPD16_eabi.lib : boot.obj (.text)
                  00005788    0000004c     usblib.lib : usbdconfig.obj (.text:GetEPDescriptorType)
                  000057d4    0000004c     driverlib.lib : i2c.obj (.text:I2CMasterInitExpClk)
                  00005820    0000004c     usblib.lib : usbdenum.obj (.text:USBDStringIndexFromRequest)
                  0000586c    0000004c     driverlib.lib : usb.obj (.text:USBEndpointDMAConfigSet)
                  000058b8    0000004c     lprf.obj (.text:ZIDSelectInitialTargetDevice)
                  00005904    0000004c     lprf.obj (.text:ZIDSendKeyboardReport)
                  00005950    0000004c     usblib.lib : usbdma.obj (.text:iDMAUSBChannelEnable)
                  0000599c    0000004c     rtsv7M4_T_le_v4SPD16_eabi.lib : cpy_tbl.obj (.text)
                  000059e8    0000004a     usblib.lib : usbdcdesc.obj (.text:ConfigAlternateInterfaceGet)
                  00005a32    0000004a     sensorlib.lib : i2cm_drv.obj (.text:I2CMStateReadNext)
                  00005a7c    0000004a     remoti_rtis.obj (.text:RTI_WriteItemEx)
                  00005ac6    0000004a     usblib.lib : usbdhid.obj (.text:USBDHIDReportWrite)
                  00005b10    0000004a     driverlib.lib : usb.obj (.text:USBDevEndpointStallClear)
                  00005b5a    0000004a     usblib.lib : usbdma.obj (.text:uDMAUSBChannelDisable)
                  00005ba4    00000048     sensorlib.lib : i2cm_drv.obj (.text:I2CMStateWriteNext)
                  00005bec    00000048     remoti_npi.obj (.text:NPI_MsgWrap)
                  00005c34    00000048     usblib.lib : usbdhid.obj (.text:SetIdleTimeout)
                  00005c7c    00000048                : usbdenum.obj (.text:USBDeviceEnumResetHandler)
                  00005cc4    00000048     driverlib.lib : udma.obj (.text:uDMAChannelAttributeDisable)
                  00005d0c    00000046                   : uart.obj (.text:UARTConfigSetExpClk)
                  00005d52    00000046                   : usb.obj (.text:USBEndpointDataGet)
                  00005d98    00000044     sensorlib.lib : comp_dcm.obj (.text:CompDCMInit)
                  00005ddc    00000044                   : i2cm_drv.obj (.text:I2CMStateCallback)
                  00005e20    00000044     motion.obj (.text:MatrixVectorMul)
                  00005e64    00000044     airmouse.obj (.text:SysTickIntHandler)
                  00005ea8    00000044     usblib.lib : usbdenum.obj (.text:USBDCDDeviceInfoInit)
                  00005eec    00000044                : usbdenum.obj (.text:USBDGetInterface)
                  00005f30    00000044     rtsv7M4_T_le_v4SPD16_eabi.lib : exit.obj (.text)
                  00005f74    00000042     sensorlib.lib : comp_dcm.obj (.text:CompDCMComputeEulers)
                  00005fb6    00000042                   : i2cm_drv.obj (.text:I2CMStateReadFinal)
                  00005ff8    00000040     usblib.lib : usbdcomp.obj (.text:ConfigChangeHandler)
                  00006038    00000040     usb_dev_comp_hid.obj (.text:EventHandler)
                  00006078    00000040     sensorlib.lib : i2cm_drv.obj (.text:I2CMWrite8Callback)
                  000060b8    00000040     motion.obj (.text:MotionI2CWait)
                  000060f8    00000040     usblib.lib : usbdhid.obj (.text:ScheduleReportTransmission)
                  00006138    00000040     rtsv7M4_T_le_v4SPD16_eabi.lib : signal.obj (.text)
                  00006178    00000040                                   : u_divt2.obj (.text)
                  000061b8    0000003e     usblib.lib : usbdhidkeyb.obj (.text:HIDKeyboardTxHandler)
                  000061f6    0000003e     sensorlib.lib : i2cm_drv.obj (.text:I2CMStateReadPause)
                  00006234    0000003e     usblib.lib : usbdhidmouse.obj (.text:USBDHIDMouseStateChange)
                  00006272    00000002     --HOLE-- [fill = 0]
                  00006274    0000003c     uartstdio.obj (.text:UARTFlushTx)
                  000062b0    0000003c     usblib.lib : usbdenum.obj (.text:USBDCDRemoteWakeupRequest)
                  000062ec    0000003c                : usbdma.obj (.text:iDMAUSBChannelRelease)
                  00006328    0000003a                : usbdcomp.obj (.text:EndpointToIndex)
                  00006362    0000003a     driverlib.lib : usb.obj (.text:USBFIFOConfigSet)
                  0000639c    00000038     usblib.lib : usbdcomp.obj (.text:HandleDisconnect)
                  000063d4    00000038                : usbtick.obj (.text:InternalUSBRegisterTickHandler)
                  0000640c    00000038                : usbtick.obj (.text:InternalUSBStartOfFrameTick)
                  00006444    00000038     rgb.obj (.text:RGBBlinkIntHandler)
                  0000647c    00000038     lprf.obj (.text:RTI_PairCnf)
                  000064b4    00000038     usblib.lib : usbdcomp.obj (.text:ResetHandler)
                  000064ec    00000038                : usbdcomp.obj (.text:ResumeHandler)
                  00006524    00000038                : usbdcomp.obj (.text:SuspendHandler)
                  0000655c    00000038                : usbdcdesc.obj (.text:USBDCDConfigGetInterfaceEndpoint)
                  00006594    00000038     driverlib.lib : usb.obj (.text:USBIntStatusControl)
                  000065cc    00000038     rtsv7M4_T_le_v4SPD16_eabi.lib : fs_tod_t2.obj (.text)
                  00006604    00000036     usblib.lib : usbdhid.obj (.text:HandleEndpoints)
                  0000663a    00000036                : usbdcomp.obj (.text:InterfaceChange)
                  00006670    00000036     driverlib.lib : usb.obj (.text:USBEndpointDataPut)
                  000066a6    00000002     --HOLE-- [fill = 0]
                  000066a8    00000034     usblib.lib : usbdhid.obj (.text:HIDTickHandler)
                  000066dc    00000034     sensorlib.lib : i2cm_drv.obj (.text:I2CMInit)
                  00006710    00000034     motion.obj (.text:IntGPIOb)
                  00006744    00000034     driverlib.lib : sysctl.obj (.text:SysCtlPeripheralEnable)
                  00006778    00000034                   : usb.obj (.text:USBEndpointDataSend)
                  000067ac    00000034     usblib.lib : usbdma.obj (.text:iDMAUSBChannelStatus)
                  000067e0    00000034     rtsv7M4_T_le_v4SPD16_eabi.lib : feraiseexcept.obj (.text)
                  00006814    00000032     usblib.lib : usbdhid.obj (.text:ClearReportTimer)
                  00006846    00000032                : usbdhid.obj (.text:HandleConfigChange)
                  00006878    00000032                : usbdcdesc.obj (.text:NextConfigDescGet)
                  000068aa    00000032     driverlib.lib : usb.obj (.text:USBDevEndpointStall)
                  000068dc    00000032     sensorlib.lib : vector.obj (.text:VectorAdd)
                  0000690e    00000032     usblib.lib : usbdma.obj (.text:iDMAUSBChannelDisable)
                  00006940    00000030                : usbdhidkeyb.obj (.text:AddKeyToPressedList)
                  00006970    00000030                : usbdma.obj (.text:DMAUSBIntHandler)
                  000069a0    00000030     sensorlib.lib : i2cm_drv.obj (.text:I2CMTransferResume)
                  000069d0    00000030     usblib.lib : usbtick.obj (.text:InternalUSBTickInit)
                  00006a00    00000030                : usbdenum.obj (.text:USBDGetConfiguration)
                  00006a30    00000030     ringbuf.obj (.text:UpdateIndexAtomic)
                  00006a60    00000030     rtsv7M4_T_le_v4SPD16_eabi.lib : xferaise.obj (.text)
                  00006a90    0000002e     usblib.lib : usbdcomp.obj (.text:HandleEndpoints)
                  00006abe    0000002e     rtsv7M4_T_le_v4SPD16_eabi.lib : raise.obj (.text)
                  00006aec    0000002c     usblib.lib : usbdcomp.obj (.text:InterfaceToIndex)
                  00006b18    0000002c     usb_dev_comp_hid.obj (.text:KeyboardWaitForSendIdle)
                  00006b44    0000002c     usb_dev_comp_hid.obj (.text:MouseWaitForSendIdle)
                  00006b70    0000002c     uartstdio.obj (.text:UARTFlushRx)
                  00006b9c    0000002c     usblib.lib : usbdesc.obj (.text:USBDescGet)
                  00006bc8    0000002c     rtsv7M4_T_le_v4SPD16_eabi.lib : xfdclass.obj (.text)
                  00006bf4    0000002c     usblib.lib : usbdma.obj (.text:uDMAUSBIntStatus)
                  00006c20    0000002a     driverlib.lib : gpio.obj (.text:GPIODirModeSet)
                  00006c4a    0000002a     sensorlib.lib : i2cm_drv.obj (.text:I2CMStateReadFirst)
                  00006c74    0000002a     usblib.lib : usbdcdesc.obj (.text:USBDCDConfigDescGetNum)
                  00006c9e    0000002a                : usbdesc.obj (.text:USBDescGetNum)
                  00006cc8    0000002a     driverlib.lib : usb.obj (.text:USBDevEndpointDataAck)
                  00006cf2    00000028     usblib.lib : usbdhid.obj (.text:GetIdleTimeout)
                  00006d1a    00000028                : usbdhid.obj (.text:HandleEP0DataReceived)
                  00006d42    00000002     --HOLE-- [fill = 0]
                  00006d44    00000028     remoti_npi.obj (.text:NPI_MsgRxCallback)
                  00006d6c    00000028     usblib.lib : usbdenum.obj (.text:USBDSetAddress)
                  00006d94    00000028     driverlib.lib : usb.obj (.text:USBIntEnableControl)
                  00006dbc    00000028                   : udma.obj (.text:uDMAChannelModeGet)
                  00006de4    00000026     sensorlib.lib : comp_dcm.obj (.text:CompDCMMatrixGet)
                  00006e0a    00000026                   : vector.obj (.text:VectorDotProduct)
                  00006e30    00000026                   : vector.obj (.text:VectorScale)
                  00006e56    00000002     --HOLE-- [fill = 0]
                  00006e58    00000024     remoti_npi.obj (.text:NPI_ErrCallback)
                  00006e7c    00000024     driverlib.lib : usb.obj (.text:USBEndpointDMADisable)
                  00006ea0    00000024                   : usb.obj (.text:USBEndpointDMAEnable)
                  00006ec4    00000024     usblib.lib : usbmode.obj (.text:USBStackModeSet)
                  00006ee8    00000024     rtsv7M4_T_le_v4SPD16_eabi.lib : sqrtf.obj (.text)
                  00006f0c    00000024     driverlib.lib : udma.obj (.text:uDMAChannelControlSet)
                  00006f30    00000022     usblib.lib : usbdcomp.obj (.text:DataReceived)
                  00006f52    00000022                : usbdcomp.obj (.text:DataSent)
                  00006f74    00000022                : usbdhid.obj (.text:HandleDisconnect)
                  00006f96    00000022     remoti_rtis.obj (.text:RTI_InitReq)
                  00006fb8    00000022     remoti_rtis.obj (.text:RTI_PairReq)
                  00006fda    00000022     usblib.lib : usbdma.obj (.text:uDMAUSBChannelStatus)
                  00006ffc    00000020                : usbdconfig.obj (.text:GetEndpointFIFOSize)
                  0000701c    00000020                : usbdhid.obj (.text:HandleEP0DataSent)
                  0000703c    00000020     sensorlib.lib : i2cm_drv.obj (.text:I2CMStateReadOne)
                  0000705c    00000020     remoti_npi.obj (.text:NPI_Init)
                  0000707c    00000020     remoti_npi.obj (.text:NPI_SendAsynchData)
                  0000709c    00000020     lprf.obj (.text:RTI_AsynchMsgCallback)
                  000070bc    00000020     remoti_rtis.obj (.text:RTI_DisableSleepReq)
                  000070dc    00000020     lprf.obj (.text:RTI_SendDataCnf)
                  000070fc    00000020     ringbuf.obj (.text:RingBufAdvanceRead)
                  0000711c    00000020     driverlib.lib : uart.obj (.text:UARTDisable)
                  0000713c    0000001e                   : usb.obj (.text:USBULPIRegRead)
                  0000715a    0000001e                   : usb.obj (.text:USBULPIRegWrite)
                  00007178    0000001c     usblib.lib : usbdcomp.obj (.text:CompositeEPChange)
                  00007194    0000001c                : usbdcomp.obj (.text:CompositeIfaceChange)
                  000071b0    0000001c                : usbdhidmouse.obj (.text:HIDMouseTxHandler)
                  000071cc    0000001c     remoti_uart.obj (.text:RemoTIUARTGetRxMsgCount)
                  000071e8    0000001c     remoti_uart.obj (.text:RemoTIUARTRegisterErrCallback)
                  00007204    0000001c     remoti_uart.obj (.text:RemoTIUARTRegisterMsgRxCallback)
                  00007220    0000001c     ringbuf.obj (.text:RingBufRead)
                  0000723c    0000001c     ringbuf.obj (.text:RingBufWrite)
                  00007258    0000001c     usblib.lib : usbdcdesc.obj (.text:USBDCDConfigGetInterface)
                  00007274    0000001c                : usbdenum.obj (.text:USBDCDStallEP0)
                  00007290    0000001c     driverlib.lib : usb.obj (.text:USBEndpointDataAvail)
                  000072ac    0000001a     usblib.lib : usbdhid.obj (.text:ClearIdleTimers)
                  000072c6    0000001a     sensorlib.lib : i2cm_drv.obj (.text:I2CMStateReadWait)
                  000072e0    0000001a     uartstdio.obj (.text:UARTprintf)
                  000072fa    0000001a     usblib.lib : usbdcdesc.obj (.text:USBDCDConfigDescGetSize)
                  00007314    0000001a     driverlib.lib : usb.obj (.text:USBEndpointDMAChannel)
                  0000732e    00000018     uartstdio.obj (.text:IsBufferFull)
                  00007346    00000018     usblib.lib : usbdhid.obj (.text:SetDeferredOpFlag)
                  0000735e    00000002     --HOLE-- [fill = 0]
                  00007360    00000018                : usbdhandler.obj (.text:USB0DeviceIntHandler)
                  00007378    00000018                : usbdenum.obj (.text:USBDSetDescriptor)
                  00007390    00000018                : usbdenum.obj (.text:USBDSyncFrame)
                  000073a8    00000018     rtsv7M4_T_le_v4SPD16_eabi.lib : args_main.obj (.text)
                  000073c0    00000018     driverlib.lib : udma.obj (.text:uDMAChannelDisable)
                  000073d8    00000018                   : udma.obj (.text:uDMAChannelEnable)
                  000073f0    00000016     ringbuf.obj (.text:RingBufReadOne)
                  00007406    00000016     ringbuf.obj (.text:RingBufUsed)
                  0000741c    00000016     driverlib.lib : usb.obj (.text:USBIntEnableEndpoint)
                  00007432    00000002     --HOLE-- [fill = 0]
                  00007434    00000014     lprf.obj (.text:RTI_DisableSleepCnf)
                  00007448    00000014     lprf.obj (.text:RTI_PairAbortCnf)
                  0000745c    00000014     driverlib.lib : sysctl.obj (.text:SysCtlUSBPLLEnable)
                  00007470    00000014                   : uart.obj (.text:UARTEnable)
                  00007484    00000014     usblib.lib : usbdenum.obj (.text:USBDCDRequestDataEP0)
                  00007498    00000014                : usbdenum.obj (.text:USBDCDSendDataEP0)
                  000074ac    00000014     driverlib.lib : usb.obj (.text:USBDMAChannelConfigSet)
                  000074c0    00000014                   : usb.obj (.text:USBHostResume)
                  000074d4    00000014                   : usb.obj (.text:_USBIndexWrite)
                  000074e8    00000014     rtsv7M4_T_le_v4SPD16_eabi.lib : _lock.obj (.text)
                  000074fc    00000012     driverlib.lib : gpio.obj (.text:GPIOPinTypeI2CSCL)
                  0000750e    00000012     usblib.lib : usbdhid.obj (.text:HandleResume)
                  00007520    00000012                : usbdhid.obj (.text:HandleSuspend)
                  00007532    00000012     driverlib.lib : usb.obj (.text:USBDMAChannelDisable)
                  00007544    00000012                   : usb.obj (.text:USBDMAChannelEnable)
                  00007556    00000012                   : usb.obj (.text:USBDMAChannelIntDisable)
                  00007568    00000012                   : usb.obj (.text:USBDMAChannelIntEnable)
                  0000757a    00000002     --HOLE-- [fill = 0]
                  0000757c    00000010                   : fpu.obj (.text:FPULazyStackingEnable)
                  0000758c    00000010                   : interrupt.obj (.text:IntMasterDisable)
                  0000759c    00000010                   : interrupt.obj (.text:IntMasterEnable)
                  000075ac    00000010     ringbuf.obj (.text:RingBufWriteOne)
                  000075bc    00000010     driverlib.lib : usb.obj (.text:USBEndpointStatus)
                  000075cc    0000000e     sensorlib.lib : comp_dcm.obj (.text:CompDCMAccelUpdate)
                  000075da    0000000e                   : comp_dcm.obj (.text:CompDCMGyroUpdate)
                  000075e8    0000000e                   : comp_dcm.obj (.text:CompDCMMagnetoUpdate)
                  000075f6    0000000e     usblib.lib : usbdma.obj (.text:DMAUSBIntStatusClear)
                  00007604    0000000e     driverlib.lib : gpio.obj (.text:GPIOIntStatus)
                  00007612    0000000e     uartstdio.obj (.text:IsBufferEmpty)
                  00007620    0000000e     driverlib.lib : uart.obj (.text:UARTCharGetNonBlocking)
                  0000762e    0000000e                   : uart.obj (.text:UARTCharPutNonBlocking)
                  0000763c    0000000e     usblib.lib : usbdhid.obj (.text:USBDHIDTxPacketAvailable)
                  0000764a    0000000e     driverlib.lib : usb.obj (.text:USBDMAChannelStatus)
                  00007658    0000000e                   : usb.obj (.text:USBDevLPMDisable)
                  00007666    0000000e                   : usb.obj (.text:USBDevLPMEnable)
                  00007674    0000000e                   : usb.obj (.text:USBULPIDisable)
                  00007682    0000000e                   : usb.obj (.text:USBULPIEnable)
                  00007690    0000000e     rtsv7M4_T_le_v4SPD16_eabi.lib : copy_decompress_none.obj (.text:decompress:none)
                  0000769e    0000000c     driverlib.lib : cpu.obj (.text:CPUcpsid)
                  000076aa    0000000c                   : cpu.obj (.text:CPUcpsie)
                  000076b6    0000000c                   : gpio.obj (.text:GPIOIntEnable)
                  000076c2    00000002     --HOLE-- [fill = 0]
                  000076c4    0000000c                   : interrupt.obj (.text:IntTrigger)
                  000076d0    0000000c     motion.obj (.text:MotionI2CIntHandler)
                  000076dc    0000000c     remoti_rtis.obj (.text:RTI_Init)
                  000076e8    0000000c     ringbuf.obj (.text:RingBufInit)
                  000076f4    0000000c     driverlib.lib : usb.obj (.text:USBEndpointPacketCountSet)
                  00007700    0000000c                   : usb.obj (.text:USBLPMIntEnable)
                  0000770c    0000000c     rtsv7M4_T_le_v4SPD16_eabi.lib : copy_zero_init.obj (.text:decompress:ZI)
                  00007718    0000000a     driverlib.lib : i2c.obj (.text:I2CMasterEnable)
                  00007722    0000000a                   : uart.obj (.text:UARTFIFODisable)
                  0000772c    0000000a                   : uart.obj (.text:UARTIntDisable)
                  00007736    0000000a                   : uart.obj (.text:UARTIntStatus)
                  00007740    0000000a                   : usb.obj (.text:USBClockEnable)
                  0000774a    0000000a                   : usb.obj (.text:USBControllerVersion)
                  00007754    0000000a                   : usb.obj (.text:USBDMAChannelAddressSet)
                  0000775e    0000000a                   : usb.obj (.text:USBDMAChannelCountSet)
                  00007768    0000000a                   : usb.obj (.text:USBDevConnect)
                  00007772    0000000a                   : usb.obj (.text:USBDevDisconnect)
                  0000777c    0000000a                   : usb.obj (.text:USBIntStatusEndpoint)
                  00007786    00000008                   : i2c.obj (.text:I2CMasterIntClear)
                  0000778e    00000008                   : i2c.obj (.text:I2CMasterIntEnableEx)
                  00007796    00000008                   : i2c.obj (.text:I2CMasterSlaveAddrSet)
                  0000779e    00000008                   : uart.obj (.text:UARTIntEnable)
                  000077a6    00000008                   : usb.obj (.text:USBDevMode)
                  000077ae    00000008                   : usb.obj (.text:USBFIFOAddrGet)
                  000077b6    00000008                   : usb.obj (.text:USBOTGMode)
                  000077be    00000008     usblib.lib : usbdma.obj (.text:iDMAUSBChannelIntDisable)
                  000077c6    00000008                : usbdma.obj (.text:iDMAUSBChannelIntEnable)
                  000077ce    00000006     driverlib.lib : gpio.obj (.text:GPIOIntClear)
                  000077d4    00000006     startup_ccs.obj (.text:ResetISR)
                  000077da    00000006     driverlib.lib : sysctl.obj (.text:SysCtlDelay)
                  000077e0    00000006                   : uart.obj (.text:UARTClockSourceSet)
                  000077e6    00000006                   : uart.obj (.text:UARTFIFOLevelSet)
                  000077ec    00000006     usblib.lib : usbdhidkeyb.obj (.text:USBDHIDKeyboardRemoteWakeupRequest)
                  000077f2    00000006                : usbdhid.obj (.text:USBDHIDRemoteWakeupRequest)
                  000077f8    00000006     driverlib.lib : usb.obj (.text:USBDMAChannelIntStatus)
                  000077fe    00000006                   : usb.obj (.text:USBDevLPMConfig)
                  00007804    00000006                   : usb.obj (.text:USBLPMIntStatus)
                  0000780a    00000006     rtsv7M4_T_le_v4SPD16_eabi.lib : copy_decompress_rle.obj (.text:decompress:rle24)
                  00007810    00000006     usblib.lib : usbdma.obj (.text:iDMAUSBIntStatus)
                  00007816    00000004                : usbdma.obj (.text:DMAUSBStatus)
                  0000781a    00000004                : usbdhid.obj (.text:HandleReset)
                  0000781e    00000004     driverlib.lib : i2c.obj (.text:I2CMasterControl)
                  00007822    00000004                   : i2c.obj (.text:I2CMasterDataGet)
                  00007826    00000004                   : i2c.obj (.text:I2CMasterDataPut)
                  0000782a    00000004                   : uart.obj (.text:UARTIntClear)
                  0000782e    00000004                   : usb.obj (.text:USBDevAddrSet)
                  00007832    00000004     rtsv7M4_T_le_v4SPD16_eabi.lib : pre_init.obj (.text)

.const     0    00007838    00000512     
                  00007838    000000c4     motion.obj (.const:g_ppfEmitProb)
                  000078fc    000000c4     motion.obj (.const:g_ppfTransitionProb)
                  000079c0    00000070     driverlib.lib : interrupt.obj (.const)
                  00007a30    0000006c                   : sysctl.obj (.const:g_pui32Xtals)
                  00007a9c    0000003f     usblib.lib : usbdhidkeyb.obj (.const:.string:g_pui8KeybReportDescriptor)
                  00007adb    00000001     --HOLE-- [fill = 0]
                  00007adc    00000034                : usbdenum.obj (.const:g_psUSBDStdRequests)
                  00007b10    00000034     rtsv7M4_T_le_v4SPD16_eabi.lib : xfatan.obj (.const)
                  00007b44    00000034     usblib.lib : usbdhidkeyb.obj (.const)
                  00007b78    00000032                : usbdhidmouse.obj (.const:.string:g_pui8MouseReportDescriptor)
                  00007baa    00000032     usb_structs.obj (.const:.string)
                  00007bdc    00000030     usblib.lib : usbdcomp.obj (.const:g_sCompHandlers)
                  00007c0c    00000030                : usbdhid.obj (.const:g_sHIDHandlers)
                  00007c3c    0000002c                : usbdhidmouse.obj (.const)
                  00007c68    00000028     uartstdio.obj (.const)
                  00007c90    00000024     usb_structs.obj (.const:.string:g_pui8ManufacturerString)
                  00007cb4    00000020     sensorlib.lib : mpu9150.obj (.const)
                  00007cd4    0000001c     motion.obj (.const)
                  00007cf0    00000018     lprf.obj (.const:.string)
                  00007d08    00000012     uartstdio.obj (.const:.string)
                  00007d1a    00000002     --HOLE-- [fill = 0]
                  00007d1c    00000010     usb_structs.obj (.const)
                  00007d2c    0000000e     usblib.lib : usbdhidkeyb.obj (.const:.string)
                  00007d3a    00000009                : usbdcomp.obj (.const:.string)
                  00007d43    00000007                : usbdhidmouse.obj (.const:.string)

.cinit     0    00007d50    00000168     
                  00007d50    00000142     (.cinit..data.load) [load image, compression = rle]
                  00007e92    00000002     --HOLE-- [fill = 0]
                  00007e94    0000000c     (__TI_handler_table)
                  00007ea0    00000008     (.cinit..bss.load) [load image, compression = zero_init]
                  00007ea8    00000010     (__TI_cinit_table)

.init_array 
*          0    00000000    00000000     UNINITIALIZED

.stack     0    20000000    00004000     UNINITIALIZED
                  20000000    00004000     --HOLE--

.bss       0    20004000    00002bb5     UNINITIALIZED
                  20004000    00001c00     motion.obj (.bss:g_ppfPath)
                  20005c00    00000400     uartstdio.obj (.bss:g_pcUARTTxBuffer)
                  20006000    00000200     remoti_uart.obj (.bss:g_pui8RxBuf)
                  20006200    00000200     remoti_uart.obj (.bss:g_pui8TxBuf)
                  20006400    00000200     remoti_npi.obj (.bss:pui32ErrLog)
                  20006600    00000124     motion.obj (.bss:g_sI2CInst)
                  20006724    00000110     usblib.lib : usbdma.obj (.bss:g_psUSBDMAInst)
                  20006834    00000080     uartstdio.obj (.bss:g_pcUARTRxBuffer)
                  200068b4    0000006c     motion.obj (.bss:g_sMPU9150Inst)
                  20006920    00000058     motion.obj (.bss:g_sCompDCMInst)
                  20006978    00000050     usblib.lib : usbdenum.obj (.bss:g_psDCDInst)
                  200069c8    00000040                : usbdenum.obj (.bss:g_pui8DataBufferIn)
                  20006a08    00000040     airmouse.obj (.bss:g_pui8DescriptorData)
                  20006a48    00000038     motion.obj (.bss:g_sGestureInst)
                  20006a80    00000018     (.common:g_pfnTickHandlers)
                  20006a98    00000018     (.common:g_psCompDevices)
                  20006ab0    00000018     (.common:g_pvTickInstance)
                  20006ac8    00000010     (.common:g_rbRemoTIRxRingBuf)
                  20006ad8    00000010     (.common:g_rbRemoTITxRingBuf)
                  20006ae8    0000000c     (.common:g_pfAccel)
                  20006af4    0000000c     (.common:g_pfEulers)
                  20006b00    0000000c     (.common:g_pfGyro)
                  20006b0c    0000000c     (.common:g_pfMag)
                  20006b18    0000000c     (.common:g_pui32RGBColors)
                  20006b24    0000000c     (.common:g_ui32Colors)
                  20006b30    00000008     (.common:g_sZIDKeys)
                  20006b38    00000004     (.common:g_fAccelMagnitudePrevious)
                  20006b3c    00000004     (.common:g_pfnErrCallback)
                  20006b40    00000004     (.common:g_pfnRTIRxCallback)
                  20006b44    00000004     (.common:g_pfnRxCallback)
                  20006b48    00000004     (.common:g_pfnTxCallback)
                  20006b4c    00000004     (.common:g_pfnUSBModeCallback)
                  20006b50    00000004     (.common:g_ppCompConfigDescriptors)
                  20006b54    00000004     (.common:g_ppsDevInfo)
                  20006b58    00000004     (.common:g_ui16RxMsgCount)
                  20006b5c    00000004     (.common:g_ui32Events)
                  20006b60    00000004     (.common:g_ui32PortNum)
                  20006b64    00000004     (.common:g_ui32RGBLPRFBlinkCounter)
                  20006b68    00000004     (.common:g_ui32RGBMotionBlinkCounter)
                  20006b6c    00000004     (.common:g_ui32SysTickCount)
                  20006b70    00000004     (.common:g_ui32UARTBase)
                  20006b74    00000004     (.common:g_ui32ULPISupport)
                  20006b78    00000004     (.common:g_ui32USBFlags)
                  20006b7c    00000004     (.common:g_ui8Buttons)
                  20006b80    00000004     (.common:g_ui8LPRFButtonsPrev)
                  20006b84    00000004     (.common:g_ui8MotionState)
                  20006b88    00000004     (.common:g_ui8MouseButtonsPrev)
                  20006b8c    00000004     (.common:g_vui8ErrorFlag)
                  20006b90    00000004     (.common:g_vui8LinkState)
                  20006b94    00000004     (.common:g_vui8RTISState)
                  20006b98    00000004     (.common:ui16Counter$3)
                  20006b9c    00000004     (.common:ui16Length$2)
                  20006ba0    00000004     (.common:ui32Index$1)
                  20006ba4    00000004     (.common:ui8SOFFlag$1)
                  20006ba8    00000004     (.common:ulFlags$1)
                  20006bac    00000001     (.common:g_bDisableEcho)
                  20006bad    00000001     (.common:g_bKeyHold)
                  20006bae    00000001     (.common:g_bModifierHold)
                  20006baf    00000001     (.common:g_bPressed)
                  20006bb0    00000001     (.common:g_bTxBusy)
                  20006bb1    00000001     (.common:g_ui8LinkDestIndex)
                  20006bb2    00000001     (.common:g_vbSyncResponse)
                  20006bb3    00000001     (.common:ui8Command0$5)
                  20006bb4    00000001     (.common:ui8FrameCheck$4)

.TI.noinit 
*          0    20004000    00000000     UNINITIALIZED

.data      0    20006bb8    000003d4     UNINITIALIZED
                  20006bb8    000000b0     rtsv7M4_T_le_v4SPD16_eabi.lib : signal.obj (.data:sigtable)
                  20006c68    000000a4     usb_structs.obj (.data:g_sKeyboardDevice)
                  20006d0c    00000094     usb_structs.obj (.data:g_sMouseDevice)
                  20006da0    0000007c     usb_structs.obj (.data:g_sCompDevice)
                  20006e1c    00000004     rgb.obj (.data)
                  20006e20    00000068     rtsv7M4_T_le_v4SPD16_eabi.lib : xfvalues.obj (.data)
                  20006e88    00000038     usblib.lib : usbdhidkeyb.obj (.data)
                  20006ec0    00000034                : usbdhidmouse.obj (.data)
                  20006ef4    0000001c     motion.obj (.data)
                  20006f10    00000015     uartstdio.obj (.data)
                  20006f25    00000012     usblib.lib : usbdcomp.obj (.data)
                  20006f37    00000012                : usbdhid.obj (.data)
                  20006f49    00000003     buttons.obj (.data)
                  20006f4c    0000000c     usblib.lib : usbtick.obj (.data)
                  20006f58    00000009                : usbmode.obj (.data)
                  20006f61    00000002     usb_dev_comp_hid.obj (.data)
                  20006f63    00000001     --HOLE--
                  20006f64    00000008     rtsv7M4_T_le_v4SPD16_eabi.lib : _lock.obj (.data)
                  20006f6c    00000008                                   : exit.obj (.data)
                  20006f74    00000008                                   : feraiseexcept.obj (.data)
                  20006f7c    00000008     usblib.lib : usbdenum.obj (.data)
                  20006f84    00000004     rtsv7M4_T_le_v4SPD16_eabi.lib : errno.obj (.data)
                  20006f88    00000004                                   : stkdepth_vars.obj (.data)

.TI.persistent 
*          0    20006bb8    00000000     UNINITIALIZED


LINKER GENERATED COPY TABLES

__TI_cinit_table @ 00007ea8 records: 2, size/record: 8, table size: 16
	.data: load addr=00007d50, load size=00000142 bytes, run addr=20006bb8, run size=000003d4 bytes, compression=rle
	.bss: load addr=00007ea0, load size=00000008 bytes, run addr=20004000, run size=00002bb5 bytes, compression=zero_init


LINKER GENERATED HANDLER TABLE

__TI_handler_table @ 00007e94 records: 3, size/record: 4, table size: 12
	index: 0, handler: __TI_decompress_rle24
	index: 1, handler: __TI_decompress_none
	index: 2, handler: __TI_zero_init


GLOBAL SYMBOLS: SORTED ALPHABETICALLY BY Name 

address   name                              
-------   ----                              
00000745  BuildCompositeDescriptor          
000048c9  ButtonsInit                       
00003921  ButtonsPoll                       
00005f31  C$$EXIT                           
0000769f  CPUcpsid                          
000076ab  CPUcpsie                          
000075cd  CompDCMAccelUpdate                
00005f75  CompDCMComputeEulers              
000075db  CompDCMGyroUpdate                 
00005d99  CompDCMInit                       
000075e9  CompDCMMagnetoUpdate              
00006de5  CompDCMMatrixGet                  
00002eb1  CompDCMStart                      
0000026d  CompDCMUpdate                     
00004ad1  ConfigureUART                     
00006039  EventHandler                      
0000757d  FPULazyStackingEnable             
00006c21  GPIODirModeSet                    
000077cf  GPIOIntClear                      
000076b7  GPIOIntEnable                     
00007605  GPIOIntStatus                     
00001b31  GPIOPadConfigSet                  
000074fd  GPIOPinTypeI2CSCL                 
000004fd  GestureEmitClassify               
0000418d  GestureInit                       
00005305  GestureNormalize                  
00002939  GestureUpdate                     
00003ac5  I2CMCommand                       
000066dd  I2CMInit                          
000025a5  I2CMIntHandler                    
000069a1  I2CMTransferResume                
00005359  I2CMWrite8                        
0000781f  I2CMasterControl                  
00007823  I2CMasterDataGet                  
00007827  I2CMasterDataPut                  
00007719  I2CMasterEnable                   
000057d5  I2CMasterInitExpClk               
00007787  I2CMasterIntClear                 
0000778f  I2CMasterIntEnableEx              
00007797  I2CMasterSlaveAddrSet             
00004931  IntDisable                        
00004999  IntEnable                         
00006711  IntGPIOb                          
00004c61  IntIsEnabled                      
0000758d  IntMasterDisable                  
0000759d  IntMasterEnable                   
000076c5  IntTrigger                        
000063d5  InternalUSBRegisterTickHandler    
0000640d  InternalUSBStartOfFrameTick       
000069d1  InternalUSBTickInit               
00003771  KeyboardHandler                   
00003b4d  KeyboardMain                      
000053ad  KeyboardStateChange               
00006b19  KeyboardWaitForSendIdle           
000035ad  LPRFInit                          
000011c5  LPRFMain                          
00004209  MPU9150DataAccelGetFloat          
00004285  MPU9150DataGyroGetFloat           
00003209  MPU9150DataMagnetoGetFloat        
00004eb1  MPU9150DataRead                   
00004719  MPU9150Init                       
000032a5  MPU9150Write                      
000021b1  MotionCallback                    
00003bd5  MotionErrorHandler                
000076d1  MotionI2CIntHandler               
000060b9  MotionI2CWait                     
00000b29  MotionInit                        
00003c5d  MotionKeyboardGet                 
00001fa1  MotionMain                        
000051a9  MotionMouseGet                    
00004cc5  MouseHandler                      
00003341  MouseMoveHandler                  
00006b45  MouseWaitForSendIdle              
00006e59  NPI_ErrCallback                   
0000705d  NPI_Init                          
00006d45  NPI_MsgRxCallback                 
00005bed  NPI_MsgWrap                       
0000707d  NPI_SendAsynchData                
000044e5  NPI_SendSynchData                 
00006445  RGBBlinkIntHandler                
00003801  RGBColorSet                       
00004a01  RGBDisable                        
00002c81  RGBEnable                         
000022b5  RGBInit                           
0000709d  RTI_AsynchMsgCallback             
00004f71  RTI_AsynchMsgProcess              
00007435  RTI_DisableSleepCnf               
000070bd  RTI_DisableSleepReq               
000076dd  RTI_Init                          
0000408d  RTI_InitCnf                       
00006f97  RTI_InitReq                       
00007449  RTI_PairAbortCnf                  
0000647d  RTI_PairCnf                       
00006fb9  RTI_PairReq                       
00005455  RTI_ReadItemEx                    
000070dd  RTI_SendDataCnf                   
00004fd1  RTI_SendDataReq                   
00005a7d  RTI_WriteItemEx                   
00004d29  RemoTIUARTGetMsg                  
000071cd  RemoTIUARTGetRxMsgCount           
00004a69  RemoTIUARTInit                    
000036dd  RemoTIUARTIntHandler              
000054a9  RemoTIUARTPutMsg                  
000071e9  RemoTIUARTRegisterErrCallback     
00007205  RemoTIUARTRegisterMsgRxCallback   
000077d5  ResetISR                          
000070fd  RingBufAdvanceRead                
000076e9  RingBufInit                       
00007221  RingBufRead                       
000073f1  RingBufReadOne                    
00007407  RingBufUsed                       
0000723d  RingBufWrite                      
000075ad  RingBufWriteOne                   
UNDEFED   SHT$$INIT_ARRAY$$Base             
UNDEFED   SHT$$INIT_ARRAY$$Limit            
00001e91  SysCtlClockGet                    
000077db  SysCtlDelay                       
00006745  SysCtlPeripheralEnable            
00005649  SysCtlPeripheralReset             
0000745d  SysCtlUSBPLLEnable                
00005e65  SysTickIntHandler                 
00007621  UARTCharGetNonBlocking            
0000762f  UARTCharPutNonBlocking            
000077e1  UARTClockSourceSet                
00005d0d  UARTConfigSetExpClk               
0000711d  UARTDisable                       
00007471  UARTEnable                        
00007723  UARTFIFODisable                   
000077e7  UARTFIFOLevelSet                  
00006b71  UARTFlushRx                       
00006275  UARTFlushTx                       
0000782b  UARTIntClear                      
0000772d  UARTIntDisable                    
0000779f  UARTIntEnable                     
00007737  UARTIntStatus                     
00002f61  UARTStdioConfig                   
00001339  UARTStdioIntHandler               
000072e1  UARTprintf                        
0000093d  UARTvprintf                       
00003011  UARTwrite                         
000055a5  ULPIConfigSet                     
00007361  USB0DeviceIntHandler              
00007741  USBClockEnable                    
0000774b  USBControllerVersion              
00005699  USBDCDConfigDescGet               
00006c75  USBDCDConfigDescGetNum            
000072fb  USBDCDConfigDescGetSize           
00007259  USBDCDConfigGetInterface          
0000655d  USBDCDConfigGetInterfaceEndpoint  
00005ea9  USBDCDDeviceInfoInit              
000015f9  USBDCDInit                        
000062b1  USBDCDRemoteWakeupRequest         
00007485  USBDCDRequestDataEP0              
00007499  USBDCDSendDataEP0                 
00007275  USBDCDStallEP0                    
00002ae9  USBDCompositeInit                 
0000277d  USBDHIDCompositeInit              
000033dd  USBDHIDKeyboardCompositeInit      
00003d6d  USBDHIDKeyboardKeyStateChange     
000077ed  USBDHIDKeyboardRemoteWakeupRequest
00003f01  USBDHIDMouseCompositeInit         
00006235  USBDHIDMouseStateChange           
000077f3  USBDHIDRemoteWakeupRequest        
00005ac7  USBDHIDReportWrite                
0000763d  USBDHIDTxPacketAvailable          
00007755  USBDMAChannelAddressSet           
000074ad  USBDMAChannelConfigSet            
0000775f  USBDMAChannelCountSet             
00007533  USBDMAChannelDisable              
00007545  USBDMAChannelEnable               
00007557  USBDMAChannelIntDisable           
00007569  USBDMAChannelIntEnable            
000077f9  USBDMAChannelIntStatus            
0000764b  USBDMAChannelStatus               
00006b9d  USBDescGet                        
00006c9f  USBDescGetNum                     
0000782f  USBDevAddrSet                     
00007769  USBDevConnect                     
00007773  USBDevDisconnect                  
00004301  USBDevEndpointConfigSet           
00006cc9  USBDevEndpointDataAck             
000068ab  USBDevEndpointStall               
00005b11  USBDevEndpointStallClear          
000050ef  USBDevEndpointStatusClear         
000077ff  USBDevLPMConfig                   
00007659  USBDevLPMDisable                  
00007667  USBDevLPMEnable                   
000077a7  USBDevMode                        
000019e9  USBDeviceConfig                   
00003a39  USBDeviceConfigAlternate          
00002a11  USBDeviceEnumHandler              
00005c7d  USBDeviceEnumResetHandler         
00001899  USBDeviceIntHandlerInternal       
000056e9  USBDeviceResumeTickHandler        
00007315  USBEndpointDMAChannel             
0000586d  USBEndpointDMAConfigSet           
00006e7d  USBEndpointDMADisable             
00006ea1  USBEndpointDMAEnable              
00007291  USBEndpointDataAvail              
00005d53  USBEndpointDataGet                
00006671  USBEndpointDataPut                
00006779  USBEndpointDataSend               
000076f5  USBEndpointPacketCountSet         
000075bd  USBEndpointStatus                 
000077af  USBFIFOAddrGet                    
00006363  USBFIFOConfigSet                  
000074c1  USBHostResume                     
00006d95  USBIntEnableControl               
0000741d  USBIntEnableEndpoint              
00006595  USBIntStatusControl               
0000777d  USBIntStatusEndpoint              
00007701  USBLPMIntEnable                   
00007805  USBLPMIntStatus                   
00001499  USBLibDMAInit                     
000077b7  USBOTGMode                        
00006ec5  USBStackModeSet                   
00007675  USBULPIDisable                    
00007683  USBULPIEnable                     
0000713d  USBULPIRegRead                    
0000715b  USBULPIRegWrite                   
000068dd  VectorAdd                         
00005257  VectorCrossProduct                
00006e0b  VectorDotProduct                  
00006e31  VectorScale                       
0000285d  ZIDConfigParams                   
000054fd  ZIDResetRNP                       
00005905  ZIDSendKeyboardReport             
00005551  ZIDSendMouseReport                
20006f84  _Errno                            
000030b9  _FAtan                            
00006bc9  _FDclass                          
20006e20  _FDenorm                          
20006e30  _FEps                             
20006e40  _FInf                             
20006e50  _FNan                             
20006e70  _FRteps                           
20006e60  _FSnan                            
20006e80  _FXbig                            
20006e84  _FZero                            
20006f74  _Fenv                             
00006a61  _Feraise                          
20006f78  _Tls_setup__Fenv                  
20004000  __STACK_END                       
00004000  __STACK_SIZE                      
20004000  __STACK_TOP                       
00007ea8  __TI_CINIT_Base                   
00007eb8  __TI_CINIT_Limit                  
00007e94  __TI_Handler_Table_Base           
00007ea0  __TI_Handler_Table_Limit          
000047f1  __TI_auto_init                    
20006f6c  __TI_cleanup_ptr                  
00007691  __TI_decompress_none              
0000780b  __TI_decompress_rle24             
20006f70  __TI_dtors_ptr                    
00000000  __TI_static_base__                
0000770d  __TI_zero_init                    
00003df3  __aeabi_cdcmpeq                   
00003df3  __aeabi_cdcmple                   
00003e79  __aeabi_cdrcmple                  
000046a9  __aeabi_d2f                       
00000ceb  __aeabi_dadd                      
000023b5  __aeabi_dmul                      
00000ce1  __aeabi_dsub                      
000065cd  __aeabi_f2d                       
00003207  __aeabi_idiv0                     
0000437b  __aeabi_memclr                    
0000437b  __aeabi_memclr4                   
0000437b  __aeabi_memclr8                   
00003479  __aeabi_memcpy                    
00003479  __aeabi_memcpy4                   
00003479  __aeabi_memcpy8                   
0000437d  __aeabi_memset                    
0000437d  __aeabi_memset4                   
0000437d  __aeabi_memset8                   
00006179  __aeabi_uidiv                     
00006179  __aeabi_uidivmod                  
ffffffff  __binit__                         
ffffffff  __c_args__                        
20000000  __stack                           
000073a9  _args_main                        
00005739  _c_int00                          
20006f64  _lock                             
000074f7  _nop                              
000074ef  _register_lock                    
000074e9  _register_unlock                  
00007833  _system_pre_init                  
20006f68  _unlock                           
00005f35  abort                             
00002dfd  asinf                             
00001c65  atan2f                            
ffffffff  binit                             
0000599d  copy_in                           
00005f3d  exit                              
000067e1  feraiseexcept                     
20006bad  g_bKeyHold                        
20006bae  g_bModifierHold                   
20006baf  g_bPressed                        
20006bb0  g_bTxBusy                         
20006f4c  g_bUSBTimerInitialized            
20006f62  g_eKeyboardState                  
20006f61  g_eMouseState                     
20006b38  g_fAccelMagnitudePrevious         
20006f58  g_iUSBMode                        
20006ae8  g_pfAccel                         
20006af4  g_pfEulers                        
20006b00  g_pfGyro                          
00007cd4  g_pfInitProb                      
20006b0c  g_pfMag                           
20006b3c  g_pfnErrCallback                  
20006b40  g_pfnRTIRxCallback                
20006b44  g_pfnRxCallback                   
20006a80  g_pfnTickHandlers                 
20006b48  g_pfnTxCallback                   
00000000  g_pfnVectors                      
20006b50  g_ppCompConfigDescriptors         
00007838  g_ppfEmitProb                     
20004000  g_ppfPath                         
000078fc  g_ppfTransitionProb               
20006b54  g_ppsDevInfo                      
00007c60  g_ppsHIDConfigDescriptors         
20006a98  g_psCompDevices                   
20006978  g_psDCDInst                       
20006edc  g_psHIDSections                   
20006b18  g_pui32RGBColors                  
20006a08  g_pui8DescriptorData              
20006f37  g_pui8HIDDeviceDescriptor         
00007d43  g_pui8HIDInEndpoint               
20006ec9  g_pui8HIDInterface                
00007baa  g_pui8LangDescriptor              
00007c90  g_pui8ManufacturerString          
20006ec0  g_pui8MouseDescriptor             
00007bae  g_pui8ProductString               
20006000  g_pui8RxBuf                       
00007bca  g_pui8SerialNumberString          
00007d1c  g_pui8StringDescriptors           
20006200  g_pui8TxBuf                       
20006ab0  g_pvTickInstance                  
20006ac8  g_rbRemoTIRxRingBuf               
20006ad8  g_rbRemoTITxRingBuf               
20006920  g_sCompDCMInst                    
20006da0  g_sCompDevice                     
00007bdc  g_sCompHandlers                   
20006a48  g_sGestureInst                    
20006eec  g_sHIDConfigHeader                
00007c48  g_sHIDConfigSection               
20006ed4  g_sHIDDescriptorSection           
00007c0c  g_sHIDHandlers                    
00007c58  g_sHIDInEndpointSection           
00007c50  g_sHIDInterfaceSection            
20006600  g_sI2CInst                        
20006c68  g_sKeyboardDevice                 
200068b4  g_sMPU9150Inst                    
20006d0c  g_sMouseDevice                    
20006b30  g_sZIDKeys                        
20006ef4  g_ui16DeadBands                   
20006b58  g_ui16RxMsgCount                  
20006f50  g_ui32CurrentUSBTick              
20006b5c  g_ui32Events                      
20006b64  g_ui32RGBLPRFBlinkCounter         
20006b68  g_ui32RGBMotionBlinkCounter       
20006b6c  g_ui32SysTickCount                
20006b70  g_ui32UARTBase                    
20006b78  g_ui32USBFlags                    
20006f54  g_ui32USBSOFCount                 
20006f5c  g_ui32WaitTicks                   
20006b7c  g_ui8Buttons                      
20006b80  g_ui8LPRFButtonsPrev              
20006bb1  g_ui8LinkDestIndex                
20006b84  g_ui8MotionState                  
20006b88  g_ui8MouseButtonsPrev             
20006bb2  g_vbSyncResponse                  
20006b8c  g_vui8ErrorFlag                   
20006b90  g_vui8LinkState                   
20006b94  g_vui8RTISState                   
00000e99  main                              
20006f88  main_func_sp                      
00003479  memcpy                            
00004383  memset                            
00007cfa  pucTargetList                     
20006400  pui32ErrLog                       
00007cf0  pui8DevList                       
00007cf3  pui8ProfileList                   
00007d00  pui8VendorName                    
00006abf  raise                             
00006139  signal                            
00006ee9  sqrtf                             
00005cc5  uDMAChannelAttributeDisable       
00006f0d  uDMAChannelControlSet             
000073c1  uDMAChannelDisable                
000073d9  uDMAChannelEnable                 
00006dbd  uDMAChannelModeGet                
00004009  uDMAChannelTransferSet            


GLOBAL SYMBOLS: SORTED BY Symbol Address 

address   name                              
-------   ----                              
00000000  __TI_static_base__                
00000000  g_pfnVectors                      
0000026d  CompDCMUpdate                     
000004fd  GestureEmitClassify               
00000745  BuildCompositeDescriptor          
0000093d  UARTvprintf                       
00000b29  MotionInit                        
00000ce1  __aeabi_dsub                      
00000ceb  __aeabi_dadd                      
00000e99  main                              
000011c5  LPRFMain                          
00001339  UARTStdioIntHandler               
00001499  USBLibDMAInit                     
000015f9  USBDCDInit                        
00001899  USBDeviceIntHandlerInternal       
000019e9  USBDeviceConfig                   
00001b31  GPIOPadConfigSet                  
00001c65  atan2f                            
00001e91  SysCtlClockGet                    
00001fa1  MotionMain                        
000021b1  MotionCallback                    
000022b5  RGBInit                           
000023b5  __aeabi_dmul                      
000025a5  I2CMIntHandler                    
0000277d  USBDHIDCompositeInit              
0000285d  ZIDConfigParams                   
00002939  GestureUpdate                     
00002a11  USBDeviceEnumHandler              
00002ae9  USBDCompositeInit                 
00002c81  RGBEnable                         
00002dfd  asinf                             
00002eb1  CompDCMStart                      
00002f61  UARTStdioConfig                   
00003011  UARTwrite                         
000030b9  _FAtan                            
00003207  __aeabi_idiv0                     
00003209  MPU9150DataMagnetoGetFloat        
000032a5  MPU9150Write                      
00003341  MouseMoveHandler                  
000033dd  USBDHIDKeyboardCompositeInit      
00003479  __aeabi_memcpy                    
00003479  __aeabi_memcpy4                   
00003479  __aeabi_memcpy8                   
00003479  memcpy                            
000035ad  LPRFInit                          
000036dd  RemoTIUARTIntHandler              
00003771  KeyboardHandler                   
00003801  RGBColorSet                       
00003921  ButtonsPoll                       
00003a39  USBDeviceConfigAlternate          
00003ac5  I2CMCommand                       
00003b4d  KeyboardMain                      
00003bd5  MotionErrorHandler                
00003c5d  MotionKeyboardGet                 
00003d6d  USBDHIDKeyboardKeyStateChange     
00003df3  __aeabi_cdcmpeq                   
00003df3  __aeabi_cdcmple                   
00003e79  __aeabi_cdrcmple                  
00003f01  USBDHIDMouseCompositeInit         
00004000  __STACK_SIZE                      
00004009  uDMAChannelTransferSet            
0000408d  RTI_InitCnf                       
0000418d  GestureInit                       
00004209  MPU9150DataAccelGetFloat          
00004285  MPU9150DataGyroGetFloat           
00004301  USBDevEndpointConfigSet           
0000437b  __aeabi_memclr                    
0000437b  __aeabi_memclr4                   
0000437b  __aeabi_memclr8                   
0000437d  __aeabi_memset                    
0000437d  __aeabi_memset4                   
0000437d  __aeabi_memset8                   
00004383  memset                            
000044e5  NPI_SendSynchData                 
000046a9  __aeabi_d2f                       
00004719  MPU9150Init                       
000047f1  __TI_auto_init                    
000048c9  ButtonsInit                       
00004931  IntDisable                        
00004999  IntEnable                         
00004a01  RGBDisable                        
00004a69  RemoTIUARTInit                    
00004ad1  ConfigureUART                     
00004c61  IntIsEnabled                      
00004cc5  MouseHandler                      
00004d29  RemoTIUARTGetMsg                  
00004eb1  MPU9150DataRead                   
00004f71  RTI_AsynchMsgProcess              
00004fd1  RTI_SendDataReq                   
000050ef  USBDevEndpointStatusClear         
000051a9  MotionMouseGet                    
00005257  VectorCrossProduct                
00005305  GestureNormalize                  
00005359  I2CMWrite8                        
000053ad  KeyboardStateChange               
00005455  RTI_ReadItemEx                    
000054a9  RemoTIUARTPutMsg                  
000054fd  ZIDResetRNP                       
00005551  ZIDSendMouseReport                
000055a5  ULPIConfigSet                     
00005649  SysCtlPeripheralReset             
00005699  USBDCDConfigDescGet               
000056e9  USBDeviceResumeTickHandler        
00005739  _c_int00                          
000057d5  I2CMasterInitExpClk               
0000586d  USBEndpointDMAConfigSet           
00005905  ZIDSendKeyboardReport             
0000599d  copy_in                           
00005a7d  RTI_WriteItemEx                   
00005ac7  USBDHIDReportWrite                
00005b11  USBDevEndpointStallClear          
00005bed  NPI_MsgWrap                       
00005c7d  USBDeviceEnumResetHandler         
00005cc5  uDMAChannelAttributeDisable       
00005d0d  UARTConfigSetExpClk               
00005d53  USBEndpointDataGet                
00005d99  CompDCMInit                       
00005e65  SysTickIntHandler                 
00005ea9  USBDCDDeviceInfoInit              
00005f31  C$$EXIT                           
00005f35  abort                             
00005f3d  exit                              
00005f75  CompDCMComputeEulers              
00006039  EventHandler                      
000060b9  MotionI2CWait                     
00006139  signal                            
00006179  __aeabi_uidiv                     
00006179  __aeabi_uidivmod                  
00006235  USBDHIDMouseStateChange           
00006275  UARTFlushTx                       
000062b1  USBDCDRemoteWakeupRequest         
00006363  USBFIFOConfigSet                  
000063d5  InternalUSBRegisterTickHandler    
0000640d  InternalUSBStartOfFrameTick       
00006445  RGBBlinkIntHandler                
0000647d  RTI_PairCnf                       
0000655d  USBDCDConfigGetInterfaceEndpoint  
00006595  USBIntStatusControl               
000065cd  __aeabi_f2d                       
00006671  USBEndpointDataPut                
000066dd  I2CMInit                          
00006711  IntGPIOb                          
00006745  SysCtlPeripheralEnable            
00006779  USBEndpointDataSend               
000067e1  feraiseexcept                     
000068ab  USBDevEndpointStall               
000068dd  VectorAdd                         
000069a1  I2CMTransferResume                
000069d1  InternalUSBTickInit               
00006a61  _Feraise                          
00006abf  raise                             
00006b19  KeyboardWaitForSendIdle           
00006b45  MouseWaitForSendIdle              
00006b71  UARTFlushRx                       
00006b9d  USBDescGet                        
00006bc9  _FDclass                          
00006c21  GPIODirModeSet                    
00006c75  USBDCDConfigDescGetNum            
00006c9f  USBDescGetNum                     
00006cc9  USBDevEndpointDataAck             
00006d45  NPI_MsgRxCallback                 
00006d95  USBIntEnableControl               
00006dbd  uDMAChannelModeGet                
00006de5  CompDCMMatrixGet                  
00006e0b  VectorDotProduct                  
00006e31  VectorScale                       
00006e59  NPI_ErrCallback                   
00006e7d  USBEndpointDMADisable             
00006ea1  USBEndpointDMAEnable              
00006ec5  USBStackModeSet                   
00006ee9  sqrtf                             
00006f0d  uDMAChannelControlSet             
00006f97  RTI_InitReq                       
00006fb9  RTI_PairReq                       
0000705d  NPI_Init                          
0000707d  NPI_SendAsynchData                
0000709d  RTI_AsynchMsgCallback             
000070bd  RTI_DisableSleepReq               
000070dd  RTI_SendDataCnf                   
000070fd  RingBufAdvanceRead                
0000711d  UARTDisable                       
0000713d  USBULPIRegRead                    
0000715b  USBULPIRegWrite                   
000071cd  RemoTIUARTGetRxMsgCount           
000071e9  RemoTIUARTRegisterErrCallback     
00007205  RemoTIUARTRegisterMsgRxCallback   
00007221  RingBufRead                       
0000723d  RingBufWrite                      
00007259  USBDCDConfigGetInterface          
00007275  USBDCDStallEP0                    
00007291  USBEndpointDataAvail              
000072e1  UARTprintf                        
000072fb  USBDCDConfigDescGetSize           
00007315  USBEndpointDMAChannel             
00007361  USB0DeviceIntHandler              
000073a9  _args_main                        
000073c1  uDMAChannelDisable                
000073d9  uDMAChannelEnable                 
000073f1  RingBufReadOne                    
00007407  RingBufUsed                       
0000741d  USBIntEnableEndpoint              
00007435  RTI_DisableSleepCnf               
00007449  RTI_PairAbortCnf                  
0000745d  SysCtlUSBPLLEnable                
00007471  UARTEnable                        
00007485  USBDCDRequestDataEP0              
00007499  USBDCDSendDataEP0                 
000074ad  USBDMAChannelConfigSet            
000074c1  USBHostResume                     
000074e9  _register_unlock                  
000074ef  _register_lock                    
000074f7  _nop                              
000074fd  GPIOPinTypeI2CSCL                 
00007533  USBDMAChannelDisable              
00007545  USBDMAChannelEnable               
00007557  USBDMAChannelIntDisable           
00007569  USBDMAChannelIntEnable            
0000757d  FPULazyStackingEnable             
0000758d  IntMasterDisable                  
0000759d  IntMasterEnable                   
000075ad  RingBufWriteOne                   
000075bd  USBEndpointStatus                 
000075cd  CompDCMAccelUpdate                
000075db  CompDCMGyroUpdate                 
000075e9  CompDCMMagnetoUpdate              
00007605  GPIOIntStatus                     
00007621  UARTCharGetNonBlocking            
0000762f  UARTCharPutNonBlocking            
0000763d  USBDHIDTxPacketAvailable          
0000764b  USBDMAChannelStatus               
00007659  USBDevLPMDisable                  
00007667  USBDevLPMEnable                   
00007675  USBULPIDisable                    
00007683  USBULPIEnable                     
00007691  __TI_decompress_none              
0000769f  CPUcpsid                          
000076ab  CPUcpsie                          
000076b7  GPIOIntEnable                     
000076c5  IntTrigger                        
000076d1  MotionI2CIntHandler               
000076dd  RTI_Init                          
000076e9  RingBufInit                       
000076f5  USBEndpointPacketCountSet         
00007701  USBLPMIntEnable                   
0000770d  __TI_zero_init                    
00007719  I2CMasterEnable                   
00007723  UARTFIFODisable                   
0000772d  UARTIntDisable                    
00007737  UARTIntStatus                     
00007741  USBClockEnable                    
0000774b  USBControllerVersion              
00007755  USBDMAChannelAddressSet           
0000775f  USBDMAChannelCountSet             
00007769  USBDevConnect                     
00007773  USBDevDisconnect                  
0000777d  USBIntStatusEndpoint              
00007787  I2CMasterIntClear                 
0000778f  I2CMasterIntEnableEx              
00007797  I2CMasterSlaveAddrSet             
0000779f  UARTIntEnable                     
000077a7  USBDevMode                        
000077af  USBFIFOAddrGet                    
000077b7  USBOTGMode                        
000077cf  GPIOIntClear                      
000077d5  ResetISR                          
000077db  SysCtlDelay                       
000077e1  UARTClockSourceSet                
000077e7  UARTFIFOLevelSet                  
000077ed  USBDHIDKeyboardRemoteWakeupRequest
000077f3  USBDHIDRemoteWakeupRequest        
000077f9  USBDMAChannelIntStatus            
000077ff  USBDevLPMConfig                   
00007805  USBLPMIntStatus                   
0000780b  __TI_decompress_rle24             
0000781f  I2CMasterControl                  
00007823  I2CMasterDataGet                  
00007827  I2CMasterDataPut                  
0000782b  UARTIntClear                      
0000782f  USBDevAddrSet                     
00007833  _system_pre_init                  
00007838  g_ppfEmitProb                     
000078fc  g_ppfTransitionProb               
00007baa  g_pui8LangDescriptor              
00007bae  g_pui8ProductString               
00007bca  g_pui8SerialNumberString          
00007bdc  g_sCompHandlers                   
00007c0c  g_sHIDHandlers                    
00007c48  g_sHIDConfigSection               
00007c50  g_sHIDInterfaceSection            
00007c58  g_sHIDInEndpointSection           
00007c60  g_ppsHIDConfigDescriptors         
00007c90  g_pui8ManufacturerString          
00007cd4  g_pfInitProb                      
00007cf0  pui8DevList                       
00007cf3  pui8ProfileList                   
00007cfa  pucTargetList                     
00007d00  pui8VendorName                    
00007d1c  g_pui8StringDescriptors           
00007d43  g_pui8HIDInEndpoint               
00007e94  __TI_Handler_Table_Base           
00007ea0  __TI_Handler_Table_Limit          
00007ea8  __TI_CINIT_Base                   
00007eb8  __TI_CINIT_Limit                  
20000000  __stack                           
20004000  __STACK_END                       
20004000  __STACK_TOP                       
20004000  g_ppfPath                         
20006000  g_pui8RxBuf                       
20006200  g_pui8TxBuf                       
20006400  pui32ErrLog                       
20006600  g_sI2CInst                        
200068b4  g_sMPU9150Inst                    
20006920  g_sCompDCMInst                    
20006978  g_psDCDInst                       
20006a08  g_pui8DescriptorData              
20006a48  g_sGestureInst                    
20006a80  g_pfnTickHandlers                 
20006a98  g_psCompDevices                   
20006ab0  g_pvTickInstance                  
20006ac8  g_rbRemoTIRxRingBuf               
20006ad8  g_rbRemoTITxRingBuf               
20006ae8  g_pfAccel                         
20006af4  g_pfEulers                        
20006b00  g_pfGyro                          
20006b0c  g_pfMag                           
20006b18  g_pui32RGBColors                  
20006b30  g_sZIDKeys                        
20006b38  g_fAccelMagnitudePrevious         
20006b3c  g_pfnErrCallback                  
20006b40  g_pfnRTIRxCallback                
20006b44  g_pfnRxCallback                   
20006b48  g_pfnTxCallback                   
20006b50  g_ppCompConfigDescriptors         
20006b54  g_ppsDevInfo                      
20006b58  g_ui16RxMsgCount                  
20006b5c  g_ui32Events                      
20006b64  g_ui32RGBLPRFBlinkCounter         
20006b68  g_ui32RGBMotionBlinkCounter       
20006b6c  g_ui32SysTickCount                
20006b70  g_ui32UARTBase                    
20006b78  g_ui32USBFlags                    
20006b7c  g_ui8Buttons                      
20006b80  g_ui8LPRFButtonsPrev              
20006b84  g_ui8MotionState                  
20006b88  g_ui8MouseButtonsPrev             
20006b8c  g_vui8ErrorFlag                   
20006b90  g_vui8LinkState                   
20006b94  g_vui8RTISState                   
20006bad  g_bKeyHold                        
20006bae  g_bModifierHold                   
20006baf  g_bPressed                        
20006bb0  g_bTxBusy                         
20006bb1  g_ui8LinkDestIndex                
20006bb2  g_vbSyncResponse                  
20006c68  g_sKeyboardDevice                 
20006d0c  g_sMouseDevice                    
20006da0  g_sCompDevice                     
20006e20  _FDenorm                          
20006e30  _FEps                             
20006e40  _FInf                             
20006e50  _FNan                             
20006e60  _FSnan                            
20006e70  _FRteps                           
20006e80  _FXbig                            
20006e84  _FZero                            
20006ec0  g_pui8MouseDescriptor             
20006ec9  g_pui8HIDInterface                
20006ed4  g_sHIDDescriptorSection           
20006edc  g_psHIDSections                   
20006eec  g_sHIDConfigHeader                
20006ef4  g_ui16DeadBands                   
20006f37  g_pui8HIDDeviceDescriptor         
20006f4c  g_bUSBTimerInitialized            
20006f50  g_ui32CurrentUSBTick              
20006f54  g_ui32USBSOFCount                 
20006f58  g_iUSBMode                        
20006f5c  g_ui32WaitTicks                   
20006f61  g_eMouseState                     
20006f62  g_eKeyboardState                  
20006f64  _lock                             
20006f68  _unlock                           
20006f6c  __TI_cleanup_ptr                  
20006f70  __TI_dtors_ptr                    
20006f74  _Fenv                             
20006f78  _Tls_setup__Fenv                  
20006f84  _Errno                            
20006f88  main_func_sp                      
ffffffff  __binit__                         
ffffffff  __c_args__                        
ffffffff  binit                             
UNDEFED   SHT$$INIT_ARRAY$$Base             
UNDEFED   SHT$$INIT_ARRAY$$Limit            

[392 symbols]
